MPLINK 5.00, LINKER
Linker Map File - Created Tue Nov 13 18:33:16 2018

                                 Section Info
                  Section       Type    Address   Location Size(Bytes)
                ---------  ---------  ---------  ---------  ---------
               _entry_scn       code   0x000000    program   0x000006
           .code___init.o       code   0x000006    program   0x000002
REMAPPED_HIGH_INTERRUPT_VECTOR       code   0x000008    program   0x000006
.idata_LED_blink_main.o_i    romdata   0x00000e    program   0x000004
REMAPPED_LOW_INTERRUPT_VECTOR       code   0x000018    program   0x000006
                   .cinit    romdata   0x00001e    program   0x00000e
       .code_usb_device.o       code   0x00002c    program   0x000cf0
 .code_usb_function_cdc.o       code   0x000d1c    program   0x0003ec
   .code_LED_blink_main.o       code   0x001108    program   0x000298
.romdata_usb_descriptors.o    romdata   0x0013a0    program   0x0000a9
         .idata_c018i.o_i    romdata   0x001449    program   0x000000
         .romdata_c018i.o    romdata   0x001449    program   0x000000
        .romdata___init.o    romdata   0x001449    program   0x000000
        .idata___init.o_i    romdata   0x001449    program   0x000000
      .romdata_fxd3232u.o    romdata   0x001449    program   0x000000
      .idata_fxd3232u.o_i    romdata   0x001449    program   0x000000
    .idata_usb_device.o_i    romdata   0x001449    program   0x000000
    .romdata_usb_device.o    romdata   0x001449    program   0x000000
.idata_usb_function_cdc.o_i    romdata   0x001449    program   0x000000
.romdata_usb_function_cdc.o    romdata   0x001449    program   0x000000
.idata_usb_descriptors.o_i    romdata   0x001449    program   0x000000
.romdata_LED_blink_main.o    romdata   0x001449    program   0x000000
            .code_c018i.o       code   0x00144a    program   0x000000
  .code_usb_descriptors.o       code   0x00144a    program   0x000000
               _cinit_scn       code   0x00144a    program   0x00009e
         .code_fxd3232u.o       code   0x0014e8    program   0x000048
                   STRING       code   0x001530    program   0x000034
                    .code       code   0x001564    program   0x000020
             _startup_scn       code   0x001584    program   0x00001c
.config_300000_LED_blink_main.o    romdata   0x300000    program   0x000001
.config_300001_LED_blink_main.o    romdata   0x300001    program   0x000001
.config_300002_LED_blink_main.o    romdata   0x300002    program   0x000001
.config_300003_LED_blink_main.o    romdata   0x300003    program   0x000001
.config_300005_LED_blink_main.o    romdata   0x300005    program   0x000001
.config_300006_LED_blink_main.o    romdata   0x300006    program   0x000001
                MATH_DATA      udata   0x000000       data   0x000010
                 .tmpdata      udata   0x000010       data   0x000008
                   .stack      udata   0x000300       data   0x000100
                  USB_BDT      udata   0x000400       data   0x000040
            USB_VARIABLES      udata   0x000500       data   0x00008f
      .udata_usb_device.o      udata   0x00058f       data   0x000034
.udata_usb_function_cdc.o      udata   0x0005c3       data   0x000019
           .udata_c018i.o      udata   0x0005dc       data   0x00000a
  .udata_LED_blink_main.o      udata   0x0005e6       data   0x000004
  .idata_LED_blink_main.o      idata   0x0005ea       data   0x000004
      .idata_usb_device.o      idata   0x0005ee       data   0x000000
 .idata_usb_descriptors.o      idata   0x0005ee       data   0x000000
.idata_usb_function_cdc.o      idata   0x0005ee       data   0x000000
 .udata_usb_descriptors.o      udata   0x0005ee       data   0x000000
        .udata_fxd3232u.o      udata   0x0005ee       data   0x000000
        .idata_fxd3232u.o      idata   0x0005ee       data   0x000000
          .udata___init.o      udata   0x0005ee       data   0x000000
          .idata___init.o      idata   0x0005ee       data   0x000000
           .idata_c018i.o      idata   0x0005ee       data   0x000000
            SFR_UNBANKED0      udata   0x000f66       data   0x00009a



                              Program Memory Usage 
                               Start         End      
                           ---------   ---------      
                            0x000000    0x000011      
                            0x000018    0x001448      
                            0x00144a    0x00159f      
                            0x300000    0x300003      
                            0x300005    0x300006      
            5535 out of 33048 program addresses used, program memory utilization is 16%



                              Symbols - Sorted by Name
                     Name    Address   Location    Storage File                     
                ---------  ---------  ---------  --------- ---------                
                CDCInitEP   0x000dbc    program     extern C:\Users\Tanii_Lab\Documents\Microchip\USB\CDC Device Driver\usb_function_cdc.c
             CDCTxService   0x000f5c    program     extern C:\Users\Tanii_Lab\Documents\Microchip\USB\CDC Device Driver\usb_function_cdc.c
                 FXD3232U   0x0014e8    program     extern E:\3.46\pic18-lt\cxx-framework\src\traditional\math\fxd3232u.c
        Remapped_High_ISR   0x000008    program     extern C:\Users\Tanii_Lab\Documents\GitHub\hattori_sens\PIC\E-defense_LED_blink.X\LED_blink_main.c
         Remapped_Low_ISR   0x000018    program     extern C:\Users\Tanii_Lab\Documents\GitHub\hattori_sens\PIC\E-defense_LED_blink.X\LED_blink_main.c
       USBCBCheckOtherReq   0x0012ba    program     extern C:\Users\Tanii_Lab\Documents\GitHub\hattori_sens\PIC\E-defense_LED_blink.X\LED_blink_main.c
        USBCBErrorHandler   0x0012b8    program     extern C:\Users\Tanii_Lab\Documents\GitHub\hattori_sens\PIC\E-defense_LED_blink.X\LED_blink_main.c
              USBCBInitEP   0x0012c0    program     extern C:\Users\Tanii_Lab\Documents\GitHub\hattori_sens\PIC\E-defense_LED_blink.X\LED_blink_main.c
          USBCBSendResume   0x0012c4    program     extern C:\Users\Tanii_Lab\Documents\GitHub\hattori_sens\PIC\E-defense_LED_blink.X\LED_blink_main.c
    USBCBStdSetDscHandler   0x0012be    program     extern C:\Users\Tanii_Lab\Documents\GitHub\hattori_sens\PIC\E-defense_LED_blink.X\LED_blink_main.c
             USBCBSuspend   0x0012b2    program     extern C:\Users\Tanii_Lab\Documents\GitHub\hattori_sens\PIC\E-defense_LED_blink.X\LED_blink_main.c
     USBCBWakeFromSuspend   0x0012b4    program     extern C:\Users\Tanii_Lab\Documents\GitHub\hattori_sens\PIC\E-defense_LED_blink.X\LED_blink_main.c
        USBCB_SOF_Handler   0x0012b6    program     extern C:\Users\Tanii_Lab\Documents\GitHub\hattori_sens\PIC\E-defense_LED_blink.X\LED_blink_main.c
       USBCDCEventHandler   0x000e00    program     extern C:\Users\Tanii_Lab\Documents\Microchip\USB\CDC Device Driver\usb_function_cdc.c
              USBCancelIO   0x000a36    program     extern C:\Users\Tanii_Lab\Documents\Microchip\USB\usb_device.c
       USBCheckCDCRequest   0x000d1c    program     extern C:\Users\Tanii_Lab\Documents\Microchip\USB\CDC Device Driver\usb_function_cdc.c
       USBCheckStdRequest   0x0003ae    program     static C:\Users\Tanii_Lab\Documents\Microchip\USB\usb_device.c
     USBConfigureEndpoint   0x000908    program     static C:\Users\Tanii_Lab\Documents\Microchip\USB\usb_device.c
  USBCtrlEPAllowDataStage   0x0005cc    program     extern C:\Users\Tanii_Lab\Documents\Microchip\USB\usb_device.c
USBCtrlEPAllowStatusStage   0x000582    program     extern C:\Users\Tanii_Lab\Documents\Microchip\USB\usb_device.c
         USBCtrlEPService   0x000240    program     static C:\Users\Tanii_Lab\Documents\Microchip\USB\usb_device.c
 USBCtrlEPServiceComplete   0x0006f6    program     static C:\Users\Tanii_Lab\Documents\Microchip\USB\usb_device.c
      USBCtrlTrfInHandler   0x000338    program     static C:\Users\Tanii_Lab\Documents\Microchip\USB\usb_device.c
     USBCtrlTrfOutHandler   0x00031a    program     static C:\Users\Tanii_Lab\Documents\Microchip\USB\usb_device.c
      USBCtrlTrfRxService   0x0007ce    program     static C:\Users\Tanii_Lab\Documents\Microchip\USB\usb_device.c
   USBCtrlTrfSetupHandler   0x0002e0    program     static C:\Users\Tanii_Lab\Documents\Microchip\USB\usb_device.c
      USBCtrlTrfTxService   0x000750    program     static C:\Users\Tanii_Lab\Documents\Microchip\USB\usb_device.c
          USBDeviceAttach   0x000a6c    program     extern C:\Users\Tanii_Lab\Documents\Microchip\USB\usb_device.c
          USBDeviceDetach   0x000a62    program     extern C:\Users\Tanii_Lab\Documents\Microchip\USB\usb_device.c
            USBDeviceInit   0x00002c    program     extern C:\Users\Tanii_Lab\Documents\Microchip\USB\usb_device.c
           USBDeviceTasks   0x0000cc    program     extern C:\Users\Tanii_Lab\Documents\Microchip\USB\usb_device.c
        USBEnableEndpoint   0x000962    program     extern C:\Users\Tanii_Lab\Documents\Microchip\USB\usb_device.c
         USBStallEndpoint   0x00099e    program     extern C:\Users\Tanii_Lab\Documents\Microchip\USB\usb_device.c
          USBStallHandler   0x0001e8    program     static C:\Users\Tanii_Lab\Documents\Microchip\USB\usb_device.c
  USBStdFeatureReqHandler   0x000456    program     static C:\Users\Tanii_Lab\Documents\Microchip\USB\usb_device.c
      USBStdGetDscHandler   0x000606    program     static C:\Users\Tanii_Lab\Documents\Microchip\USB\usb_device.c
   USBStdGetStatusHandler   0x000680    program     static C:\Users\Tanii_Lab\Documents\Microchip\USB\usb_device.c
      USBStdSetCfgHandler   0x000896    program     static C:\Users\Tanii_Lab\Documents\Microchip\USB\usb_device.c
               USBSuspend   0x00020e    program     static C:\Users\Tanii_Lab\Documents\Microchip\USB\usb_device.c
     USBTransferOnePacket   0x0009c2    program     extern C:\Users\Tanii_Lab\Documents\Microchip\USB\usb_device.c
       USBWakeFromSuspend   0x000224    program     static C:\Users\Tanii_Lab\Documents\Microchip\USB\usb_device.c
               USB_CD_Ptr   0x001441    program     extern C:\Users\Tanii_Lab\Documents\GitHub\hattori_sens\PIC\E-defense_LED_blink.X\usb_descriptors.c
               USB_SD_Ptr   0x001443    program     extern C:\Users\Tanii_Lab\Documents\GitHub\hattori_sens\PIC\E-defense_LED_blink.X\usb_descriptors.c
USER_USB_CALLBACK_EVENT_HANDLER   0x00130c    program     extern C:\Users\Tanii_Lab\Documents\GitHub\hattori_sens\PIC\E-defense_LED_blink.X\LED_blink_main.c
  YourHighPriorityISRCode   0x001108    program     extern C:\Users\Tanii_Lab\Documents\GitHub\hattori_sens\PIC\E-defense_LED_blink.X\LED_blink_main.c
   YourLowPriorityISRCode   0x00119e    program     extern C:\Users\Tanii_Lab\Documents\GitHub\hattori_sens\PIC\E-defense_LED_blink.X\LED_blink_main.c
              _2jContinue   0x001550    program     static E:\3.46\pic18-lt\cxx-framework\src\traditional\stdclib\memset.asm
                   _3jEnd   0x00155a    program     static E:\3.46\pic18-lt\cxx-framework\src\traditional\stdclib\memset.asm
          ___for_lbl00005   0x0011dc    program     static                          
          ___for_lbl00006   0x0011e6    program     static                          
          ___for_lbl00007   0x0011c6    program     static                          
           ___if_lbl00010   0x001200    program     static                          
       ___return_lbl00000   0x00000c    program     static                          
       ___return_lbl00000   0x00152e    program     static                          
       ___return_lbl00000   0x000004    program     static                          
       ___return_lbl00001   0x00001c    program     static                          
       ___return_lbl00001   0x00159e    program     static                          
       ___return_lbl00002   0x0014e6    program     static                          
       ___return_lbl00004   0x001202    program     static                          
        ___while_lbl00008   0x0011f6    program     static                          
        ___while_lbl00009   0x001202    program     static                          
               __config_0   0x300000    program     static C:\Users\Tanii_Lab\Documents\GitHub\hattori_sens\PIC\E-defense_LED_blink.X\LED_blink_main.c
               __config_1   0x300001    program     static C:\Users\Tanii_Lab\Documents\GitHub\hattori_sens\PIC\E-defense_LED_blink.X\LED_blink_main.c
               __config_2   0x300002    program     static C:\Users\Tanii_Lab\Documents\GitHub\hattori_sens\PIC\E-defense_LED_blink.X\LED_blink_main.c
               __config_3   0x300003    program     static C:\Users\Tanii_Lab\Documents\GitHub\hattori_sens\PIC\E-defense_LED_blink.X\LED_blink_main.c
               __config_4   0x300005    program     static C:\Users\Tanii_Lab\Documents\GitHub\hattori_sens\PIC\E-defense_LED_blink.X\LED_blink_main.c
               __config_5   0x300006    program     static C:\Users\Tanii_Lab\Documents\GitHub\hattori_sens\PIC\E-defense_LED_blink.X\LED_blink_main.c
                   __init   0x000006    program     extern E:\3.46\pic18-lt\cxx-framework\src\traditional\stdclib\__init.c
                   __pa_0   0x000a90    program     static C:\Users\Tanii_Lab\Documents\Microchip\USB\usb_device.c
                   __pa_0   0x00103e    program     static C:\Users\Tanii_Lab\Documents\Microchip\USB\CDC Device Driver\usb_function_cdc.c
                   __pa_1   0x000a98    program     static C:\Users\Tanii_Lab\Documents\Microchip\USB\usb_device.c
                   __pa_1   0x001058    program     static C:\Users\Tanii_Lab\Documents\Microchip\USB\CDC Device Driver\usb_function_cdc.c
                  __pa_10   0x0010da    program     static C:\Users\Tanii_Lab\Documents\Microchip\USB\CDC Device Driver\usb_function_cdc.c
                  __pa_10   0x000af6    program     static C:\Users\Tanii_Lab\Documents\Microchip\USB\usb_device.c
                  __pa_11   0x0010ec    program     static C:\Users\Tanii_Lab\Documents\Microchip\USB\CDC Device Driver\usb_function_cdc.c
                  __pa_11   0x000b0a    program     static C:\Users\Tanii_Lab\Documents\Microchip\USB\usb_device.c
                  __pa_12   0x0010fa    program     static C:\Users\Tanii_Lab\Documents\Microchip\USB\CDC Device Driver\usb_function_cdc.c
                  __pa_12   0x000b14    program     static C:\Users\Tanii_Lab\Documents\Microchip\USB\usb_device.c
                  __pa_13   0x000b34    program     static C:\Users\Tanii_Lab\Documents\Microchip\USB\usb_device.c
                  __pa_14   0x000b48    program     static C:\Users\Tanii_Lab\Documents\Microchip\USB\usb_device.c
                  __pa_15   0x000b5a    program     static C:\Users\Tanii_Lab\Documents\Microchip\USB\usb_device.c
                  __pa_16   0x000b66    program     static C:\Users\Tanii_Lab\Documents\Microchip\USB\usb_device.c
                  __pa_17   0x000b80    program     static C:\Users\Tanii_Lab\Documents\Microchip\USB\usb_device.c
                  __pa_18   0x000b8c    program     static C:\Users\Tanii_Lab\Documents\Microchip\USB\usb_device.c
                  __pa_19   0x000b98    program     static C:\Users\Tanii_Lab\Documents\Microchip\USB\usb_device.c
                   __pa_2   0x000aa2    program     static C:\Users\Tanii_Lab\Documents\Microchip\USB\usb_device.c
                   __pa_2   0x001068    program     static C:\Users\Tanii_Lab\Documents\Microchip\USB\CDC Device Driver\usb_function_cdc.c
                  __pa_20   0x000ba0    program     static C:\Users\Tanii_Lab\Documents\Microchip\USB\usb_device.c
                  __pa_21   0x000ba8    program     static C:\Users\Tanii_Lab\Documents\Microchip\USB\usb_device.c
                  __pa_22   0x000bb4    program     static C:\Users\Tanii_Lab\Documents\Microchip\USB\usb_device.c
                  __pa_23   0x000bc4    program     static C:\Users\Tanii_Lab\Documents\Microchip\USB\usb_device.c
                  __pa_24   0x000bd4    program     static C:\Users\Tanii_Lab\Documents\Microchip\USB\usb_device.c
                  __pa_25   0x000be2    program     static C:\Users\Tanii_Lab\Documents\Microchip\USB\usb_device.c
                  __pa_26   0x000bf0    program     static C:\Users\Tanii_Lab\Documents\Microchip\USB\usb_device.c
                  __pa_27   0x000bfe    program     static C:\Users\Tanii_Lab\Documents\Microchip\USB\usb_device.c
                  __pa_28   0x000c0c    program     static C:\Users\Tanii_Lab\Documents\Microchip\USB\usb_device.c
                  __pa_29   0x000c1a    program     static C:\Users\Tanii_Lab\Documents\Microchip\USB\usb_device.c
                   __pa_3   0x00107a    program     static C:\Users\Tanii_Lab\Documents\Microchip\USB\CDC Device Driver\usb_function_cdc.c
                   __pa_3   0x000aaa    program     static C:\Users\Tanii_Lab\Documents\Microchip\USB\usb_device.c
                  __pa_30   0x000c28    program     static C:\Users\Tanii_Lab\Documents\Microchip\USB\usb_device.c
                  __pa_31   0x000c32    program     static C:\Users\Tanii_Lab\Documents\Microchip\USB\usb_device.c
                  __pa_32   0x000c4a    program     static C:\Users\Tanii_Lab\Documents\Microchip\USB\usb_device.c
                  __pa_33   0x000c56    program     static C:\Users\Tanii_Lab\Documents\Microchip\USB\usb_device.c
                  __pa_34   0x000c5e    program     static C:\Users\Tanii_Lab\Documents\Microchip\USB\usb_device.c
                  __pa_35   0x000c72    program     static C:\Users\Tanii_Lab\Documents\Microchip\USB\usb_device.c
                  __pa_36   0x000c80    program     static C:\Users\Tanii_Lab\Documents\Microchip\USB\usb_device.c
                  __pa_37   0x000c8a    program     static C:\Users\Tanii_Lab\Documents\Microchip\USB\usb_device.c
                  __pa_38   0x000c94    program     static C:\Users\Tanii_Lab\Documents\Microchip\USB\usb_device.c
                  __pa_39   0x000c9c    program     static C:\Users\Tanii_Lab\Documents\Microchip\USB\usb_device.c
                   __pa_4   0x000ab4    program     static C:\Users\Tanii_Lab\Documents\Microchip\USB\usb_device.c
                   __pa_4   0x001094    program     static C:\Users\Tanii_Lab\Documents\Microchip\USB\CDC Device Driver\usb_function_cdc.c
                  __pa_40   0x000ca2    program     static C:\Users\Tanii_Lab\Documents\Microchip\USB\usb_device.c
                  __pa_41   0x000cb2    program     static C:\Users\Tanii_Lab\Documents\Microchip\USB\usb_device.c
                  __pa_42   0x000cb8    program     static C:\Users\Tanii_Lab\Documents\Microchip\USB\usb_device.c
                  __pa_43   0x000cc6    program     static C:\Users\Tanii_Lab\Documents\Microchip\USB\usb_device.c
                  __pa_44   0x000cd4    program     static C:\Users\Tanii_Lab\Documents\Microchip\USB\usb_device.c
                  __pa_45   0x000ce2    program     static C:\Users\Tanii_Lab\Documents\Microchip\USB\usb_device.c
                  __pa_46   0x000cec    program     static C:\Users\Tanii_Lab\Documents\Microchip\USB\usb_device.c
                  __pa_47   0x000cf6    program     static C:\Users\Tanii_Lab\Documents\Microchip\USB\usb_device.c
                  __pa_48   0x000cfe    program     static C:\Users\Tanii_Lab\Documents\Microchip\USB\usb_device.c
                  __pa_49   0x000d0a    program     static C:\Users\Tanii_Lab\Documents\Microchip\USB\usb_device.c
                   __pa_5   0x000abe    program     static C:\Users\Tanii_Lab\Documents\Microchip\USB\usb_device.c
                   __pa_5   0x00109e    program     static C:\Users\Tanii_Lab\Documents\Microchip\USB\CDC Device Driver\usb_function_cdc.c
                  __pa_50   0x000d14    program     static C:\Users\Tanii_Lab\Documents\Microchip\USB\usb_device.c
                   __pa_6   0x0010a6    program     static C:\Users\Tanii_Lab\Documents\Microchip\USB\CDC Device Driver\usb_function_cdc.c
                   __pa_6   0x000ac8    program     static C:\Users\Tanii_Lab\Documents\Microchip\USB\usb_device.c
                   __pa_7   0x0010b4    program     static C:\Users\Tanii_Lab\Documents\Microchip\USB\CDC Device Driver\usb_function_cdc.c
                   __pa_7   0x000ad0    program     static C:\Users\Tanii_Lab\Documents\Microchip\USB\usb_device.c
                   __pa_8   0x0010c2    program     static C:\Users\Tanii_Lab\Documents\Microchip\USB\CDC Device Driver\usb_function_cdc.c
                   __pa_8   0x000ae0    program     static C:\Users\Tanii_Lab\Documents\Microchip\USB\usb_device.c
                   __pa_9   0x0010d0    program     static C:\Users\Tanii_Lab\Documents\Microchip\USB\CDC Device Driver\usb_function_cdc.c
                   __pa_9   0x000aea    program     static C:\Users\Tanii_Lab\Documents\Microchip\USB\usb_device.c
              __tmplbl_10   0x0011d2    program     static                          
              __tmplbl_24   0x000ac8    program     static                          
              __tmplbl_33   0x000ac8    program     static                          
              __tmplbl_36   0x000ac8    program     static                          
            __zero_memory   0x001564    program     extern E:\3.46\pic18-lt\cxx-framework\src\traditional\proc\p18f2553.asm
                _do_cinit   0x00144a    program     extern E:\3.46\pic18-lt\cxx-framework\src\traditional\startup\c018i.c
                   _entry   0x000000    program     extern E:\3.46\pic18-lt\cxx-framework\src\traditional\startup\c018i.c
                   _false   0x00152a    program     static                          
                 _startup   0x001584    program     extern E:\3.46\pic18-lt\cxx-framework\src\traditional\startup\c018i.c
                compare_l   0x00157a    program     static E:\3.46\pic18-lt\cxx-framework\src\traditional\proc\p18f2553.asm
        configDescriptor1   0x0013b2    program     extern C:\Users\Tanii_Lab\Documents\GitHub\hattori_sens\PIC\E-defense_LED_blink.X\usb_descriptors.c
                copy_loop   0x0014bc    program     static                          
            copy_one_byte   0x0014c2    program     static                          
               device_dsc   0x0013a0    program     extern C:\Users\Tanii_Lab\Documents\GitHub\hattori_sens\PIC\E-defense_LED_blink.X\usb_descriptors.c
                     done   0x0014e6    program     static                          
             done_copying   0x0014d0    program     static                          
             getsUSBUSART   0x000e3c    program     extern C:\Users\Tanii_Lab\Documents\Microchip\USB\CDC Device Driver\usb_function_cdc.c
                     jEnd   0x001562    program     static E:\3.46\pic18-lt\cxx-framework\src\traditional\stdclib\memset.asm
                    jLoop   0x001544    program     static E:\3.46\pic18-lt\cxx-framework\src\traditional\stdclib\memset.asm
                     loop   0x001594    program     static                          
                     loop   0x0014f6    program     static                          
                   loop_h   0x001572    program     static E:\3.46\pic18-lt\cxx-framework\src\traditional\proc\p18f2553.asm
                   loop_l   0x00157c    program     static E:\3.46\pic18-lt\cxx-framework\src\traditional\proc\p18f2553.asm
                     main   0x0011c0    program     extern C:\Users\Tanii_Lab\Documents\GitHub\hattori_sens\PIC\E-defense_LED_blink.X\LED_blink_main.c
                   memset   0x001530    program     extern E:\3.46\pic18-lt\cxx-framework\src\traditional\stdclib\memset.asm
   mySetLineCodingHandler   0x001204    program     extern C:\Users\Tanii_Lab\Documents\GitHub\hattori_sens\PIC\E-defense_LED_blink.X\LED_blink_main.c
              putUSBUSART   0x000eba    program     extern C:\Users\Tanii_Lab\Documents\Microchip\USB\CDC Device Driver\usb_function_cdc.c
            putrsUSBUSART   0x000f18    program     extern C:\Users\Tanii_Lab\Documents\Microchip\USB\CDC Device Driver\usb_function_cdc.c
             putsUSBUSART   0x000ed6    program     extern C:\Users\Tanii_Lab\Documents\Microchip\USB\CDC Device Driver\usb_function_cdc.c
                    sd000   0x0013f5    program     extern C:\Users\Tanii_Lab\Documents\GitHub\hattori_sens\PIC\E-defense_LED_blink.X\usb_descriptors.c
                    sd001   0x0013f9    program     extern C:\Users\Tanii_Lab\Documents\GitHub\hattori_sens\PIC\E-defense_LED_blink.X\usb_descriptors.c
                    sd002   0x00142d    program     extern C:\Users\Tanii_Lab\Documents\GitHub\hattori_sens\PIC\E-defense_LED_blink.X\usb_descriptors.c
                     test   0x001464    program     static                          
               zero_block   0x001572    program     static E:\3.46\pic18-lt\cxx-framework\src\traditional\proc\p18f2553.asm
                   ADCON0   0x000fc2       data     extern E:\3.46\pic18-lt\cxx-framework\src\traditional\proc\p18f2553.asm
               ADCON0bits   0x000fc2       data     extern E:\3.46\pic18-lt\cxx-framework\src\traditional\proc\p18f2553.asm
                   ADCON1   0x000fc1       data     extern E:\3.46\pic18-lt\cxx-framework\src\traditional\proc\p18f2553.asm
               ADCON1bits   0x000fc1       data     extern E:\3.46\pic18-lt\cxx-framework\src\traditional\proc\p18f2553.asm
                   ADCON2   0x000fc0       data     extern E:\3.46\pic18-lt\cxx-framework\src\traditional\proc\p18f2553.asm
               ADCON2bits   0x000fc0       data     extern E:\3.46\pic18-lt\cxx-framework\src\traditional\proc\p18f2553.asm
                    ADRES   0x000fc3       data     extern E:\3.46\pic18-lt\cxx-framework\src\traditional\proc\p18f2553.asm
                   ADRESH   0x000fc4       data     extern E:\3.46\pic18-lt\cxx-framework\src\traditional\proc\p18f2553.asm
                   ADRESL   0x000fc3       data     extern E:\3.46\pic18-lt\cxx-framework\src\traditional\proc\p18f2553.asm
                  BAUDCON   0x000fb8       data     extern E:\3.46\pic18-lt\cxx-framework\src\traditional\proc\p18f2553.asm
              BAUDCONbits   0x000fb8       data     extern E:\3.46\pic18-lt\cxx-framework\src\traditional\proc\p18f2553.asm
                  BAUDCTL   0x000fb8       data     extern E:\3.46\pic18-lt\cxx-framework\src\traditional\proc\p18f2553.asm
              BAUDCTLbits   0x000fb8       data     extern E:\3.46\pic18-lt\cxx-framework\src\traditional\proc\p18f2553.asm
                      BDT   0x000400       data     extern C:\Users\Tanii_Lab\Documents\Microchip\USB\usb_device.c
                      BSR   0x000fe0       data     extern E:\3.46\pic18-lt\cxx-framework\src\traditional\proc\p18f2553.asm
              BaudRateGen   0x0005d0       data     extern C:\Users\Tanii_Lab\Documents\Microchip\USB\CDC Device Driver\usb_function_cdc.c
       BothEP0OutUOWNsSet   0x0005b6       data     extern C:\Users\Tanii_Lab\Documents\Microchip\USB\usb_device.c
                   CCP1AS   0x000fb6       data     extern E:\3.46\pic18-lt\cxx-framework\src\traditional\proc\p18f2553.asm
               CCP1ASbits   0x000fb6       data     extern E:\3.46\pic18-lt\cxx-framework\src\traditional\proc\p18f2553.asm
                  CCP1CON   0x000fbd       data     extern E:\3.46\pic18-lt\cxx-framework\src\traditional\proc\p18f2553.asm
              CCP1CONbits   0x000fbd       data     extern E:\3.46\pic18-lt\cxx-framework\src\traditional\proc\p18f2553.asm
                  CCP1DEL   0x000fb7       data     extern E:\3.46\pic18-lt\cxx-framework\src\traditional\proc\p18f2553.asm
              CCP1DELbits   0x000fb7       data     extern E:\3.46\pic18-lt\cxx-framework\src\traditional\proc\p18f2553.asm
                  CCP2CON   0x000fba       data     extern E:\3.46\pic18-lt\cxx-framework\src\traditional\proc\p18f2553.asm
              CCP2CONbits   0x000fba       data     extern E:\3.46\pic18-lt\cxx-framework\src\traditional\proc\p18f2553.asm
                    CCPR1   0x000fbe       data     extern E:\3.46\pic18-lt\cxx-framework\src\traditional\proc\p18f2553.asm
                   CCPR1H   0x000fbf       data     extern E:\3.46\pic18-lt\cxx-framework\src\traditional\proc\p18f2553.asm
                   CCPR1L   0x000fbe       data     extern E:\3.46\pic18-lt\cxx-framework\src\traditional\proc\p18f2553.asm
                    CCPR2   0x000fbb       data     extern E:\3.46\pic18-lt\cxx-framework\src\traditional\proc\p18f2553.asm
                   CCPR2H   0x000fbc       data     extern E:\3.46\pic18-lt\cxx-framework\src\traditional\proc\p18f2553.asm
                   CCPR2L   0x000fbb       data     extern E:\3.46\pic18-lt\cxx-framework\src\traditional\proc\p18f2553.asm
          CDCDataInHandle   0x0005cd       data     extern C:\Users\Tanii_Lab\Documents\Microchip\USB\CDC Device Driver\usb_function_cdc.c
         CDCDataOutHandle   0x0005cb       data     extern C:\Users\Tanii_Lab\Documents\Microchip\USB\CDC Device Driver\usb_function_cdc.c
                    CMCON   0x000fb4       data     extern E:\3.46\pic18-lt\cxx-framework\src\traditional\proc\p18f2553.asm
                CMCONbits   0x000fb4       data     extern E:\3.46\pic18-lt\cxx-framework\src\traditional\proc\p18f2553.asm
                   CVRCON   0x000fb5       data     extern E:\3.46\pic18-lt\cxx-framework\src\traditional\proc\p18f2553.asm
               CVRCONbits   0x000fb5       data     extern E:\3.46\pic18-lt\cxx-framework\src\traditional\proc\p18f2553.asm
              CtrlTrfData   0x000438       data     extern C:\Users\Tanii_Lab\Documents\Microchip\USB\usb_device.c
                     DDRA   0x000f92       data     extern E:\3.46\pic18-lt\cxx-framework\src\traditional\proc\p18f2553.asm
                 DDRAbits   0x000f92       data     extern E:\3.46\pic18-lt\cxx-framework\src\traditional\proc\p18f2553.asm
                     DDRB   0x000f93       data     extern E:\3.46\pic18-lt\cxx-framework\src\traditional\proc\p18f2553.asm
                 DDRBbits   0x000f93       data     extern E:\3.46\pic18-lt\cxx-framework\src\traditional\proc\p18f2553.asm
                     DDRC   0x000f94       data     extern E:\3.46\pic18-lt\cxx-framework\src\traditional\proc\p18f2553.asm
                 DDRCbits   0x000f94       data     extern E:\3.46\pic18-lt\cxx-framework\src\traditional\proc\p18f2553.asm
                  ECCP1AS   0x000fb6       data     extern E:\3.46\pic18-lt\cxx-framework\src\traditional\proc\p18f2553.asm
              ECCP1ASbits   0x000fb6       data     extern E:\3.46\pic18-lt\cxx-framework\src\traditional\proc\p18f2553.asm
                 ECCP1DEL   0x000fb7       data     extern E:\3.46\pic18-lt\cxx-framework\src\traditional\proc\p18f2553.asm
             ECCP1DELbits   0x000fb7       data     extern E:\3.46\pic18-lt\cxx-framework\src\traditional\proc\p18f2553.asm
                    EEADR   0x000fa9       data     extern E:\3.46\pic18-lt\cxx-framework\src\traditional\proc\p18f2553.asm
                   EECON1   0x000fa6       data     extern E:\3.46\pic18-lt\cxx-framework\src\traditional\proc\p18f2553.asm
               EECON1bits   0x000fa6       data     extern E:\3.46\pic18-lt\cxx-framework\src\traditional\proc\p18f2553.asm
                   EECON2   0x000fa7       data     extern E:\3.46\pic18-lt\cxx-framework\src\traditional\proc\p18f2553.asm
                   EEDATA   0x000fa8       data     extern E:\3.46\pic18-lt\cxx-framework\src\traditional\proc\p18f2553.asm
                     FSR0   0x000fe9       data     extern E:\3.46\pic18-lt\cxx-framework\src\traditional\proc\p18f2553.asm
                    FSR0H   0x000fea       data     extern E:\3.46\pic18-lt\cxx-framework\src\traditional\proc\p18f2553.asm
                    FSR0L   0x000fe9       data     extern E:\3.46\pic18-lt\cxx-framework\src\traditional\proc\p18f2553.asm
                     FSR1   0x000fe1       data     extern E:\3.46\pic18-lt\cxx-framework\src\traditional\proc\p18f2553.asm
                    FSR1H   0x000fe2       data     extern E:\3.46\pic18-lt\cxx-framework\src\traditional\proc\p18f2553.asm
                    FSR1L   0x000fe1       data     extern E:\3.46\pic18-lt\cxx-framework\src\traditional\proc\p18f2553.asm
                     FSR2   0x000fd9       data     extern E:\3.46\pic18-lt\cxx-framework\src\traditional\proc\p18f2553.asm
                    FSR2H   0x000fda       data     extern E:\3.46\pic18-lt\cxx-framework\src\traditional\proc\p18f2553.asm
                    FSR2L   0x000fd9       data     extern E:\3.46\pic18-lt\cxx-framework\src\traditional\proc\p18f2553.asm
                  HLVDCON   0x000fd2       data     extern E:\3.46\pic18-lt\cxx-framework\src\traditional\proc\p18f2553.asm
              HLVDCONbits   0x000fd2       data     extern E:\3.46\pic18-lt\cxx-framework\src\traditional\proc\p18f2553.asm
                    INDF0   0x000fef       data     extern E:\3.46\pic18-lt\cxx-framework\src\traditional\proc\p18f2553.asm
                    INDF1   0x000fe7       data     extern E:\3.46\pic18-lt\cxx-framework\src\traditional\proc\p18f2553.asm
                    INDF2   0x000fdf       data     extern E:\3.46\pic18-lt\cxx-framework\src\traditional\proc\p18f2553.asm
                   INTCON   0x000ff2       data     extern E:\3.46\pic18-lt\cxx-framework\src\traditional\proc\p18f2553.asm
                  INTCON2   0x000ff1       data     extern E:\3.46\pic18-lt\cxx-framework\src\traditional\proc\p18f2553.asm
              INTCON2bits   0x000ff1       data     extern E:\3.46\pic18-lt\cxx-framework\src\traditional\proc\p18f2553.asm
                  INTCON3   0x000ff0       data     extern E:\3.46\pic18-lt\cxx-framework\src\traditional\proc\p18f2553.asm
              INTCON3bits   0x000ff0       data     extern E:\3.46\pic18-lt\cxx-framework\src\traditional\proc\p18f2553.asm
               INTCONbits   0x000ff2       data     extern E:\3.46\pic18-lt\cxx-framework\src\traditional\proc\p18f2553.asm
                     IPR1   0x000f9f       data     extern E:\3.46\pic18-lt\cxx-framework\src\traditional\proc\p18f2553.asm
                 IPR1bits   0x000f9f       data     extern E:\3.46\pic18-lt\cxx-framework\src\traditional\proc\p18f2553.asm
                     IPR2   0x000fa2       data     extern E:\3.46\pic18-lt\cxx-framework\src\traditional\proc\p18f2553.asm
                 IPR2bits   0x000fa2       data     extern E:\3.46\pic18-lt\cxx-framework\src\traditional\proc\p18f2553.asm
                     LATA   0x000f89       data     extern E:\3.46\pic18-lt\cxx-framework\src\traditional\proc\p18f2553.asm
                 LATAbits   0x000f89       data     extern E:\3.46\pic18-lt\cxx-framework\src\traditional\proc\p18f2553.asm
                     LATB   0x000f8a       data     extern E:\3.46\pic18-lt\cxx-framework\src\traditional\proc\p18f2553.asm
                 LATBbits   0x000f8a       data     extern E:\3.46\pic18-lt\cxx-framework\src\traditional\proc\p18f2553.asm
                     LATC   0x000f8b       data     extern E:\3.46\pic18-lt\cxx-framework\src\traditional\proc\p18f2553.asm
                 LATCbits   0x000f8b       data     extern E:\3.46\pic18-lt\cxx-framework\src\traditional\proc\p18f2553.asm
                   LVDCON   0x000fd2       data     extern E:\3.46\pic18-lt\cxx-framework\src\traditional\proc\p18f2553.asm
               LVDCONbits   0x000fd2       data     extern E:\3.46\pic18-lt\cxx-framework\src\traditional\proc\p18f2553.asm
                   OSCCON   0x000fd3       data     extern E:\3.46\pic18-lt\cxx-framework\src\traditional\proc\p18f2553.asm
               OSCCONbits   0x000fd3       data     extern E:\3.46\pic18-lt\cxx-framework\src\traditional\proc\p18f2553.asm
                  OSCTUNE   0x000f9b       data     extern E:\3.46\pic18-lt\cxx-framework\src\traditional\proc\p18f2553.asm
              OSCTUNEbits   0x000f9b       data     extern E:\3.46\pic18-lt\cxx-framework\src\traditional\proc\p18f2553.asm
                       PC   0x000ff9       data     extern E:\3.46\pic18-lt\cxx-framework\src\traditional\proc\p18f2553.asm
                      PCL   0x000ff9       data     extern E:\3.46\pic18-lt\cxx-framework\src\traditional\proc\p18f2553.asm
                   PCLATH   0x000ffa       data     extern E:\3.46\pic18-lt\cxx-framework\src\traditional\proc\p18f2553.asm
                   PCLATU   0x000ffb       data     extern E:\3.46\pic18-lt\cxx-framework\src\traditional\proc\p18f2553.asm
                     PIE1   0x000f9d       data     extern E:\3.46\pic18-lt\cxx-framework\src\traditional\proc\p18f2553.asm
                 PIE1bits   0x000f9d       data     extern E:\3.46\pic18-lt\cxx-framework\src\traditional\proc\p18f2553.asm
                     PIE2   0x000fa0       data     extern E:\3.46\pic18-lt\cxx-framework\src\traditional\proc\p18f2553.asm
                 PIE2bits   0x000fa0       data     extern E:\3.46\pic18-lt\cxx-framework\src\traditional\proc\p18f2553.asm
                     PIR1   0x000f9e       data     extern E:\3.46\pic18-lt\cxx-framework\src\traditional\proc\p18f2553.asm
                 PIR1bits   0x000f9e       data     extern E:\3.46\pic18-lt\cxx-framework\src\traditional\proc\p18f2553.asm
                     PIR2   0x000fa1       data     extern E:\3.46\pic18-lt\cxx-framework\src\traditional\proc\p18f2553.asm
                 PIR2bits   0x000fa1       data     extern E:\3.46\pic18-lt\cxx-framework\src\traditional\proc\p18f2553.asm
                   PLUSW0   0x000feb       data     extern E:\3.46\pic18-lt\cxx-framework\src\traditional\proc\p18f2553.asm
                   PLUSW1   0x000fe3       data     extern E:\3.46\pic18-lt\cxx-framework\src\traditional\proc\p18f2553.asm
                   PLUSW2   0x000fdb       data     extern E:\3.46\pic18-lt\cxx-framework\src\traditional\proc\p18f2553.asm
                    PORTA   0x000f80       data     extern E:\3.46\pic18-lt\cxx-framework\src\traditional\proc\p18f2553.asm
                PORTAbits   0x000f80       data     extern E:\3.46\pic18-lt\cxx-framework\src\traditional\proc\p18f2553.asm
                    PORTB   0x000f81       data     extern E:\3.46\pic18-lt\cxx-framework\src\traditional\proc\p18f2553.asm
                PORTBbits   0x000f81       data     extern E:\3.46\pic18-lt\cxx-framework\src\traditional\proc\p18f2553.asm
                    PORTC   0x000f82       data     extern E:\3.46\pic18-lt\cxx-framework\src\traditional\proc\p18f2553.asm
                PORTCbits   0x000f82       data     extern E:\3.46\pic18-lt\cxx-framework\src\traditional\proc\p18f2553.asm
                    PORTE   0x000f84       data     extern E:\3.46\pic18-lt\cxx-framework\src\traditional\proc\p18f2553.asm
                PORTEbits   0x000f84       data     extern E:\3.46\pic18-lt\cxx-framework\src\traditional\proc\p18f2553.asm
                 POSTDEC0   0x000fed       data     extern E:\3.46\pic18-lt\cxx-framework\src\traditional\proc\p18f2553.asm
                 POSTDEC1   0x000fe5       data     extern E:\3.46\pic18-lt\cxx-framework\src\traditional\proc\p18f2553.asm
                 POSTDEC2   0x000fdd       data     extern E:\3.46\pic18-lt\cxx-framework\src\traditional\proc\p18f2553.asm
                 POSTINC0   0x000fee       data     extern E:\3.46\pic18-lt\cxx-framework\src\traditional\proc\p18f2553.asm
                 POSTINC1   0x000fe6       data     extern E:\3.46\pic18-lt\cxx-framework\src\traditional\proc\p18f2553.asm
                 POSTINC2   0x000fde       data     extern E:\3.46\pic18-lt\cxx-framework\src\traditional\proc\p18f2553.asm
                      PR2   0x000fcb       data     extern E:\3.46\pic18-lt\cxx-framework\src\traditional\proc\p18f2553.asm
                  PREINC0   0x000fec       data     extern E:\3.46\pic18-lt\cxx-framework\src\traditional\proc\p18f2553.asm
                  PREINC1   0x000fe4       data     extern E:\3.46\pic18-lt\cxx-framework\src\traditional\proc\p18f2553.asm
                  PREINC2   0x000fdc       data     extern E:\3.46\pic18-lt\cxx-framework\src\traditional\proc\p18f2553.asm
                     PROD   0x000ff3       data     extern E:\3.46\pic18-lt\cxx-framework\src\traditional\proc\p18f2553.asm
                    PRODH   0x000ff4       data     extern E:\3.46\pic18-lt\cxx-framework\src\traditional\proc\p18f2553.asm
                    PRODL   0x000ff3       data     extern E:\3.46\pic18-lt\cxx-framework\src\traditional\proc\p18f2553.asm
                     RCON   0x000fd0       data     extern E:\3.46\pic18-lt\cxx-framework\src\traditional\proc\p18f2553.asm
                 RCONbits   0x000fd0       data     extern E:\3.46\pic18-lt\cxx-framework\src\traditional\proc\p18f2553.asm
                    RCREG   0x000fae       data     extern E:\3.46\pic18-lt\cxx-framework\src\traditional\proc\p18f2553.asm
                    RCSTA   0x000fab       data     extern E:\3.46\pic18-lt\cxx-framework\src\traditional\proc\p18f2553.asm
                RCSTAbits   0x000fab       data     extern E:\3.46\pic18-lt\cxx-framework\src\traditional\proc\p18f2553.asm
             RemoteWakeup   0x0005b2       data     extern C:\Users\Tanii_Lab\Documents\Microchip\USB\usb_device.c
                     SIGN   0x00000e       data     extern E:\3.46\pic18-lt\cxx-framework\src\traditional\math\cmath18.asm
                    SPBRG   0x000faf       data     extern E:\3.46\pic18-lt\cxx-framework\src\traditional\proc\p18f2553.asm
                   SPBRGH   0x000fb0       data     extern E:\3.46\pic18-lt\cxx-framework\src\traditional\proc\p18f2553.asm
                   SSPADD   0x000fc8       data     extern E:\3.46\pic18-lt\cxx-framework\src\traditional\proc\p18f2553.asm
                   SSPBUF   0x000fc9       data     extern E:\3.46\pic18-lt\cxx-framework\src\traditional\proc\p18f2553.asm
                  SSPCON1   0x000fc6       data     extern E:\3.46\pic18-lt\cxx-framework\src\traditional\proc\p18f2553.asm
              SSPCON1bits   0x000fc6       data     extern E:\3.46\pic18-lt\cxx-framework\src\traditional\proc\p18f2553.asm
                  SSPCON2   0x000fc5       data     extern E:\3.46\pic18-lt\cxx-framework\src\traditional\proc\p18f2553.asm
              SSPCON2bits   0x000fc5       data     extern E:\3.46\pic18-lt\cxx-framework\src\traditional\proc\p18f2553.asm
                  SSPSTAT   0x000fc7       data     extern E:\3.46\pic18-lt\cxx-framework\src\traditional\proc\p18f2553.asm
              SSPSTATbits   0x000fc7       data     extern E:\3.46\pic18-lt\cxx-framework\src\traditional\proc\p18f2553.asm
                   STATUS   0x000fd8       data     extern E:\3.46\pic18-lt\cxx-framework\src\traditional\proc\p18f2553.asm
               STATUSbits   0x000fd8       data     extern E:\3.46\pic18-lt\cxx-framework\src\traditional\proc\p18f2553.asm
                   STKPTR   0x000ffc       data     extern E:\3.46\pic18-lt\cxx-framework\src\traditional\proc\p18f2553.asm
               STKPTRbits   0x000ffc       data     extern E:\3.46\pic18-lt\cxx-framework\src\traditional\proc\p18f2553.asm
                 SetupPkt   0x000430       data     extern C:\Users\Tanii_Lab\Documents\Microchip\USB\usb_device.c
                    T0CON   0x000fd5       data     extern E:\3.46\pic18-lt\cxx-framework\src\traditional\proc\p18f2553.asm
                T0CONbits   0x000fd5       data     extern E:\3.46\pic18-lt\cxx-framework\src\traditional\proc\p18f2553.asm
                    T1CON   0x000fcd       data     extern E:\3.46\pic18-lt\cxx-framework\src\traditional\proc\p18f2553.asm
                T1CONbits   0x000fcd       data     extern E:\3.46\pic18-lt\cxx-framework\src\traditional\proc\p18f2553.asm
                    T2CON   0x000fca       data     extern E:\3.46\pic18-lt\cxx-framework\src\traditional\proc\p18f2553.asm
                T2CONbits   0x000fca       data     extern E:\3.46\pic18-lt\cxx-framework\src\traditional\proc\p18f2553.asm
                    T3CON   0x000fb1       data     extern E:\3.46\pic18-lt\cxx-framework\src\traditional\proc\p18f2553.asm
                T3CONbits   0x000fb1       data     extern E:\3.46\pic18-lt\cxx-framework\src\traditional\proc\p18f2553.asm
                   TABLAT   0x000ff5       data     extern E:\3.46\pic18-lt\cxx-framework\src\traditional\proc\p18f2553.asm
                   TBLPTR   0x000ff6       data     extern E:\3.46\pic18-lt\cxx-framework\src\traditional\proc\p18f2553.asm
                  TBLPTRH   0x000ff7       data     extern E:\3.46\pic18-lt\cxx-framework\src\traditional\proc\p18f2553.asm
                  TBLPTRL   0x000ff6       data     extern E:\3.46\pic18-lt\cxx-framework\src\traditional\proc\p18f2553.asm
                  TBLPTRU   0x000ff8       data     extern E:\3.46\pic18-lt\cxx-framework\src\traditional\proc\p18f2553.asm
                    TMR0H   0x000fd7       data     extern E:\3.46\pic18-lt\cxx-framework\src\traditional\proc\p18f2553.asm
                    TMR0L   0x000fd6       data     extern E:\3.46\pic18-lt\cxx-framework\src\traditional\proc\p18f2553.asm
                    TMR1H   0x000fcf       data     extern E:\3.46\pic18-lt\cxx-framework\src\traditional\proc\p18f2553.asm
                    TMR1L   0x000fce       data     extern E:\3.46\pic18-lt\cxx-framework\src\traditional\proc\p18f2553.asm
                     TMR2   0x000fcc       data     extern E:\3.46\pic18-lt\cxx-framework\src\traditional\proc\p18f2553.asm
                    TMR3H   0x000fb3       data     extern E:\3.46\pic18-lt\cxx-framework\src\traditional\proc\p18f2553.asm
                    TMR3L   0x000fb2       data     extern E:\3.46\pic18-lt\cxx-framework\src\traditional\proc\p18f2553.asm
                      TOS   0x000ffd       data     extern E:\3.46\pic18-lt\cxx-framework\src\traditional\proc\p18f2553.asm
                     TOSH   0x000ffe       data     extern E:\3.46\pic18-lt\cxx-framework\src\traditional\proc\p18f2553.asm
                     TOSL   0x000ffd       data     extern E:\3.46\pic18-lt\cxx-framework\src\traditional\proc\p18f2553.asm
                     TOSU   0x000fff       data     extern E:\3.46\pic18-lt\cxx-framework\src\traditional\proc\p18f2553.asm
                    TRISA   0x000f92       data     extern E:\3.46\pic18-lt\cxx-framework\src\traditional\proc\p18f2553.asm
                TRISAbits   0x000f92       data     extern E:\3.46\pic18-lt\cxx-framework\src\traditional\proc\p18f2553.asm
                    TRISB   0x000f93       data     extern E:\3.46\pic18-lt\cxx-framework\src\traditional\proc\p18f2553.asm
                TRISBbits   0x000f93       data     extern E:\3.46\pic18-lt\cxx-framework\src\traditional\proc\p18f2553.asm
                    TRISC   0x000f94       data     extern E:\3.46\pic18-lt\cxx-framework\src\traditional\proc\p18f2553.asm
                TRISCbits   0x000f94       data     extern E:\3.46\pic18-lt\cxx-framework\src\traditional\proc\p18f2553.asm
                    TXREG   0x000fad       data     extern E:\3.46\pic18-lt\cxx-framework\src\traditional\proc\p18f2553.asm
                    TXSTA   0x000fac       data     extern E:\3.46\pic18-lt\cxx-framework\src\traditional\proc\p18f2553.asm
                TXSTAbits   0x000fac       data     extern E:\3.46\pic18-lt\cxx-framework\src\traditional\proc\p18f2553.asm
                    UADDR   0x000f6e       data     extern E:\3.46\pic18-lt\cxx-framework\src\traditional\proc\p18f2553.asm
                UADDRbits   0x000f6e       data     extern E:\3.46\pic18-lt\cxx-framework\src\traditional\proc\p18f2553.asm
                     UCFG   0x000f6f       data     extern E:\3.46\pic18-lt\cxx-framework\src\traditional\proc\p18f2553.asm
                 UCFGbits   0x000f6f       data     extern E:\3.46\pic18-lt\cxx-framework\src\traditional\proc\p18f2553.asm
                     UCON   0x000f6d       data     extern E:\3.46\pic18-lt\cxx-framework\src\traditional\proc\p18f2553.asm
                 UCONbits   0x000f6d       data     extern E:\3.46\pic18-lt\cxx-framework\src\traditional\proc\p18f2553.asm
                     UEIE   0x000f6b       data     extern E:\3.46\pic18-lt\cxx-framework\src\traditional\proc\p18f2553.asm
                 UEIEbits   0x000f6b       data     extern E:\3.46\pic18-lt\cxx-framework\src\traditional\proc\p18f2553.asm
                     UEIR   0x000f6a       data     extern E:\3.46\pic18-lt\cxx-framework\src\traditional\proc\p18f2553.asm
                 UEIRbits   0x000f6a       data     extern E:\3.46\pic18-lt\cxx-framework\src\traditional\proc\p18f2553.asm
                     UEP0   0x000f70       data     extern E:\3.46\pic18-lt\cxx-framework\src\traditional\proc\p18f2553.asm
                 UEP0bits   0x000f70       data     extern E:\3.46\pic18-lt\cxx-framework\src\traditional\proc\p18f2553.asm
                     UEP1   0x000f71       data     extern E:\3.46\pic18-lt\cxx-framework\src\traditional\proc\p18f2553.asm
                    UEP10   0x000f7a       data     extern E:\3.46\pic18-lt\cxx-framework\src\traditional\proc\p18f2553.asm
                UEP10bits   0x000f7a       data     extern E:\3.46\pic18-lt\cxx-framework\src\traditional\proc\p18f2553.asm
                    UEP11   0x000f7b       data     extern E:\3.46\pic18-lt\cxx-framework\src\traditional\proc\p18f2553.asm
                UEP11bits   0x000f7b       data     extern E:\3.46\pic18-lt\cxx-framework\src\traditional\proc\p18f2553.asm
                    UEP12   0x000f7c       data     extern E:\3.46\pic18-lt\cxx-framework\src\traditional\proc\p18f2553.asm
                UEP12bits   0x000f7c       data     extern E:\3.46\pic18-lt\cxx-framework\src\traditional\proc\p18f2553.asm
                    UEP13   0x000f7d       data     extern E:\3.46\pic18-lt\cxx-framework\src\traditional\proc\p18f2553.asm
                UEP13bits   0x000f7d       data     extern E:\3.46\pic18-lt\cxx-framework\src\traditional\proc\p18f2553.asm
                    UEP14   0x000f7e       data     extern E:\3.46\pic18-lt\cxx-framework\src\traditional\proc\p18f2553.asm
                UEP14bits   0x000f7e       data     extern E:\3.46\pic18-lt\cxx-framework\src\traditional\proc\p18f2553.asm
                    UEP15   0x000f7f       data     extern E:\3.46\pic18-lt\cxx-framework\src\traditional\proc\p18f2553.asm
                UEP15bits   0x000f7f       data     extern E:\3.46\pic18-lt\cxx-framework\src\traditional\proc\p18f2553.asm
                 UEP1bits   0x000f71       data     extern E:\3.46\pic18-lt\cxx-framework\src\traditional\proc\p18f2553.asm
                     UEP2   0x000f72       data     extern E:\3.46\pic18-lt\cxx-framework\src\traditional\proc\p18f2553.asm
                 UEP2bits   0x000f72       data     extern E:\3.46\pic18-lt\cxx-framework\src\traditional\proc\p18f2553.asm
                     UEP3   0x000f73       data     extern E:\3.46\pic18-lt\cxx-framework\src\traditional\proc\p18f2553.asm
                 UEP3bits   0x000f73       data     extern E:\3.46\pic18-lt\cxx-framework\src\traditional\proc\p18f2553.asm
                     UEP4   0x000f74       data     extern E:\3.46\pic18-lt\cxx-framework\src\traditional\proc\p18f2553.asm
                 UEP4bits   0x000f74       data     extern E:\3.46\pic18-lt\cxx-framework\src\traditional\proc\p18f2553.asm
                     UEP5   0x000f75       data     extern E:\3.46\pic18-lt\cxx-framework\src\traditional\proc\p18f2553.asm
                 UEP5bits   0x000f75       data     extern E:\3.46\pic18-lt\cxx-framework\src\traditional\proc\p18f2553.asm
                     UEP6   0x000f76       data     extern E:\3.46\pic18-lt\cxx-framework\src\traditional\proc\p18f2553.asm
                 UEP6bits   0x000f76       data     extern E:\3.46\pic18-lt\cxx-framework\src\traditional\proc\p18f2553.asm
                     UEP7   0x000f77       data     extern E:\3.46\pic18-lt\cxx-framework\src\traditional\proc\p18f2553.asm
                 UEP7bits   0x000f77       data     extern E:\3.46\pic18-lt\cxx-framework\src\traditional\proc\p18f2553.asm
                     UEP8   0x000f78       data     extern E:\3.46\pic18-lt\cxx-framework\src\traditional\proc\p18f2553.asm
                 UEP8bits   0x000f78       data     extern E:\3.46\pic18-lt\cxx-framework\src\traditional\proc\p18f2553.asm
                     UEP9   0x000f79       data     extern E:\3.46\pic18-lt\cxx-framework\src\traditional\proc\p18f2553.asm
                 UEP9bits   0x000f79       data     extern E:\3.46\pic18-lt\cxx-framework\src\traditional\proc\p18f2553.asm
                     UFRM   0x000f66       data     extern E:\3.46\pic18-lt\cxx-framework\src\traditional\proc\p18f2553.asm
                    UFRMH   0x000f67       data     extern E:\3.46\pic18-lt\cxx-framework\src\traditional\proc\p18f2553.asm
                UFRMHbits   0x000f67       data     extern E:\3.46\pic18-lt\cxx-framework\src\traditional\proc\p18f2553.asm
                    UFRML   0x000f66       data     extern E:\3.46\pic18-lt\cxx-framework\src\traditional\proc\p18f2553.asm
                UFRMLbits   0x000f66       data     extern E:\3.46\pic18-lt\cxx-framework\src\traditional\proc\p18f2553.asm
                      UIE   0x000f69       data     extern E:\3.46\pic18-lt\cxx-framework\src\traditional\proc\p18f2553.asm
                  UIEbits   0x000f69       data     extern E:\3.46\pic18-lt\cxx-framework\src\traditional\proc\p18f2553.asm
                      UIR   0x000f68       data     extern E:\3.46\pic18-lt\cxx-framework\src\traditional\proc\p18f2553.asm
                  UIRbits   0x000f68       data     extern E:\3.46\pic18-lt\cxx-framework\src\traditional\proc\p18f2553.asm
   USBActiveConfiguration   0x000590       data     extern C:\Users\Tanii_Lab\Documents\Microchip\USB\usb_device.c
    USBAlternateInterface   0x000591       data     extern C:\Users\Tanii_Lab\Documents\Microchip\USB\usb_device.c
        USBBusIsSuspended   0x0005b3       data     extern C:\Users\Tanii_Lab\Documents\Microchip\USB\usb_device.c
USBDeferINDataStagePackets   0x0005c1       data     extern C:\Users\Tanii_Lab\Documents\Microchip\USB\usb_device.c
USBDeferOUTDataStagePackets   0x0005c2       data     extern C:\Users\Tanii_Lab\Documents\Microchip\USB\usb_device.c
USBDeferStatusStagePacket   0x0005be       data     extern C:\Users\Tanii_Lab\Documents\Microchip\USB\usb_device.c
           USBDeviceState   0x00058f       data     extern C:\Users\Tanii_Lab\Documents\Microchip\USB\usb_device.c
USBStatusStageEnabledFlag1   0x0005bf       data     extern C:\Users\Tanii_Lab\Documents\Microchip\USB\usb_device.c
USBStatusStageEnabledFlag2   0x0005c0       data     extern C:\Users\Tanii_Lab\Documents\Microchip\USB\usb_device.c
USBStatusStageTimeoutCounter   0x0005bd       data     extern C:\Users\Tanii_Lab\Documents\Microchip\USB\usb_device.c
                    USTAT   0x000f6c       data     extern E:\3.46\pic18-lt\cxx-framework\src\traditional\proc\p18f2553.asm
                USTATbits   0x000f6c       data     extern E:\3.46\pic18-lt\cxx-framework\src\traditional\proc\p18f2553.asm
                USTATcopy   0x0005b4       data     extern C:\Users\Tanii_Lab\Documents\Microchip\USB\usb_device.c
                   WDTCON   0x000fd1       data     extern E:\3.46\pic18-lt\cxx-framework\src\traditional\proc\p18f2553.asm
               WDTCONbits   0x000fd1       data     extern E:\3.46\pic18-lt\cxx-framework\src\traditional\proc\p18f2553.asm
                     WREG   0x000fe8       data     extern E:\3.46\pic18-lt\cxx-framework\src\traditional\proc\p18f2553.asm
                 __AARGB0   0x000007       data     extern E:\3.46\pic18-lt\cxx-framework\src\traditional\math\aarg.asm
                 __AARGB1   0x000006       data     extern E:\3.46\pic18-lt\cxx-framework\src\traditional\math\aarg.asm
                 __AARGB2   0x000005       data     extern E:\3.46\pic18-lt\cxx-framework\src\traditional\math\aarg.asm
                 __AARGB3   0x000004       data     extern E:\3.46\pic18-lt\cxx-framework\src\traditional\math\aarg.asm
                 __AARGB4   0x000003       data     extern E:\3.46\pic18-lt\cxx-framework\src\traditional\math\aarg.asm
                 __AARGB5   0x000002       data     extern E:\3.46\pic18-lt\cxx-framework\src\traditional\math\aarg.asm
                 __AARGB6   0x000001       data     extern E:\3.46\pic18-lt\cxx-framework\src\traditional\math\aarg.asm
                 __AARGB7   0x000000       data     extern E:\3.46\pic18-lt\cxx-framework\src\traditional\math\aarg.asm
                   __AEXP   0x000008       data     extern E:\3.46\pic18-lt\cxx-framework\src\traditional\math\aarg.asm
                 __BARGB0   0x00000c       data     extern E:\3.46\pic18-lt\cxx-framework\src\traditional\math\barg.asm
                 __BARGB1   0x00000b       data     extern E:\3.46\pic18-lt\cxx-framework\src\traditional\math\barg.asm
                 __BARGB2   0x00000a       data     extern E:\3.46\pic18-lt\cxx-framework\src\traditional\math\barg.asm
                 __BARGB3   0x000009       data     extern E:\3.46\pic18-lt\cxx-framework\src\traditional\math\barg.asm
                   __BEXP   0x00000d       data     extern E:\3.46\pic18-lt\cxx-framework\src\traditional\math\barg.asm
                __FPFLAGS   0x00000f       data     extern E:\3.46\pic18-lt\cxx-framework\src\traditional\math\cmath18.asm
            __FPFLAGSbits   0x00000f       data     extern E:\3.46\pic18-lt\cxx-framework\src\traditional\math\cmath18.asm
                  __REMB0   0x000003       data     extern E:\3.46\pic18-lt\cxx-framework\src\traditional\math\aarg.asm
                  __REMB1   0x000002       data     extern E:\3.46\pic18-lt\cxx-framework\src\traditional\math\aarg.asm
                  __REMB2   0x000001       data     extern E:\3.46\pic18-lt\cxx-framework\src\traditional\math\aarg.asm
                  __REMB3   0x000000       data     extern E:\3.46\pic18-lt\cxx-framework\src\traditional\math\aarg.asm
                  __tmp_0   0x000010       data     static C:\Users\Tanii_Lab\Documents\GitHub\hattori_sens\PIC\E-defense_LED_blink.X\LED_blink_main.c
                  __tmp_0   0x000010       data     static C:\Users\Tanii_Lab\Documents\Microchip\USB\CDC Device Driver\usb_function_cdc.c
                  __tmp_0   0x000010       data     static C:\Users\Tanii_Lab\Documents\Microchip\USB\usb_device.c
              blight_flag   0x0005ec       data     extern C:\Users\Tanii_Lab\Documents\GitHub\hattori_sens\PIC\E-defense_LED_blink.X\LED_blink_main.c
              cdc_data_rx   0x000508       data     extern C:\Users\Tanii_Lab\Documents\Microchip\USB\CDC Device Driver\usb_function_cdc.c
              cdc_data_tx   0x000548       data     extern C:\Users\Tanii_Lab\Documents\Microchip\USB\CDC Device Driver\usb_function_cdc.c
             cdc_mem_type   0x0005ca       data     extern C:\Users\Tanii_Lab\Documents\Microchip\USB\CDC Device Driver\usb_function_cdc.c
               cdc_notice   0x000500       data     extern C:\Users\Tanii_Lab\Documents\Microchip\USB\CDC Device Driver\usb_function_cdc.c
               cdc_rx_len   0x0005c3       data     extern C:\Users\Tanii_Lab\Documents\Microchip\USB\CDC Device Driver\usb_function_cdc.c
            cdc_trf_state   0x0005c4       data     extern C:\Users\Tanii_Lab\Documents\Microchip\USB\CDC Device Driver\usb_function_cdc.c
               cdc_tx_len   0x0005c9       data     extern C:\Users\Tanii_Lab\Documents\Microchip\USB\CDC Device Driver\usb_function_cdc.c
     controlTransferState   0x0005a3       data     extern C:\Users\Tanii_Lab\Documents\Microchip\USB\usb_device.c
    control_signal_bitmap   0x0005cf       data     extern C:\Users\Tanii_Lab\Documents\Microchip\USB\CDC Device Driver\usb_function_cdc.c
                curr_byte   0x0005df       data     static E:\3.46\pic18-lt\cxx-framework\src\traditional\startup\c018i.c
               curr_entry   0x0005e1       data     static E:\3.46\pic18-lt\cxx-framework\src\traditional\startup\c018i.c
                 data_ptr   0x0005e3       data     static E:\3.46\pic18-lt\cxx-framework\src\traditional\startup\c018i.c
              delay_count   0x0005e8       data     static C:\Users\Tanii_Lab\Documents\GitHub\hattori_sens\PIC\E-defense_LED_blink.X\LED_blink_main.c
dummy_encapsulated_cmd_response   0x0005d4       data     extern C:\Users\Tanii_Lab\Documents\Microchip\USB\CDC Device Driver\usb_function_cdc.c
          endpoint_number   0x0005b5       data     extern C:\Users\Tanii_Lab\Documents\Microchip\USB\usb_device.c
               ep_data_in   0x0005b7       data     extern C:\Users\Tanii_Lab\Documents\Microchip\USB\usb_device.c
              ep_data_out   0x0005ba       data     extern C:\Users\Tanii_Lab\Documents\Microchip\USB\usb_device.c
                        i   0x0005e6       data     extern C:\Users\Tanii_Lab\Documents\GitHub\hattori_sens\PIC\E-defense_LED_blink.X\LED_blink_main.c
                  inPipes   0x0005a4       data     extern C:\Users\Tanii_Lab\Documents\Microchip\USB\usb_device.c
           led_blightness   0x0005ea       data     extern C:\Users\Tanii_Lab\Documents\GitHub\hattori_sens\PIC\E-defense_LED_blink.X\LED_blink_main.c
              line_coding   0x000588       data     extern C:\Users\Tanii_Lab\Documents\Microchip\USB\CDC Device Driver\usb_function_cdc.c
                 outPipes   0x0005a9       data     extern C:\Users\Tanii_Lab\Documents\Microchip\USB\usb_device.c
   pBDTEntryEP0OutCurrent   0x000592       data     extern C:\Users\Tanii_Lab\Documents\Microchip\USB\usb_device.c
      pBDTEntryEP0OutNext   0x000594       data     extern C:\Users\Tanii_Lab\Documents\Microchip\USB\usb_device.c
              pBDTEntryIn   0x00059c       data     extern C:\Users\Tanii_Lab\Documents\Microchip\USB\usb_device.c
             pBDTEntryOut   0x000596       data     extern C:\Users\Tanii_Lab\Documents\Microchip\USB\usb_device.c
                  pCDCDst   0x0005c7       data     extern C:\Users\Tanii_Lab\Documents\Microchip\USB\CDC Device Driver\usb_function_cdc.c
                  pCDCSrc   0x0005c5       data     extern C:\Users\Tanii_Lab\Documents\Microchip\USB\CDC Device Driver\usb_function_cdc.c
                     pDst   0x0005b0       data     extern C:\Users\Tanii_Lab\Documents\Microchip\USB\usb_device.c
                     prom   0x0005dc       data     static E:\3.46\pic18-lt\cxx-framework\src\traditional\startup\c018i.c
        shortPacketStatus   0x0005a2       data     extern C:\Users\Tanii_Lab\Documents\Microchip\USB\usb_device.c



                              Symbols - Sorted by Address
                     Name    Address   Location    Storage File                     
                ---------  ---------  ---------  --------- ---------                
                   _entry   0x000000    program     extern E:\3.46\pic18-lt\cxx-framework\src\traditional\startup\c018i.c
       ___return_lbl00000   0x000004    program     static                          
                   __init   0x000006    program     extern E:\3.46\pic18-lt\cxx-framework\src\traditional\stdclib\__init.c
        Remapped_High_ISR   0x000008    program     extern C:\Users\Tanii_Lab\Documents\GitHub\hattori_sens\PIC\E-defense_LED_blink.X\LED_blink_main.c
       ___return_lbl00000   0x00000c    program     static                          
         Remapped_Low_ISR   0x000018    program     extern C:\Users\Tanii_Lab\Documents\GitHub\hattori_sens\PIC\E-defense_LED_blink.X\LED_blink_main.c
       ___return_lbl00001   0x00001c    program     static                          
            USBDeviceInit   0x00002c    program     extern C:\Users\Tanii_Lab\Documents\Microchip\USB\usb_device.c
           USBDeviceTasks   0x0000cc    program     extern C:\Users\Tanii_Lab\Documents\Microchip\USB\usb_device.c
          USBStallHandler   0x0001e8    program     static C:\Users\Tanii_Lab\Documents\Microchip\USB\usb_device.c
               USBSuspend   0x00020e    program     static C:\Users\Tanii_Lab\Documents\Microchip\USB\usb_device.c
       USBWakeFromSuspend   0x000224    program     static C:\Users\Tanii_Lab\Documents\Microchip\USB\usb_device.c
         USBCtrlEPService   0x000240    program     static C:\Users\Tanii_Lab\Documents\Microchip\USB\usb_device.c
   USBCtrlTrfSetupHandler   0x0002e0    program     static C:\Users\Tanii_Lab\Documents\Microchip\USB\usb_device.c
     USBCtrlTrfOutHandler   0x00031a    program     static C:\Users\Tanii_Lab\Documents\Microchip\USB\usb_device.c
      USBCtrlTrfInHandler   0x000338    program     static C:\Users\Tanii_Lab\Documents\Microchip\USB\usb_device.c
       USBCheckStdRequest   0x0003ae    program     static C:\Users\Tanii_Lab\Documents\Microchip\USB\usb_device.c
  USBStdFeatureReqHandler   0x000456    program     static C:\Users\Tanii_Lab\Documents\Microchip\USB\usb_device.c
USBCtrlEPAllowStatusStage   0x000582    program     extern C:\Users\Tanii_Lab\Documents\Microchip\USB\usb_device.c
  USBCtrlEPAllowDataStage   0x0005cc    program     extern C:\Users\Tanii_Lab\Documents\Microchip\USB\usb_device.c
      USBStdGetDscHandler   0x000606    program     static C:\Users\Tanii_Lab\Documents\Microchip\USB\usb_device.c
   USBStdGetStatusHandler   0x000680    program     static C:\Users\Tanii_Lab\Documents\Microchip\USB\usb_device.c
 USBCtrlEPServiceComplete   0x0006f6    program     static C:\Users\Tanii_Lab\Documents\Microchip\USB\usb_device.c
      USBCtrlTrfTxService   0x000750    program     static C:\Users\Tanii_Lab\Documents\Microchip\USB\usb_device.c
      USBCtrlTrfRxService   0x0007ce    program     static C:\Users\Tanii_Lab\Documents\Microchip\USB\usb_device.c
      USBStdSetCfgHandler   0x000896    program     static C:\Users\Tanii_Lab\Documents\Microchip\USB\usb_device.c
     USBConfigureEndpoint   0x000908    program     static C:\Users\Tanii_Lab\Documents\Microchip\USB\usb_device.c
        USBEnableEndpoint   0x000962    program     extern C:\Users\Tanii_Lab\Documents\Microchip\USB\usb_device.c
         USBStallEndpoint   0x00099e    program     extern C:\Users\Tanii_Lab\Documents\Microchip\USB\usb_device.c
     USBTransferOnePacket   0x0009c2    program     extern C:\Users\Tanii_Lab\Documents\Microchip\USB\usb_device.c
              USBCancelIO   0x000a36    program     extern C:\Users\Tanii_Lab\Documents\Microchip\USB\usb_device.c
          USBDeviceDetach   0x000a62    program     extern C:\Users\Tanii_Lab\Documents\Microchip\USB\usb_device.c
          USBDeviceAttach   0x000a6c    program     extern C:\Users\Tanii_Lab\Documents\Microchip\USB\usb_device.c
                   __pa_0   0x000a90    program     static C:\Users\Tanii_Lab\Documents\Microchip\USB\usb_device.c
                   __pa_1   0x000a98    program     static C:\Users\Tanii_Lab\Documents\Microchip\USB\usb_device.c
                   __pa_2   0x000aa2    program     static C:\Users\Tanii_Lab\Documents\Microchip\USB\usb_device.c
                   __pa_3   0x000aaa    program     static C:\Users\Tanii_Lab\Documents\Microchip\USB\usb_device.c
                   __pa_4   0x000ab4    program     static C:\Users\Tanii_Lab\Documents\Microchip\USB\usb_device.c
                   __pa_5   0x000abe    program     static C:\Users\Tanii_Lab\Documents\Microchip\USB\usb_device.c
              __tmplbl_33   0x000ac8    program     static                          
                   __pa_6   0x000ac8    program     static C:\Users\Tanii_Lab\Documents\Microchip\USB\usb_device.c
              __tmplbl_24   0x000ac8    program     static                          
              __tmplbl_36   0x000ac8    program     static                          
                   __pa_7   0x000ad0    program     static C:\Users\Tanii_Lab\Documents\Microchip\USB\usb_device.c
                   __pa_8   0x000ae0    program     static C:\Users\Tanii_Lab\Documents\Microchip\USB\usb_device.c
                   __pa_9   0x000aea    program     static C:\Users\Tanii_Lab\Documents\Microchip\USB\usb_device.c
                  __pa_10   0x000af6    program     static C:\Users\Tanii_Lab\Documents\Microchip\USB\usb_device.c
                  __pa_11   0x000b0a    program     static C:\Users\Tanii_Lab\Documents\Microchip\USB\usb_device.c
                  __pa_12   0x000b14    program     static C:\Users\Tanii_Lab\Documents\Microchip\USB\usb_device.c
                  __pa_13   0x000b34    program     static C:\Users\Tanii_Lab\Documents\Microchip\USB\usb_device.c
                  __pa_14   0x000b48    program     static C:\Users\Tanii_Lab\Documents\Microchip\USB\usb_device.c
                  __pa_15   0x000b5a    program     static C:\Users\Tanii_Lab\Documents\Microchip\USB\usb_device.c
                  __pa_16   0x000b66    program     static C:\Users\Tanii_Lab\Documents\Microchip\USB\usb_device.c
                  __pa_17   0x000b80    program     static C:\Users\Tanii_Lab\Documents\Microchip\USB\usb_device.c
                  __pa_18   0x000b8c    program     static C:\Users\Tanii_Lab\Documents\Microchip\USB\usb_device.c
                  __pa_19   0x000b98    program     static C:\Users\Tanii_Lab\Documents\Microchip\USB\usb_device.c
                  __pa_20   0x000ba0    program     static C:\Users\Tanii_Lab\Documents\Microchip\USB\usb_device.c
                  __pa_21   0x000ba8    program     static C:\Users\Tanii_Lab\Documents\Microchip\USB\usb_device.c
                  __pa_22   0x000bb4    program     static C:\Users\Tanii_Lab\Documents\Microchip\USB\usb_device.c
                  __pa_23   0x000bc4    program     static C:\Users\Tanii_Lab\Documents\Microchip\USB\usb_device.c
                  __pa_24   0x000bd4    program     static C:\Users\Tanii_Lab\Documents\Microchip\USB\usb_device.c
                  __pa_25   0x000be2    program     static C:\Users\Tanii_Lab\Documents\Microchip\USB\usb_device.c
                  __pa_26   0x000bf0    program     static C:\Users\Tanii_Lab\Documents\Microchip\USB\usb_device.c
                  __pa_27   0x000bfe    program     static C:\Users\Tanii_Lab\Documents\Microchip\USB\usb_device.c
                  __pa_28   0x000c0c    program     static C:\Users\Tanii_Lab\Documents\Microchip\USB\usb_device.c
                  __pa_29   0x000c1a    program     static C:\Users\Tanii_Lab\Documents\Microchip\USB\usb_device.c
                  __pa_30   0x000c28    program     static C:\Users\Tanii_Lab\Documents\Microchip\USB\usb_device.c
                  __pa_31   0x000c32    program     static C:\Users\Tanii_Lab\Documents\Microchip\USB\usb_device.c
                  __pa_32   0x000c4a    program     static C:\Users\Tanii_Lab\Documents\Microchip\USB\usb_device.c
                  __pa_33   0x000c56    program     static C:\Users\Tanii_Lab\Documents\Microchip\USB\usb_device.c
                  __pa_34   0x000c5e    program     static C:\Users\Tanii_Lab\Documents\Microchip\USB\usb_device.c
                  __pa_35   0x000c72    program     static C:\Users\Tanii_Lab\Documents\Microchip\USB\usb_device.c
                  __pa_36   0x000c80    program     static C:\Users\Tanii_Lab\Documents\Microchip\USB\usb_device.c
                  __pa_37   0x000c8a    program     static C:\Users\Tanii_Lab\Documents\Microchip\USB\usb_device.c
                  __pa_38   0x000c94    program     static C:\Users\Tanii_Lab\Documents\Microchip\USB\usb_device.c
                  __pa_39   0x000c9c    program     static C:\Users\Tanii_Lab\Documents\Microchip\USB\usb_device.c
                  __pa_40   0x000ca2    program     static C:\Users\Tanii_Lab\Documents\Microchip\USB\usb_device.c
                  __pa_41   0x000cb2    program     static C:\Users\Tanii_Lab\Documents\Microchip\USB\usb_device.c
                  __pa_42   0x000cb8    program     static C:\Users\Tanii_Lab\Documents\Microchip\USB\usb_device.c
                  __pa_43   0x000cc6    program     static C:\Users\Tanii_Lab\Documents\Microchip\USB\usb_device.c
                  __pa_44   0x000cd4    program     static C:\Users\Tanii_Lab\Documents\Microchip\USB\usb_device.c
                  __pa_45   0x000ce2    program     static C:\Users\Tanii_Lab\Documents\Microchip\USB\usb_device.c
                  __pa_46   0x000cec    program     static C:\Users\Tanii_Lab\Documents\Microchip\USB\usb_device.c
                  __pa_47   0x000cf6    program     static C:\Users\Tanii_Lab\Documents\Microchip\USB\usb_device.c
                  __pa_48   0x000cfe    program     static C:\Users\Tanii_Lab\Documents\Microchip\USB\usb_device.c
                  __pa_49   0x000d0a    program     static C:\Users\Tanii_Lab\Documents\Microchip\USB\usb_device.c
                  __pa_50   0x000d14    program     static C:\Users\Tanii_Lab\Documents\Microchip\USB\usb_device.c
       USBCheckCDCRequest   0x000d1c    program     extern C:\Users\Tanii_Lab\Documents\Microchip\USB\CDC Device Driver\usb_function_cdc.c
                CDCInitEP   0x000dbc    program     extern C:\Users\Tanii_Lab\Documents\Microchip\USB\CDC Device Driver\usb_function_cdc.c
       USBCDCEventHandler   0x000e00    program     extern C:\Users\Tanii_Lab\Documents\Microchip\USB\CDC Device Driver\usb_function_cdc.c
             getsUSBUSART   0x000e3c    program     extern C:\Users\Tanii_Lab\Documents\Microchip\USB\CDC Device Driver\usb_function_cdc.c
              putUSBUSART   0x000eba    program     extern C:\Users\Tanii_Lab\Documents\Microchip\USB\CDC Device Driver\usb_function_cdc.c
             putsUSBUSART   0x000ed6    program     extern C:\Users\Tanii_Lab\Documents\Microchip\USB\CDC Device Driver\usb_function_cdc.c
            putrsUSBUSART   0x000f18    program     extern C:\Users\Tanii_Lab\Documents\Microchip\USB\CDC Device Driver\usb_function_cdc.c
             CDCTxService   0x000f5c    program     extern C:\Users\Tanii_Lab\Documents\Microchip\USB\CDC Device Driver\usb_function_cdc.c
                   __pa_0   0x00103e    program     static C:\Users\Tanii_Lab\Documents\Microchip\USB\CDC Device Driver\usb_function_cdc.c
                   __pa_1   0x001058    program     static C:\Users\Tanii_Lab\Documents\Microchip\USB\CDC Device Driver\usb_function_cdc.c
                   __pa_2   0x001068    program     static C:\Users\Tanii_Lab\Documents\Microchip\USB\CDC Device Driver\usb_function_cdc.c
                   __pa_3   0x00107a    program     static C:\Users\Tanii_Lab\Documents\Microchip\USB\CDC Device Driver\usb_function_cdc.c
                   __pa_4   0x001094    program     static C:\Users\Tanii_Lab\Documents\Microchip\USB\CDC Device Driver\usb_function_cdc.c
                   __pa_5   0x00109e    program     static C:\Users\Tanii_Lab\Documents\Microchip\USB\CDC Device Driver\usb_function_cdc.c
                   __pa_6   0x0010a6    program     static C:\Users\Tanii_Lab\Documents\Microchip\USB\CDC Device Driver\usb_function_cdc.c
                   __pa_7   0x0010b4    program     static C:\Users\Tanii_Lab\Documents\Microchip\USB\CDC Device Driver\usb_function_cdc.c
                   __pa_8   0x0010c2    program     static C:\Users\Tanii_Lab\Documents\Microchip\USB\CDC Device Driver\usb_function_cdc.c
                   __pa_9   0x0010d0    program     static C:\Users\Tanii_Lab\Documents\Microchip\USB\CDC Device Driver\usb_function_cdc.c
                  __pa_10   0x0010da    program     static C:\Users\Tanii_Lab\Documents\Microchip\USB\CDC Device Driver\usb_function_cdc.c
                  __pa_11   0x0010ec    program     static C:\Users\Tanii_Lab\Documents\Microchip\USB\CDC Device Driver\usb_function_cdc.c
                  __pa_12   0x0010fa    program     static C:\Users\Tanii_Lab\Documents\Microchip\USB\CDC Device Driver\usb_function_cdc.c
  YourHighPriorityISRCode   0x001108    program     extern C:\Users\Tanii_Lab\Documents\GitHub\hattori_sens\PIC\E-defense_LED_blink.X\LED_blink_main.c
   YourLowPriorityISRCode   0x00119e    program     extern C:\Users\Tanii_Lab\Documents\GitHub\hattori_sens\PIC\E-defense_LED_blink.X\LED_blink_main.c
                     main   0x0011c0    program     extern C:\Users\Tanii_Lab\Documents\GitHub\hattori_sens\PIC\E-defense_LED_blink.X\LED_blink_main.c
          ___for_lbl00007   0x0011c6    program     static                          
              __tmplbl_10   0x0011d2    program     static                          
          ___for_lbl00005   0x0011dc    program     static                          
          ___for_lbl00006   0x0011e6    program     static                          
        ___while_lbl00008   0x0011f6    program     static                          
           ___if_lbl00010   0x001200    program     static                          
       ___return_lbl00004   0x001202    program     static                          
        ___while_lbl00009   0x001202    program     static                          
   mySetLineCodingHandler   0x001204    program     extern C:\Users\Tanii_Lab\Documents\GitHub\hattori_sens\PIC\E-defense_LED_blink.X\LED_blink_main.c
             USBCBSuspend   0x0012b2    program     extern C:\Users\Tanii_Lab\Documents\GitHub\hattori_sens\PIC\E-defense_LED_blink.X\LED_blink_main.c
     USBCBWakeFromSuspend   0x0012b4    program     extern C:\Users\Tanii_Lab\Documents\GitHub\hattori_sens\PIC\E-defense_LED_blink.X\LED_blink_main.c
        USBCB_SOF_Handler   0x0012b6    program     extern C:\Users\Tanii_Lab\Documents\GitHub\hattori_sens\PIC\E-defense_LED_blink.X\LED_blink_main.c
        USBCBErrorHandler   0x0012b8    program     extern C:\Users\Tanii_Lab\Documents\GitHub\hattori_sens\PIC\E-defense_LED_blink.X\LED_blink_main.c
       USBCBCheckOtherReq   0x0012ba    program     extern C:\Users\Tanii_Lab\Documents\GitHub\hattori_sens\PIC\E-defense_LED_blink.X\LED_blink_main.c
    USBCBStdSetDscHandler   0x0012be    program     extern C:\Users\Tanii_Lab\Documents\GitHub\hattori_sens\PIC\E-defense_LED_blink.X\LED_blink_main.c
              USBCBInitEP   0x0012c0    program     extern C:\Users\Tanii_Lab\Documents\GitHub\hattori_sens\PIC\E-defense_LED_blink.X\LED_blink_main.c
          USBCBSendResume   0x0012c4    program     extern C:\Users\Tanii_Lab\Documents\GitHub\hattori_sens\PIC\E-defense_LED_blink.X\LED_blink_main.c
USER_USB_CALLBACK_EVENT_HANDLER   0x00130c    program     extern C:\Users\Tanii_Lab\Documents\GitHub\hattori_sens\PIC\E-defense_LED_blink.X\LED_blink_main.c
               device_dsc   0x0013a0    program     extern C:\Users\Tanii_Lab\Documents\GitHub\hattori_sens\PIC\E-defense_LED_blink.X\usb_descriptors.c
        configDescriptor1   0x0013b2    program     extern C:\Users\Tanii_Lab\Documents\GitHub\hattori_sens\PIC\E-defense_LED_blink.X\usb_descriptors.c
                    sd000   0x0013f5    program     extern C:\Users\Tanii_Lab\Documents\GitHub\hattori_sens\PIC\E-defense_LED_blink.X\usb_descriptors.c
                    sd001   0x0013f9    program     extern C:\Users\Tanii_Lab\Documents\GitHub\hattori_sens\PIC\E-defense_LED_blink.X\usb_descriptors.c
                    sd002   0x00142d    program     extern C:\Users\Tanii_Lab\Documents\GitHub\hattori_sens\PIC\E-defense_LED_blink.X\usb_descriptors.c
               USB_CD_Ptr   0x001441    program     extern C:\Users\Tanii_Lab\Documents\GitHub\hattori_sens\PIC\E-defense_LED_blink.X\usb_descriptors.c
               USB_SD_Ptr   0x001443    program     extern C:\Users\Tanii_Lab\Documents\GitHub\hattori_sens\PIC\E-defense_LED_blink.X\usb_descriptors.c
                _do_cinit   0x00144a    program     extern E:\3.46\pic18-lt\cxx-framework\src\traditional\startup\c018i.c
                     test   0x001464    program     static                          
                copy_loop   0x0014bc    program     static                          
            copy_one_byte   0x0014c2    program     static                          
             done_copying   0x0014d0    program     static                          
                     done   0x0014e6    program     static                          
       ___return_lbl00002   0x0014e6    program     static                          
                 FXD3232U   0x0014e8    program     extern E:\3.46\pic18-lt\cxx-framework\src\traditional\math\fxd3232u.c
[...]
                 LATCbits   0x000f8b       data     extern E:\3.46\pic18-lt\cxx-framework\src\traditional\proc\p18f2553.asm
                TRISAbits   0x000f92       data     extern E:\3.46\pic18-lt\cxx-framework\src\traditional\proc\p18f2553.asm
                    TRISA   0x000f92       data     extern E:\3.46\pic18-lt\cxx-framework\src\traditional\proc\p18f2553.asm
                     DDRA   0x000f92       data     extern E:\3.46\pic18-lt\cxx-framework\src\traditional\proc\p18f2553.asm
                 DDRAbits   0x000f92       data     extern E:\3.46\pic18-lt\cxx-framework\src\traditional\proc\p18f2553.asm
                TRISBbits   0x000f93       data     extern E:\3.46\pic18-lt\cxx-framework\src\traditional\proc\p18f2553.asm
                    TRISB   0x000f93       data     extern E:\3.46\pic18-lt\cxx-framework\src\traditional\proc\p18f2553.asm
                     DDRB   0x000f93       data     extern E:\3.46\pic18-lt\cxx-framework\src\traditional\proc\p18f2553.asm
                 DDRBbits   0x000f93       data     extern E:\3.46\pic18-lt\cxx-framework\src\traditional\proc\p18f2553.asm
                TRISCbits   0x000f94       data     extern E:\3.46\pic18-lt\cxx-framework\src\traditional\proc\p18f2553.asm
                    TRISC   0x000f94       data     extern E:\3.46\pic18-lt\cxx-framework\src\traditional\proc\p18f2553.asm
                 DDRCbits   0x000f94       data     extern E:\3.46\pic18-lt\cxx-framework\src\traditional\proc\p18f2553.asm
                     DDRC   0x000f94       data     extern E:\3.46\pic18-lt\cxx-framework\src\traditional\proc\p18f2553.asm
                  OSCTUNE   0x000f9b       data     extern E:\3.46\pic18-lt\cxx-framework\src\traditional\proc\p18f2553.asm
              OSCTUNEbits   0x000f9b       data     extern E:\3.46\pic18-lt\cxx-framework\src\traditional\proc\p18f2553.asm
                     PIE1   0x000f9d       data     extern E:\3.46\pic18-lt\cxx-framework\src\traditional\proc\p18f2553.asm
                 PIE1bits   0x000f9d       data     extern E:\3.46\pic18-lt\cxx-framework\src\traditional\proc\p18f2553.asm
                     PIR1   0x000f9e       data     extern E:\3.46\pic18-lt\cxx-framework\src\traditional\proc\p18f2553.asm
                 PIR1bits   0x000f9e       data     extern E:\3.46\pic18-lt\cxx-framework\src\traditional\proc\p18f2553.asm
                 IPR1bits   0x000f9f       data     extern E:\3.46\pic18-lt\cxx-framework\src\traditional\proc\p18f2553.asm
                     IPR1   0x000f9f       data     extern E:\3.46\pic18-lt\cxx-framework\src\traditional\proc\p18f2553.asm
                 PIE2bits   0x000fa0       data     extern E:\3.46\pic18-lt\cxx-framework\src\traditional\proc\p18f2553.asm
                     PIE2   0x000fa0       data     extern E:\3.46\pic18-lt\cxx-framework\src\traditional\proc\p18f2553.asm
                     PIR2   0x000fa1       data     extern E:\3.46\pic18-lt\cxx-framework\src\traditional\proc\p18f2553.asm
                 PIR2bits   0x000fa1       data     extern E:\3.46\pic18-lt\cxx-framework\src\traditional\proc\p18f2553.asm
                 IPR2bits   0x000fa2       data     extern E:\3.46\pic18-lt\cxx-framework\src\traditional\proc\p18f2553.asm
                     IPR2   0x000fa2       data     extern E:\3.46\pic18-lt\cxx-framework\src\traditional\proc\p18f2553.asm
               EECON1bits   0x000fa6       data     extern E:\3.46\pic18-lt\cxx-framework\src\traditional\proc\p18f2553.asm
                   EECON1   0x000fa6       data     extern E:\3.46\pic18-lt\cxx-framework\src\traditional\proc\p18f2553.asm
                   EECON2   0x000fa7       data     extern E:\3.46\pic18-lt\cxx-framework\src\traditional\proc\p18f2553.asm
                   EEDATA   0x000fa8       data     extern E:\3.46\pic18-lt\cxx-framework\src\traditional\proc\p18f2553.asm
                    EEADR   0x000fa9       data     extern E:\3.46\pic18-lt\cxx-framework\src\traditional\proc\p18f2553.asm
                RCSTAbits   0x000fab       data     extern E:\3.46\pic18-lt\cxx-framework\src\traditional\proc\p18f2553.asm
                    RCSTA   0x000fab       data     extern E:\3.46\pic18-lt\cxx-framework\src\traditional\proc\p18f2553.asm
                    TXSTA   0x000fac       data     extern E:\3.46\pic18-lt\cxx-framework\src\traditional\proc\p18f2553.asm
                TXSTAbits   0x000fac       data     extern E:\3.46\pic18-lt\cxx-framework\src\traditional\proc\p18f2553.asm
                    TXREG   0x000fad       data     extern E:\3.46\pic18-lt\cxx-framework\src\traditional\proc\p18f2553.asm
                    RCREG   0x000fae       data     extern E:\3.46\pic18-lt\cxx-framework\src\traditional\proc\p18f2553.asm
                    SPBRG   0x000faf       data     extern E:\3.46\pic18-lt\cxx-framework\src\traditional\proc\p18f2553.asm
                   SPBRGH   0x000fb0       data     extern E:\3.46\pic18-lt\cxx-framework\src\traditional\proc\p18f2553.asm
                    T3CON   0x000fb1       data     extern E:\3.46\pic18-lt\cxx-framework\src\traditional\proc\p18f2553.asm
                T3CONbits   0x000fb1       data     extern E:\3.46\pic18-lt\cxx-framework\src\traditional\proc\p18f2553.asm
                    TMR3L   0x000fb2       data     extern E:\3.46\pic18-lt\cxx-framework\src\traditional\proc\p18f2553.asm
                    TMR3H   0x000fb3       data     extern E:\3.46\pic18-lt\cxx-framework\src\traditional\proc\p18f2553.asm
                CMCONbits   0x000fb4       data     extern E:\3.46\pic18-lt\cxx-framework\src\traditional\proc\p18f2553.asm
                    CMCON   0x000fb4       data     extern E:\3.46\pic18-lt\cxx-framework\src\traditional\proc\p18f2553.asm
               CVRCONbits   0x000fb5       data     extern E:\3.46\pic18-lt\cxx-framework\src\traditional\proc\p18f2553.asm
                   CVRCON   0x000fb5       data     extern E:\3.46\pic18-lt\cxx-framework\src\traditional\proc\p18f2553.asm
              ECCP1ASbits   0x000fb6       data     extern E:\3.46\pic18-lt\cxx-framework\src\traditional\proc\p18f2553.asm
                  ECCP1AS   0x000fb6       data     extern E:\3.46\pic18-lt\cxx-framework\src\traditional\proc\p18f2553.asm
               CCP1ASbits   0x000fb6       data     extern E:\3.46\pic18-lt\cxx-framework\src\traditional\proc\p18f2553.asm
                   CCP1AS   0x000fb6       data     extern E:\3.46\pic18-lt\cxx-framework\src\traditional\proc\p18f2553.asm
                  CCP1DEL   0x000fb7       data     extern E:\3.46\pic18-lt\cxx-framework\src\traditional\proc\p18f2553.asm
              CCP1DELbits   0x000fb7       data     extern E:\3.46\pic18-lt\cxx-framework\src\traditional\proc\p18f2553.asm
             ECCP1DELbits   0x000fb7       data     extern E:\3.46\pic18-lt\cxx-framework\src\traditional\proc\p18f2553.asm
                 ECCP1DEL   0x000fb7       data     extern E:\3.46\pic18-lt\cxx-framework\src\traditional\proc\p18f2553.asm
              BAUDCTLbits   0x000fb8       data     extern E:\3.46\pic18-lt\cxx-framework\src\traditional\proc\p18f2553.asm
                  BAUDCTL   0x000fb8       data     extern E:\3.46\pic18-lt\cxx-framework\src\traditional\proc\p18f2553.asm
              BAUDCONbits   0x000fb8       data     extern E:\3.46\pic18-lt\cxx-framework\src\traditional\proc\p18f2553.asm
                  BAUDCON   0x000fb8       data     extern E:\3.46\pic18-lt\cxx-framework\src\traditional\proc\p18f2553.asm
                  CCP2CON   0x000fba       data     extern E:\3.46\pic18-lt\cxx-framework\src\traditional\proc\p18f2553.asm
              CCP2CONbits   0x000fba       data     extern E:\3.46\pic18-lt\cxx-framework\src\traditional\proc\p18f2553.asm
                    CCPR2   0x000fbb       data     extern E:\3.46\pic18-lt\cxx-framework\src\traditional\proc\p18f2553.asm
                   CCPR2L   0x000fbb       data     extern E:\3.46\pic18-lt\cxx-framework\src\traditional\proc\p18f2553.asm
                   CCPR2H   0x000fbc       data     extern E:\3.46\pic18-lt\cxx-framework\src\traditional\proc\p18f2553.asm
                  CCP1CON   0x000fbd       data     extern E:\3.46\pic18-lt\cxx-framework\src\traditional\proc\p18f2553.asm
              CCP1CONbits   0x000fbd       data     extern E:\3.46\pic18-lt\cxx-framework\src\traditional\proc\p18f2553.asm
                    CCPR1   0x000fbe       data     extern E:\3.46\pic18-lt\cxx-framework\src\traditional\proc\p18f2553.asm
                   CCPR1L   0x000fbe       data     extern E:\3.46\pic18-lt\cxx-framework\src\traditional\proc\p18f2553.asm
                   CCPR1H   0x000fbf       data     extern E:\3.46\pic18-lt\cxx-framework\src\traditional\proc\p18f2553.asm
               ADCON2bits   0x000fc0       data     extern E:\3.46\pic18-lt\cxx-framework\src\traditional\proc\p18f2553.asm
                   ADCON2   0x000fc0       data     extern E:\3.46\pic18-lt\cxx-framework\src\traditional\proc\p18f2553.asm
               ADCON1bits   0x000fc1       data     extern E:\3.46\pic18-lt\cxx-framework\src\traditional\proc\p18f2553.asm
                   ADCON1   0x000fc1       data     extern E:\3.46\pic18-lt\cxx-framework\src\traditional\proc\p18f2553.asm
                   ADCON0   0x000fc2       data     extern E:\3.46\pic18-lt\cxx-framework\src\traditional\proc\p18f2553.asm
               ADCON0bits   0x000fc2       data     extern E:\3.46\pic18-lt\cxx-framework\src\traditional\proc\p18f2553.asm
                    ADRES   0x000fc3       data     extern E:\3.46\pic18-lt\cxx-framework\src\traditional\proc\p18f2553.asm
                   ADRESL   0x000fc3       data     extern E:\3.46\pic18-lt\cxx-framework\src\traditional\proc\p18f2553.asm
                   ADRESH   0x000fc4       data     extern E:\3.46\pic18-lt\cxx-framework\src\traditional\proc\p18f2553.asm
                  SSPCON2   0x000fc5       data     extern E:\3.46\pic18-lt\cxx-framework\src\traditional\proc\p18f2553.asm
              SSPCON2bits   0x000fc5       data     extern E:\3.46\pic18-lt\cxx-framework\src\traditional\proc\p18f2553.asm
                  SSPCON1   0x000fc6       data     extern E:\3.46\pic18-lt\cxx-framework\src\traditional\proc\p18f2553.asm
              SSPCON1bits   0x000fc6       data     extern E:\3.46\pic18-lt\cxx-framework\src\traditional\proc\p18f2553.asm
                  SSPSTAT   0x000fc7       data     extern E:\3.46\pic18-lt\cxx-framework\src\traditional\proc\p18f2553.asm
              SSPSTATbits   0x000fc7       data     extern E:\3.46\pic18-lt\cxx-framework\src\traditional\proc\p18f2553.asm
                   SSPADD   0x000fc8       data     extern E:\3.46\pic18-lt\cxx-framework\src\traditional\proc\p18f2553.asm
                   SSPBUF   0x000fc9       data     extern E:\3.46\pic18-lt\cxx-framework\src\traditional\proc\p18f2553.asm
                T2CONbits   0x000fca       data     extern E:\3.46\pic18-lt\cxx-framework\src\traditional\proc\p18f2553.asm
                    T2CON   0x000fca       data     extern E:\3.46\pic18-lt\cxx-framework\src\traditional\proc\p18f2553.asm
                      PR2   0x000fcb       data     extern E:\3.46\pic18-lt\cxx-framework\src\traditional\proc\p18f2553.asm
                     TMR2   0x000fcc       data     extern E:\3.46\pic18-lt\cxx-framework\src\traditional\proc\p18f2553.asm
                T1CONbits   0x000fcd       data     extern E:\3.46\pic18-lt\cxx-framework\src\traditional\proc\p18f2553.asm
                    T1CON   0x000fcd       data     extern E:\3.46\pic18-lt\cxx-framework\src\traditional\proc\p18f2553.asm
                    TMR1L   0x000fce       data     extern E:\3.46\pic18-lt\cxx-framework\src\traditional\proc\p18f2553.asm
                    TMR1H   0x000fcf       data     extern E:\3.46\pic18-lt\cxx-framework\src\traditional\proc\p18f2553.asm
                     RCON   0x000fd0       data     extern E:\3.46\pic18-lt\cxx-framework\src\traditional\proc\p18f2553.asm
                 RCONbits   0x000fd0       data     extern E:\3.46\pic18-lt\cxx-framework\src\traditional\proc\p18f2553.asm
                   WDTCON   0x000fd1       data     extern E:\3.46\pic18-lt\cxx-framework\src\traditional\proc\p18f2553.asm
               WDTCONbits   0x000fd1       data     extern E:\3.46\pic18-lt\cxx-framework\src\traditional\proc\p18f2553.asm
               LVDCONbits   0x000fd2       data     extern E:\3.46\pic18-lt\cxx-framework\src\traditional\proc\p18f2553.asm
                   LVDCON   0x000fd2       data     extern E:\3.46\pic18-lt\cxx-framework\src\traditional\proc\p18f2553.asm
              HLVDCONbits   0x000fd2       data     extern E:\3.46\pic18-lt\cxx-framework\src\traditional\proc\p18f2553.asm
                  HLVDCON   0x000fd2       data     extern E:\3.46\pic18-lt\cxx-framework\src\traditional\proc\p18f2553.asm
               OSCCONbits   0x000fd3       data     extern E:\3.46\pic18-lt\cxx-framework\src\traditional\proc\p18f2553.asm
                   OSCCON   0x000fd3       data     extern E:\3.46\pic18-lt\cxx-framework\src\traditional\proc\p18f2553.asm
                    T0CON   0x000fd5       data     extern E:\3.46\pic18-lt\cxx-framework\src\traditional\proc\p18f2553.asm
                T0CONbits   0x000fd5       data     extern E:\3.46\pic18-lt\cxx-framework\src\traditional\proc\p18f2553.asm
                    TMR0L   0x000fd6       data     extern E:\3.46\pic18-lt\cxx-framework\src\traditional\proc\p18f2553.asm
                    TMR0H   0x000fd7       data     extern E:\3.46\pic18-lt\cxx-framework\src\traditional\proc\p18f2553.asm
               STATUSbits   0x000fd8       data     extern E:\3.46\pic18-lt\cxx-framework\src\traditional\proc\p18f2553.asm
                   STATUS   0x000fd8       data     extern E:\3.46\pic18-lt\cxx-framework\src\traditional\proc\p18f2553.asm
                    FSR2L   0x000fd9       data     extern E:\3.46\pic18-lt\cxx-framework\src\traditional\proc\p18f2553.asm
                     FSR2   0x000fd9       data     extern E:\3.46\pic18-lt\cxx-framework\src\traditional\proc\p18f2553.asm
                    FSR2H   0x000fda       data     extern E:\3.46\pic18-lt\cxx-framework\src\traditional\proc\p18f2553.asm
                   PLUSW2   0x000fdb       data     extern E:\3.46\pic18-lt\cxx-framework\src\traditional\proc\p18f2553.asm
                  PREINC2   0x000fdc       data     extern E:\3.46\pic18-lt\cxx-framework\src\traditional\proc\p18f2553.asm
                 POSTDEC2   0x000fdd       data     extern E:\3.46\pic18-lt\cxx-framework\src\traditional\proc\p18f2553.asm
                 POSTINC2   0x000fde       data     extern E:\3.46\pic18-lt\cxx-framework\src\traditional\proc\p18f2553.asm
                    INDF2   0x000fdf       data     extern E:\3.46\pic18-lt\cxx-framework\src\traditional\proc\p18f2553.asm
                      BSR   0x000fe0       data     extern E:\3.46\pic18-lt\cxx-framework\src\traditional\proc\p18f2553.asm
                     FSR1   0x000fe1       data     extern E:\3.46\pic18-lt\cxx-framework\src\traditional\proc\p18f2553.asm
                    FSR1L   0x000fe1       data     extern E:\3.46\pic18-lt\cxx-framework\src\traditional\proc\p18f2553.asm
                    FSR1H   0x000fe2       data     extern E:\3.46\pic18-lt\cxx-framework\src\traditional\proc\p18f2553.asm
                   PLUSW1   0x000fe3       data     extern E:\3.46\pic18-lt\cxx-framework\src\traditional\proc\p18f2553.asm
                  PREINC1   0x000fe4       data     extern E:\3.46\pic18-lt\cxx-framework\src\traditional\proc\p18f2553.asm
                 POSTDEC1   0x000fe5       data     extern E:\3.46\pic18-lt\cxx-framework\src\traditional\proc\p18f2553.asm
                 POSTINC1   0x000fe6       data     extern E:\3.46\pic18-lt\cxx-framework\src\traditional\proc\p18f2553.asm
                    INDF1   0x000fe7       data     extern E:\3.46\pic18-lt\cxx-framework\src\traditional\proc\p18f2553.asm
                     WREG   0x000fe8       data     extern E:\3.46\pic18-lt\cxx-framework\src\traditional\proc\p18f2553.asm
                     FSR0   0x000fe9       data     extern E:\3.46\pic18-lt\cxx-framework\src\traditional\proc\p18f2553.asm
                    FSR0L   0x000fe9       data     extern E:\3.46\pic18-lt\cxx-framework\src\traditional\proc\p18f2553.asm
                    FSR0H   0x000fea       data     extern E:\3.46\pic18-lt\cxx-framework\src\traditional\proc\p18f2553.asm
                   PLUSW0   0x000feb       data     extern E:\3.46\pic18-lt\cxx-framework\src\traditional\proc\p18f2553.asm
                  PREINC0   0x000fec       data     extern E:\3.46\pic18-lt\cxx-framework\src\traditional\proc\p18f2553.asm
                 POSTDEC0   0x000fed       data     extern E:\3.46\pic18-lt\cxx-framework\src\traditional\proc\p18f2553.asm
                 POSTINC0   0x000fee       data     extern E:\3.46\pic18-lt\cxx-framework\src\traditional\proc\p18f2553.asm
                    INDF0   0x000fef       data     extern E:\3.46\pic18-lt\cxx-framework\src\traditional\proc\p18f2553.asm
              INTCON3bits   0x000ff0       data     extern E:\3.46\pic18-lt\cxx-framework\src\traditional\proc\p18f2553.asm
                  INTCON3   0x000ff0       data     extern E:\3.46\pic18-lt\cxx-framework\src\traditional\proc\p18f2553.asm
              INTCON2bits   0x000ff1       data     extern E:\3.46\pic18-lt\cxx-framework\src\traditional\proc\p18f2553.asm
                  INTCON2   0x000ff1       data     extern E:\3.46\pic18-lt\cxx-framework\src\traditional\proc\p18f2553.asm
               INTCONbits   0x000ff2       data     extern E:\3.46\pic18-lt\cxx-framework\src\traditional\proc\p18f2553.asm
                   INTCON   0x000ff2       data     extern E:\3.46\pic18-lt\cxx-framework\src\traditional\proc\p18f2553.asm
                     PROD   0x000ff3       data     extern E:\3.46\pic18-lt\cxx-framework\src\traditional\proc\p18f2553.asm
                    PRODL   0x000ff3       data     extern E:\3.46\pic18-lt\cxx-framework\src\traditional\proc\p18f2553.asm
                    PRODH   0x000ff4       data     extern E:\3.46\pic18-lt\cxx-framework\src\traditional\proc\p18f2553.asm
                   TABLAT   0x000ff5       data     extern E:\3.46\pic18-lt\cxx-framework\src\traditional\proc\p18f2553.asm
                   TBLPTR   0x000ff6       data     extern E:\3.46\pic18-lt\cxx-framework\src\traditional\proc\p18f2553.asm
                  TBLPTRL   0x000ff6       data     extern E:\3.46\pic18-lt\cxx-framework\src\traditional\proc\p18f2553.asm
                  TBLPTRH   0x000ff7       data     extern E:\3.46\pic18-lt\cxx-framework\src\traditional\proc\p18f2553.asm
                  TBLPTRU   0x000ff8       data     extern E:\3.46\pic18-lt\cxx-framework\src\traditional\proc\p18f2553.asm
                      PCL   0x000ff9       data     extern E:\3.46\pic18-lt\cxx-framework\src\traditional\proc\p18f2553.asm
                       PC   0x000ff9       data     extern E:\3.46\pic18-lt\cxx-framework\src\traditional\proc\p18f2553.asm
                   PCLATH   0x000ffa       data     extern E:\3.46\pic18-lt\cxx-framework\src\traditional\proc\p18f2553.asm
                   PCLATU   0x000ffb       data     extern E:\3.46\pic18-lt\cxx-framework\src\traditional\proc\p18f2553.asm
                   STKPTR   0x000ffc       data     extern E:\3.46\pic18-lt\cxx-framework\src\traditional\proc\p18f2553.asm
               STKPTRbits   0x000ffc       data     extern E:\3.46\pic18-lt\cxx-framework\src\traditional\proc\p18f2553.asm
                      TOS   0x000ffd       data     extern E:\3.46\pic18-lt\cxx-framework\src\traditional\proc\p18f2553.asm
                     TOSL   0x000ffd       data     extern E:\3.46\pic18-lt\cxx-framework\src\traditional\proc\p18f2553.asm
                     TOSH   0x000ffe       data     extern E:\3.46\pic18-lt\cxx-framework\src\traditional\proc\p18f2553.asm
                     TOSU   0x000fff       data     extern E:\3.46\pic18-lt\cxx-framework\src\traditional\proc\p18f2553.asm


