MPLINK 5.00, LINKER
Linker Map File - Created Fri Oct 28 11:19:55 2016

                                 Section Info
                  Section       Type    Address   Location Size(Bytes)
                ---------  ---------  ---------  ---------  ---------
               _entry_scn       code   0x000000    program   0x000006
           .code___init.o       code   0x000006    program   0x000002
REMAPPED_HIGH_INTERRUPT_VECTOR       code   0x000008    program   0x000006
REMAPPED_LOW_INTERRUPT_VECTOR       code   0x000018    program   0x000006
                   .cinit    romdata   0x00001e    program   0x00000e
       .code_usb_device.o       code   0x00002c    program   0x001274
     .code_main_CDC_I2C.o       code   0x0012a0    program   0x00058c
 .code_usb_function_cdc.o       code   0x00182c    program   0x0004dc
                     PROG       code   0x001d08    program   0x00023a
.romdata_usb_descriptors.o    romdata   0x001f42    program   0x0000a9
      .idata_fxd3232u.o_i    romdata   0x001feb    program   0x000000
      .romdata_fxd3232u.o    romdata   0x001feb    program   0x000000
        .idata___init.o_i    romdata   0x001feb    program   0x000000
  .romdata_main_CDC_I2C.o    romdata   0x001feb    program   0x000000
        .romdata___init.o    romdata   0x001feb    program   0x000000
    .romdata_usb_device.o    romdata   0x001feb    program   0x000000
    .idata_usb_device.o_i    romdata   0x001feb    program   0x000000
.romdata_usb_function_cdc.o    romdata   0x001feb    program   0x000000
.idata_usb_function_cdc.o_i    romdata   0x001feb    program   0x000000
         .romdata_c018i.o    romdata   0x001feb    program   0x000000
.idata_usb_descriptors.o_i    romdata   0x001feb    program   0x000000
         .idata_c018i.o_i    romdata   0x001feb    program   0x000000
            .code_c018i.o       code   0x001fec    program   0x000000
  .code_usb_descriptors.o       code   0x001fec    program   0x000000
               _cinit_scn       code   0x001fec    program   0x00009e
         .code_fxd3232u.o       code   0x00208a    program   0x000048
                   STRING       code   0x0020d2    program   0x000034
                    .code       code   0x002106    program   0x000020
             _startup_scn       code   0x002126    program   0x00001c
  .idata_main_CDC_I2C.o_i    romdata   0x002142    program   0x000018
.config_300000_main_CDC_I2C.o    romdata   0x300000    program   0x000001
.config_300001_main_CDC_I2C.o    romdata   0x300001    program   0x000001
.config_300002_main_CDC_I2C.o    romdata   0x300002    program   0x000001
.config_300003_main_CDC_I2C.o    romdata   0x300003    program   0x000001
.config_300005_main_CDC_I2C.o    romdata   0x300005    program   0x000001
.config_300006_main_CDC_I2C.o    romdata   0x300006    program   0x000001
                MATH_DATA      udata   0x000000       data   0x000014
                 .tmpdata      udata   0x000014       data   0x000010
                   .stack      udata   0x000300       data   0x000100
                  USB_BDT      udata   0x000400       data   0x000040
    .udata_main_CDC_I2C.o      udata   0x000440       data   0x0000a1
.udata_usb_function_cdc.o      udata   0x0004e1       data   0x000019
          .idata___init.o      idata   0x0004fa       data   0x000000
          .udata___init.o      udata   0x0004fa       data   0x000000
        .idata_fxd3232u.o      idata   0x0004fa       data   0x000000
        .udata_fxd3232u.o      udata   0x0004fa       data   0x000000
      .idata_usb_device.o      idata   0x0004fa       data   0x000000
.idata_usb_function_cdc.o      idata   0x0004fa       data   0x000000
 .idata_usb_descriptors.o      idata   0x0004fa       data   0x000000
 .udata_usb_descriptors.o      udata   0x0004fa       data   0x000000
           .idata_c018i.o      idata   0x0004fa       data   0x000000
            USB_VARIABLES      udata   0x000500       data   0x00008f
      .udata_usb_device.o      udata   0x00058f       data   0x000034
    .idata_main_CDC_I2C.o      idata   0x0005c3       data   0x000018
           .udata_c018i.o      udata   0x0005db       data   0x00000a
            SFR_UNBANKED0      udata   0x000f66       data   0x00009a



                              Program Memory Usage 
                               Start         End      
                           ---------   ---------      
                            0x000000    0x00000d      
                            0x000018    0x001fea      
                            0x001fec    0x002159      
                            0x300000    0x300003      
                            0x300005    0x300006      
            8533 out of 33048 program addresses used, program memory utilization is 25%



                              Symbols - Sorted by Name
                     Name    Address   Location    Storage File                     
                ---------  ---------  ---------  --------- ---------                
                CDCInitEP   0x0018cc    program     extern F:\prog\mplab_projects\i_PSD_program\Microchip\USB\CDC Device Driver\usb_function_cdc.c
             CDCTxService   0x001bba    program     extern F:\prog\mplab_projects\i_PSD_program\Microchip\USB\CDC Device Driver\usb_function_cdc.c
                 FLO1632S   0x001d0c    program     extern E:\3.46\pic18-lt\cxx-framework\src\traditional\math\cast16FP.asm
                 FLO1632U   0x001d08    program     extern E:\3.46\pic18-lt\cxx-framework\src\traditional\math\cast16FP.asm
                    FPD32   0x001d32    program     extern E:\3.46\pic18-lt\cxx-framework\src\traditional\math\divFP.asm
                 FXD3232U   0x00208a    program     extern E:\3.46\pic18-lt\cxx-framework\src\traditional\math\fxd3232u.c
                  INT3216   0x001dd8    program     extern E:\3.46\pic18-lt\cxx-framework\src\traditional\math\castFP16.asm
        Remapped_High_ISR   0x000008    program     extern F:\prog\mplab_projects\PulseForNeuronCircuit\main_CDC_I2C.c
         Remapped_Low_ISR   0x000018    program     extern F:\prog\mplab_projects\PulseForNeuronCircuit\main_CDC_I2C.c
       USBCBCheckOtherReq   0x001746    program     extern F:\prog\mplab_projects\PulseForNeuronCircuit\main_CDC_I2C.c
        USBCBErrorHandler   0x001744    program     extern F:\prog\mplab_projects\PulseForNeuronCircuit\main_CDC_I2C.c
              USBCBInitEP   0x00174c    program     extern F:\prog\mplab_projects\PulseForNeuronCircuit\main_CDC_I2C.c
          USBCBSendResume   0x001750    program     extern F:\prog\mplab_projects\PulseForNeuronCircuit\main_CDC_I2C.c
    USBCBStdSetDscHandler   0x00174a    program     extern F:\prog\mplab_projects\PulseForNeuronCircuit\main_CDC_I2C.c
             USBCBSuspend   0x00173e    program     extern F:\prog\mplab_projects\PulseForNeuronCircuit\main_CDC_I2C.c
     USBCBWakeFromSuspend   0x001740    program     extern F:\prog\mplab_projects\PulseForNeuronCircuit\main_CDC_I2C.c
        USBCB_SOF_Handler   0x001742    program     extern F:\prog\mplab_projects\PulseForNeuronCircuit\main_CDC_I2C.c
       USBCDCEventHandler   0x001934    program     extern F:\prog\mplab_projects\i_PSD_program\Microchip\USB\CDC Device Driver\usb_function_cdc.c
              USBCancelIO   0x0011b8    program     extern F:\prog\mplab_projects\i_PSD_program\Microchip\USB\usb_device.c
       USBCheckCDCRequest   0x00182c    program     extern F:\prog\mplab_projects\i_PSD_program\Microchip\USB\CDC Device Driver\usb_function_cdc.c
       USBCheckStdRequest   0x000552    program     static F:\prog\mplab_projects\i_PSD_program\Microchip\USB\usb_device.c
     USBConfigureEndpoint   0x000ed0    program     static F:\prog\mplab_projects\i_PSD_program\Microchip\USB\usb_device.c
  USBCtrlEPAllowDataStage   0x000922    program     extern F:\prog\mplab_projects\i_PSD_program\Microchip\USB\usb_device.c
USBCtrlEPAllowStatusStage   0x000880    program     extern F:\prog\mplab_projects\i_PSD_program\Microchip\USB\usb_device.c
         USBCtrlEPService   0x00032c    program     static F:\prog\mplab_projects\i_PSD_program\Microchip\USB\usb_device.c
 USBCtrlEPServiceComplete   0x000b1a    program     static F:\prog\mplab_projects\i_PSD_program\Microchip\USB\usb_device.c
      USBCtrlTrfInHandler   0x0004a4    program     static F:\prog\mplab_projects\i_PSD_program\Microchip\USB\usb_device.c
     USBCtrlTrfOutHandler   0x00045a    program     static F:\prog\mplab_projects\i_PSD_program\Microchip\USB\usb_device.c
      USBCtrlTrfRxService   0x000c9a    program     static F:\prog\mplab_projects\i_PSD_program\Microchip\USB\usb_device.c
   USBCtrlTrfSetupHandler   0x0003fc    program     static F:\prog\mplab_projects\i_PSD_program\Microchip\USB\usb_device.c
      USBCtrlTrfTxService   0x000bdc    program     static F:\prog\mplab_projects\i_PSD_program\Microchip\USB\usb_device.c
          USBDeviceAttach   0x001272    program     extern F:\prog\mplab_projects\i_PSD_program\Microchip\USB\usb_device.c
          USBDeviceDetach   0x001268    program     extern F:\prog\mplab_projects\i_PSD_program\Microchip\USB\usb_device.c
            USBDeviceInit   0x00002c    program     extern F:\prog\mplab_projects\i_PSD_program\Microchip\USB\usb_device.c
           USBDeviceTasks   0x000144    program     extern F:\prog\mplab_projects\i_PSD_program\Microchip\USB\usb_device.c
        USBEnableEndpoint   0x000f7c    program     extern F:\prog\mplab_projects\i_PSD_program\Microchip\USB\usb_device.c
         USBStallEndpoint   0x000fea    program     extern F:\prog\mplab_projects\i_PSD_program\Microchip\USB\usb_device.c
          USBStallHandler   0x0002a2    program     static F:\prog\mplab_projects\i_PSD_program\Microchip\USB\usb_device.c
  USBStdFeatureReqHandler   0x000610    program     static F:\prog\mplab_projects\i_PSD_program\Microchip\USB\usb_device.c
      USBStdGetDscHandler   0x00099e    program     static F:\prog\mplab_projects\i_PSD_program\Microchip\USB\usb_device.c
   USBStdGetStatusHandler   0x000a58    program     static F:\prog\mplab_projects\i_PSD_program\Microchip\USB\usb_device.c
      USBStdSetCfgHandler   0x000dd8    program     static F:\prog\mplab_projects\i_PSD_program\Microchip\USB\usb_device.c
               USBSuspend   0x0002d4    program     static F:\prog\mplab_projects\i_PSD_program\Microchip\USB\usb_device.c
     USBTransferOnePacket   0x0010c6    program     extern F:\prog\mplab_projects\i_PSD_program\Microchip\USB\usb_device.c
       USBWakeFromSuspend   0x0002fe    program     static F:\prog\mplab_projects\i_PSD_program\Microchip\USB\usb_device.c
               USB_CD_Ptr   0x001fe3    program     extern F:\prog\mplab_projects\PulseForNeuronCircuit\usb_descriptors.c
               USB_SD_Ptr   0x001fe5    program     extern F:\prog\mplab_projects\PulseForNeuronCircuit\usb_descriptors.c
USER_USB_CALLBACK_EVENT_HANDLER   0x001798    program     extern F:\prog\mplab_projects\PulseForNeuronCircuit\main_CDC_I2C.c
  YourHighPriorityISRCode   0x0012a0    program     extern F:\prog\mplab_projects\PulseForNeuronCircuit\main_CDC_I2C.c
   YourLowPriorityISRCode   0x001360    program     extern F:\prog\mplab_projects\PulseForNeuronCircuit\main_CDC_I2C.c
              _2jContinue   0x0020f2    program     static E:\3.46\pic18-lt\cxx-framework\src\traditional\stdclib\memset.asm
                   _3jEnd   0x0020fc    program     static E:\3.46\pic18-lt\cxx-framework\src\traditional\stdclib\memset.asm
                 __FpExit   0x001e42    program     extern E:\3.46\pic18-lt\cxx-framework\src\traditional\math\packFP.asm
                 __FpPack   0x001e6e    program     extern E:\3.46\pic18-lt\cxx-framework\src\traditional\math\packFP.asm
            __FpReturnNaN   0x001e36    program     extern E:\3.46\pic18-lt\cxx-framework\src\traditional\math\packFP.asm
         __FpReturnNegInf   0x001e48    program     extern E:\3.46\pic18-lt\cxx-framework\src\traditional\math\packFP.asm
        __FpReturnNegZero   0x001e60    program     extern E:\3.46\pic18-lt\cxx-framework\src\traditional\math\packFP.asm
         __FpReturnPosInf   0x001e4e    program     extern E:\3.46\pic18-lt\cxx-framework\src\traditional\math\packFP.asm
        __FpReturnPosZero   0x001e68    program     extern E:\3.46\pic18-lt\cxx-framework\src\traditional\math\packFP.asm
        __FpReturnSignInf   0x001e44    program     extern E:\3.46\pic18-lt\cxx-framework\src\traditional\math\packFP.asm
       __FpReturnSignZero   0x001e5c    program     extern E:\3.46\pic18-lt\cxx-framework\src\traditional\math\packFP.asm
              __FpReturnW   0x001ec6    program     extern E:\3.46\pic18-lt\cxx-framework\src\traditional\math\packFP.asm
              __FpUnPackA   0x001ee6    program     extern E:\3.46\pic18-lt\cxx-framework\src\traditional\math\UnpackFP.asm
              __FpUnPackB   0x001f16    program     extern E:\3.46\pic18-lt\cxx-framework\src\traditional\math\UnpackFP.asm
          ___for_lbl00020   0x00167e    program     static                          
          ___for_lbl00021   0x001688    program     static                          
          ___for_lbl00022   0x001658    program     static                          
       ___return_lbl00000   0x0020d0    program     static                          
       ___return_lbl00000   0x000004    program     static                          
       ___return_lbl00000   0x00000c    program     static                          
       ___return_lbl00001   0x002140    program     static                          
       ___return_lbl00001   0x00001c    program     static                          
       ___return_lbl00002   0x002088    program     static                          
       ___return_lbl00019   0x001688    program     static                          
               __config_0   0x300000    program     static F:\prog\mplab_projects\PulseForNeuronCircuit\main_CDC_I2C.c
               __config_1   0x300001    program     static F:\prog\mplab_projects\PulseForNeuronCircuit\main_CDC_I2C.c
               __config_2   0x300002    program     static F:\prog\mplab_projects\PulseForNeuronCircuit\main_CDC_I2C.c
               __config_3   0x300003    program     static F:\prog\mplab_projects\PulseForNeuronCircuit\main_CDC_I2C.c
               __config_4   0x300005    program     static F:\prog\mplab_projects\PulseForNeuronCircuit\main_CDC_I2C.c
               __config_5   0x300006    program     static F:\prog\mplab_projects\PulseForNeuronCircuit\main_CDC_I2C.c
                   __init   0x000006    program     extern E:\3.46\pic18-lt\cxx-framework\src\traditional\stdclib\__init.c
              __tmplbl_24   0x001672    program     static                          
            __zero_memory   0x002106    program     extern E:\3.46\pic18-lt\cxx-framework\src\traditional\proc\p18f2553.asm
                _do_cinit   0x001fec    program     extern E:\3.46\pic18-lt\cxx-framework\src\traditional\startup\c018i.c
                   _entry   0x000000    program     extern E:\3.46\pic18-lt\cxx-framework\src\traditional\startup\c018i.c
                   _false   0x0020cc    program     static                          
                 _startup   0x002126    program     extern E:\3.46\pic18-lt\cxx-framework\src\traditional\startup\c018i.c
                compare_l   0x00211c    program     static E:\3.46\pic18-lt\cxx-framework\src\traditional\proc\p18f2553.asm
        configDescriptor1   0x001f54    program     extern F:\prog\mplab_projects\PulseForNeuronCircuit\usb_descriptors.c
                copy_loop   0x00205e    program     static                          
            copy_one_byte   0x002064    program     static                          
                delay_xus   0x00164a    program     extern F:\prog\mplab_projects\PulseForNeuronCircuit\main_CDC_I2C.c
               device_dsc   0x001f42    program     extern F:\prog\mplab_projects\PulseForNeuronCircuit\usb_descriptors.c
                     done   0x002088    program     static                          
             done_copying   0x002072    program     static                          
             getsUSBUSART   0x0019be    program     extern F:\prog\mplab_projects\i_PSD_program\Microchip\USB\CDC Device Driver\usb_function_cdc.c
                 jANotInf   0x001d50    program     static E:\3.46\pic18-lt\cxx-framework\src\traditional\math\divFP.asm
                jANotZero   0x001d64    program     static E:\3.46\pic18-lt\cxx-framework\src\traditional\math\divFP.asm
                     jEnd   0x002104    program     static E:\3.46\pic18-lt\cxx-framework\src\traditional\stdclib\memset.asm
                    jExit   0x001e34    program     static E:\3.46\pic18-lt\cxx-framework\src\traditional\math\castFP16.asm
                jI2F16Beg   0x001d1c    program     static E:\3.46\pic18-lt\cxx-framework\src\traditional\math\cast16FP.asm
                    jLoop   0x001d8c    program     static E:\3.46\pic18-lt\cxx-framework\src\traditional\math\divFP.asm
                    jLoop   0x0020e6    program     static E:\3.46\pic18-lt\cxx-framework\src\traditional\stdclib\memset.asm
                    jLoop   0x001e14    program     static E:\3.46\pic18-lt\cxx-framework\src\traditional\math\castFP16.asm
                jLoopExit   0x001e24    program     static E:\3.46\pic18-lt\cxx-framework\src\traditional\math\castFP16.asm
                     jMax   0x001de8    program     static E:\3.46\pic18-lt\cxx-framework\src\traditional\math\castFP16.asm
                  jMaxNeg   0x001df6    program     static E:\3.46\pic18-lt\cxx-framework\src\traditional\math\castFP16.asm
                  jMaxPos   0x001dec    program     static E:\3.46\pic18-lt\cxx-framework\src\traditional\math\castFP16.asm
                    jNext   0x001db2    program     static E:\3.46\pic18-lt\cxx-framework\src\traditional\math\divFP.asm
                jNoAdjust   0x001db0    program     static E:\3.46\pic18-lt\cxx-framework\src\traditional\math\divFP.asm
                  jNotInf   0x001e04    program     static E:\3.46\pic18-lt\cxx-framework\src\traditional\math\castFP16.asm
                  jPkLoop   0x001e7c    program     static E:\3.46\pic18-lt\cxx-framework\src\traditional\math\packFP.asm
             jPkRoundDone   0x001ec6    program     static E:\3.46\pic18-lt\cxx-framework\src\traditional\math\packFP.asm
               jPkRoundIt   0x001eae    program     static E:\3.46\pic18-lt\cxx-framework\src\traditional\math\packFP.asm
             jPkShiftDone   0x001e98    program     static E:\3.46\pic18-lt\cxx-framework\src\traditional\math\packFP.asm
           jReturnPosInf0   0x001e52    program     static E:\3.46\pic18-lt\cxx-framework\src\traditional\math\packFP.asm
              jSignedZero   0x001d5a    program     static E:\3.46\pic18-lt\cxx-framework\src\traditional\math\divFP.asm
                  jUnpkA1   0x001ef0    program     static E:\3.46\pic18-lt\cxx-framework\src\traditional\math\UnpackFP.asm
                  jUnpkA2   0x001f08    program     static E:\3.46\pic18-lt\cxx-framework\src\traditional\math\UnpackFP.asm
                 jUnpkANZ   0x001efe    program     static E:\3.46\pic18-lt\cxx-framework\src\traditional\math\UnpackFP.asm
                  jUnpkB1   0x001f20    program     static E:\3.46\pic18-lt\cxx-framework\src\traditional\math\UnpackFP.asm
                  jUnpkB2   0x001f38    program     static E:\3.46\pic18-lt\cxx-framework\src\traditional\math\UnpackFP.asm
                 jUnpkBNZ   0x001f2e    program     static E:\3.46\pic18-lt\cxx-framework\src\traditional\math\UnpackFP.asm
                 jUnpkNaN   0x001f12    program     static E:\3.46\pic18-lt\cxx-framework\src\traditional\math\UnpackFP.asm
                    jZero   0x001dfe    program     static E:\3.46\pic18-lt\cxx-framework\src\traditional\math\castFP16.asm
               jZero1and2   0x001e56    program     static E:\3.46\pic18-lt\cxx-framework\src\traditional\math\packFP.asm
                     loop   0x002098    program     static                          
                     loop   0x002136    program     static                          
                   loop_h   0x002114    program     static E:\3.46\pic18-lt\cxx-framework\src\traditional\proc\p18f2553.asm
                   loop_l   0x00211e    program     static E:\3.46\pic18-lt\cxx-framework\src\traditional\proc\p18f2553.asm
                     main   0x001382    program     extern F:\prog\mplab_projects\PulseForNeuronCircuit\main_CDC_I2C.c
                   memset   0x0020d2    program     extern E:\3.46\pic18-lt\cxx-framework\src\traditional\stdclib\memset.asm
   mySetLineCodingHandler   0x001690    program     extern F:\prog\mplab_projects\PulseForNeuronCircuit\main_CDC_I2C.c
              putUSBUSART   0x001a7e    program     extern F:\prog\mplab_projects\i_PSD_program\Microchip\USB\CDC Device Driver\usb_function_cdc.c
            putrsUSBUSART   0x001b34    program     extern F:\prog\mplab_projects\i_PSD_program\Microchip\USB\CDC Device Driver\usb_function_cdc.c
             putsUSBUSART   0x001ab0    program     extern F:\prog\mplab_projects\i_PSD_program\Microchip\USB\CDC Device Driver\usb_function_cdc.c
                    sd000   0x001f97    program     extern F:\prog\mplab_projects\PulseForNeuronCircuit\usb_descriptors.c
                    sd001   0x001f9b    program     extern F:\prog\mplab_projects\PulseForNeuronCircuit\usb_descriptors.c
                    sd002   0x001fcf    program     extern F:\prog\mplab_projects\PulseForNeuronCircuit\usb_descriptors.c
                     test   0x002006    program     static                          
               zero_block   0x002114    program     static E:\3.46\pic18-lt\cxx-framework\src\traditional\proc\p18f2553.asm
                   ADCON0   0x000fc2       data     extern E:\3.46\pic18-lt\cxx-framework\src\traditional\proc\p18f2553.asm
               ADCON0bits   0x000fc2       data     extern E:\3.46\pic18-lt\cxx-framework\src\traditional\proc\p18f2553.asm
                   ADCON1   0x000fc1       data     extern E:\3.46\pic18-lt\cxx-framework\src\traditional\proc\p18f2553.asm
               ADCON1bits   0x000fc1       data     extern E:\3.46\pic18-lt\cxx-framework\src\traditional\proc\p18f2553.asm
                   ADCON2   0x000fc0       data     extern E:\3.46\pic18-lt\cxx-framework\src\traditional\proc\p18f2553.asm
               ADCON2bits   0x000fc0       data     extern E:\3.46\pic18-lt\cxx-framework\src\traditional\proc\p18f2553.asm
                    ADRES   0x000fc3       data     extern E:\3.46\pic18-lt\cxx-framework\src\traditional\proc\p18f2553.asm
                   ADRESH   0x000fc4       data     extern E:\3.46\pic18-lt\cxx-framework\src\traditional\proc\p18f2553.asm
                   ADRESL   0x000fc3       data     extern E:\3.46\pic18-lt\cxx-framework\src\traditional\proc\p18f2553.asm
                  BAUDCON   0x000fb8       data     extern E:\3.46\pic18-lt\cxx-framework\src\traditional\proc\p18f2553.asm
              BAUDCONbits   0x000fb8       data     extern E:\3.46\pic18-lt\cxx-framework\src\traditional\proc\p18f2553.asm
                  BAUDCTL   0x000fb8       data     extern E:\3.46\pic18-lt\cxx-framework\src\traditional\proc\p18f2553.asm
              BAUDCTLbits   0x000fb8       data     extern E:\3.46\pic18-lt\cxx-framework\src\traditional\proc\p18f2553.asm
                      BDT   0x000400       data     extern F:\prog\mplab_projects\i_PSD_program\Microchip\USB\usb_device.c
                      BSR   0x000fe0       data     extern E:\3.46\pic18-lt\cxx-framework\src\traditional\proc\p18f2553.asm
              BaudRateGen   0x0004ee       data     extern F:\prog\mplab_projects\i_PSD_program\Microchip\USB\CDC Device Driver\usb_function_cdc.c
       BothEP0OutUOWNsSet   0x0005b6       data     extern F:\prog\mplab_projects\i_PSD_program\Microchip\USB\usb_device.c
                   CCP1AS   0x000fb6       data     extern E:\3.46\pic18-lt\cxx-framework\src\traditional\proc\p18f2553.asm
               CCP1ASbits   0x000fb6       data     extern E:\3.46\pic18-lt\cxx-framework\src\traditional\proc\p18f2553.asm
                  CCP1CON   0x000fbd       data     extern E:\3.46\pic18-lt\cxx-framework\src\traditional\proc\p18f2553.asm
              CCP1CONbits   0x000fbd       data     extern E:\3.46\pic18-lt\cxx-framework\src\traditional\proc\p18f2553.asm
                  CCP1DEL   0x000fb7       data     extern E:\3.46\pic18-lt\cxx-framework\src\traditional\proc\p18f2553.asm
              CCP1DELbits   0x000fb7       data     extern E:\3.46\pic18-lt\cxx-framework\src\traditional\proc\p18f2553.asm
                  CCP2CON   0x000fba       data     extern E:\3.46\pic18-lt\cxx-framework\src\traditional\proc\p18f2553.asm
              CCP2CONbits   0x000fba       data     extern E:\3.46\pic18-lt\cxx-framework\src\traditional\proc\p18f2553.asm
                    CCPR1   0x000fbe       data     extern E:\3.46\pic18-lt\cxx-framework\src\traditional\proc\p18f2553.asm
                   CCPR1H   0x000fbf       data     extern E:\3.46\pic18-lt\cxx-framework\src\traditional\proc\p18f2553.asm
                   CCPR1L   0x000fbe       data     extern E:\3.46\pic18-lt\cxx-framework\src\traditional\proc\p18f2553.asm
                    CCPR2   0x000fbb       data     extern E:\3.46\pic18-lt\cxx-framework\src\traditional\proc\p18f2553.asm
                   CCPR2H   0x000fbc       data     extern E:\3.46\pic18-lt\cxx-framework\src\traditional\proc\p18f2553.asm
                   CCPR2L   0x000fbb       data     extern E:\3.46\pic18-lt\cxx-framework\src\traditional\proc\p18f2553.asm
          CDCDataInHandle   0x0004eb       data     extern F:\prog\mplab_projects\i_PSD_program\Microchip\USB\CDC Device Driver\usb_function_cdc.c
         CDCDataOutHandle   0x0004e9       data     extern F:\prog\mplab_projects\i_PSD_program\Microchip\USB\CDC Device Driver\usb_function_cdc.c
                    CMCON   0x000fb4       data     extern E:\3.46\pic18-lt\cxx-framework\src\traditional\proc\p18f2553.asm
                CMCONbits   0x000fb4       data     extern E:\3.46\pic18-lt\cxx-framework\src\traditional\proc\p18f2553.asm
                   CVRCON   0x000fb5       data     extern E:\3.46\pic18-lt\cxx-framework\src\traditional\proc\p18f2553.asm
               CVRCONbits   0x000fb5       data     extern E:\3.46\pic18-lt\cxx-framework\src\traditional\proc\p18f2553.asm
              CtrlTrfData   0x000438       data     extern F:\prog\mplab_projects\i_PSD_program\Microchip\USB\usb_device.c
                     DDRA   0x000f92       data     extern E:\3.46\pic18-lt\cxx-framework\src\traditional\proc\p18f2553.asm
                 DDRAbits   0x000f92       data     extern E:\3.46\pic18-lt\cxx-framework\src\traditional\proc\p18f2553.asm
                     DDRB   0x000f93       data     extern E:\3.46\pic18-lt\cxx-framework\src\traditional\proc\p18f2553.asm
                 DDRBbits   0x000f93       data     extern E:\3.46\pic18-lt\cxx-framework\src\traditional\proc\p18f2553.asm
                     DDRC   0x000f94       data     extern E:\3.46\pic18-lt\cxx-framework\src\traditional\proc\p18f2553.asm
                 DDRCbits   0x000f94       data     extern E:\3.46\pic18-lt\cxx-framework\src\traditional\proc\p18f2553.asm
                  ECCP1AS   0x000fb6       data     extern E:\3.46\pic18-lt\cxx-framework\src\traditional\proc\p18f2553.asm
              ECCP1ASbits   0x000fb6       data     extern E:\3.46\pic18-lt\cxx-framework\src\traditional\proc\p18f2553.asm
                 ECCP1DEL   0x000fb7       data     extern E:\3.46\pic18-lt\cxx-framework\src\traditional\proc\p18f2553.asm
             ECCP1DELbits   0x000fb7       data     extern E:\3.46\pic18-lt\cxx-framework\src\traditional\proc\p18f2553.asm
                    EEADR   0x000fa9       data     extern E:\3.46\pic18-lt\cxx-framework\src\traditional\proc\p18f2553.asm
                   EECON1   0x000fa6       data     extern E:\3.46\pic18-lt\cxx-framework\src\traditional\proc\p18f2553.asm
               EECON1bits   0x000fa6       data     extern E:\3.46\pic18-lt\cxx-framework\src\traditional\proc\p18f2553.asm
                   EECON2   0x000fa7       data     extern E:\3.46\pic18-lt\cxx-framework\src\traditional\proc\p18f2553.asm
                   EEDATA   0x000fa8       data     extern E:\3.46\pic18-lt\cxx-framework\src\traditional\proc\p18f2553.asm
                     FSR0   0x000fe9       data     extern E:\3.46\pic18-lt\cxx-framework\src\traditional\proc\p18f2553.asm
                    FSR0H   0x000fea       data     extern E:\3.46\pic18-lt\cxx-framework\src\traditional\proc\p18f2553.asm
                    FSR0L   0x000fe9       data     extern E:\3.46\pic18-lt\cxx-framework\src\traditional\proc\p18f2553.asm
                     FSR1   0x000fe1       data     extern E:\3.46\pic18-lt\cxx-framework\src\traditional\proc\p18f2553.asm
                    FSR1H   0x000fe2       data     extern E:\3.46\pic18-lt\cxx-framework\src\traditional\proc\p18f2553.asm
                    FSR1L   0x000fe1       data     extern E:\3.46\pic18-lt\cxx-framework\src\traditional\proc\p18f2553.asm
                     FSR2   0x000fd9       data     extern E:\3.46\pic18-lt\cxx-framework\src\traditional\proc\p18f2553.asm
                    FSR2H   0x000fda       data     extern E:\3.46\pic18-lt\cxx-framework\src\traditional\proc\p18f2553.asm
                    FSR2L   0x000fd9       data     extern E:\3.46\pic18-lt\cxx-framework\src\traditional\proc\p18f2553.asm
                  HLVDCON   0x000fd2       data     extern E:\3.46\pic18-lt\cxx-framework\src\traditional\proc\p18f2553.asm
              HLVDCONbits   0x000fd2       data     extern E:\3.46\pic18-lt\cxx-framework\src\traditional\proc\p18f2553.asm
                    INDF0   0x000fef       data     extern E:\3.46\pic18-lt\cxx-framework\src\traditional\proc\p18f2553.asm
                    INDF1   0x000fe7       data     extern E:\3.46\pic18-lt\cxx-framework\src\traditional\proc\p18f2553.asm
                    INDF2   0x000fdf       data     extern E:\3.46\pic18-lt\cxx-framework\src\traditional\proc\p18f2553.asm
                   INTCON   0x000ff2       data     extern E:\3.46\pic18-lt\cxx-framework\src\traditional\proc\p18f2553.asm
                  INTCON2   0x000ff1       data     extern E:\3.46\pic18-lt\cxx-framework\src\traditional\proc\p18f2553.asm
              INTCON2bits   0x000ff1       data     extern E:\3.46\pic18-lt\cxx-framework\src\traditional\proc\p18f2553.asm
                  INTCON3   0x000ff0       data     extern E:\3.46\pic18-lt\cxx-framework\src\traditional\proc\p18f2553.asm
              INTCON3bits   0x000ff0       data     extern E:\3.46\pic18-lt\cxx-framework\src\traditional\proc\p18f2553.asm
               INTCONbits   0x000ff2       data     extern E:\3.46\pic18-lt\cxx-framework\src\traditional\proc\p18f2553.asm
                     IPR1   0x000f9f       data     extern E:\3.46\pic18-lt\cxx-framework\src\traditional\proc\p18f2553.asm
                 IPR1bits   0x000f9f       data     extern E:\3.46\pic18-lt\cxx-framework\src\traditional\proc\p18f2553.asm
                     IPR2   0x000fa2       data     extern E:\3.46\pic18-lt\cxx-framework\src\traditional\proc\p18f2553.asm
                 IPR2bits   0x000fa2       data     extern E:\3.46\pic18-lt\cxx-framework\src\traditional\proc\p18f2553.asm
                     LATA   0x000f89       data     extern E:\3.46\pic18-lt\cxx-framework\src\traditional\proc\p18f2553.asm
                 LATAbits   0x000f89       data     extern E:\3.46\pic18-lt\cxx-framework\src\traditional\proc\p18f2553.asm
                     LATB   0x000f8a       data     extern E:\3.46\pic18-lt\cxx-framework\src\traditional\proc\p18f2553.asm
                 LATBbits   0x000f8a       data     extern E:\3.46\pic18-lt\cxx-framework\src\traditional\proc\p18f2553.asm
                     LATC   0x000f8b       data     extern E:\3.46\pic18-lt\cxx-framework\src\traditional\proc\p18f2553.asm
                 LATCbits   0x000f8b       data     extern E:\3.46\pic18-lt\cxx-framework\src\traditional\proc\p18f2553.asm
                   LVDCON   0x000fd2       data     extern E:\3.46\pic18-lt\cxx-framework\src\traditional\proc\p18f2553.asm
               LVDCONbits   0x000fd2       data     extern E:\3.46\pic18-lt\cxx-framework\src\traditional\proc\p18f2553.asm
                   OSCCON   0x000fd3       data     extern E:\3.46\pic18-lt\cxx-framework\src\traditional\proc\p18f2553.asm
               OSCCONbits   0x000fd3       data     extern E:\3.46\pic18-lt\cxx-framework\src\traditional\proc\p18f2553.asm
                  OSCTUNE   0x000f9b       data     extern E:\3.46\pic18-lt\cxx-framework\src\traditional\proc\p18f2553.asm
              OSCTUNEbits   0x000f9b       data     extern E:\3.46\pic18-lt\cxx-framework\src\traditional\proc\p18f2553.asm
                       PC   0x000ff9       data     extern E:\3.46\pic18-lt\cxx-framework\src\traditional\proc\p18f2553.asm
                      PCL   0x000ff9       data     extern E:\3.46\pic18-lt\cxx-framework\src\traditional\proc\p18f2553.asm
                   PCLATH   0x000ffa       data     extern E:\3.46\pic18-lt\cxx-framework\src\traditional\proc\p18f2553.asm
                   PCLATU   0x000ffb       data     extern E:\3.46\pic18-lt\cxx-framework\src\traditional\proc\p18f2553.asm
                     PIE1   0x000f9d       data     extern E:\3.46\pic18-lt\cxx-framework\src\traditional\proc\p18f2553.asm
                 PIE1bits   0x000f9d       data     extern E:\3.46\pic18-lt\cxx-framework\src\traditional\proc\p18f2553.asm
                     PIE2   0x000fa0       data     extern E:\3.46\pic18-lt\cxx-framework\src\traditional\proc\p18f2553.asm
                 PIE2bits   0x000fa0       data     extern E:\3.46\pic18-lt\cxx-framework\src\traditional\proc\p18f2553.asm
                     PIR1   0x000f9e       data     extern E:\3.46\pic18-lt\cxx-framework\src\traditional\proc\p18f2553.asm
                 PIR1bits   0x000f9e       data     extern E:\3.46\pic18-lt\cxx-framework\src\traditional\proc\p18f2553.asm
                     PIR2   0x000fa1       data     extern E:\3.46\pic18-lt\cxx-framework\src\traditional\proc\p18f2553.asm
                 PIR2bits   0x000fa1       data     extern E:\3.46\pic18-lt\cxx-framework\src\traditional\proc\p18f2553.asm
                   PLUSW0   0x000feb       data     extern E:\3.46\pic18-lt\cxx-framework\src\traditional\proc\p18f2553.asm
                   PLUSW1   0x000fe3       data     extern E:\3.46\pic18-lt\cxx-framework\src\traditional\proc\p18f2553.asm
                   PLUSW2   0x000fdb       data     extern E:\3.46\pic18-lt\cxx-framework\src\traditional\proc\p18f2553.asm
                    PORTA   0x000f80       data     extern E:\3.46\pic18-lt\cxx-framework\src\traditional\proc\p18f2553.asm
                PORTAbits   0x000f80       data     extern E:\3.46\pic18-lt\cxx-framework\src\traditional\proc\p18f2553.asm
                    PORTB   0x000f81       data     extern E:\3.46\pic18-lt\cxx-framework\src\traditional\proc\p18f2553.asm
                PORTBbits   0x000f81       data     extern E:\3.46\pic18-lt\cxx-framework\src\traditional\proc\p18f2553.asm
                    PORTC   0x000f82       data     extern E:\3.46\pic18-lt\cxx-framework\src\traditional\proc\p18f2553.asm
                PORTCbits   0x000f82       data     extern E:\3.46\pic18-lt\cxx-framework\src\traditional\proc\p18f2553.asm
                    PORTE   0x000f84       data     extern E:\3.46\pic18-lt\cxx-framework\src\traditional\proc\p18f2553.asm
                PORTEbits   0x000f84       data     extern E:\3.46\pic18-lt\cxx-framework\src\traditional\proc\p18f2553.asm
                 POSTDEC0   0x000fed       data     extern E:\3.46\pic18-lt\cxx-framework\src\traditional\proc\p18f2553.asm
                 POSTDEC1   0x000fe5       data     extern E:\3.46\pic18-lt\cxx-framework\src\traditional\proc\p18f2553.asm
                 POSTDEC2   0x000fdd       data     extern E:\3.46\pic18-lt\cxx-framework\src\traditional\proc\p18f2553.asm
                 POSTINC0   0x000fee       data     extern E:\3.46\pic18-lt\cxx-framework\src\traditional\proc\p18f2553.asm
                 POSTINC1   0x000fe6       data     extern E:\3.46\pic18-lt\cxx-framework\src\traditional\proc\p18f2553.asm
                 POSTINC2   0x000fde       data     extern E:\3.46\pic18-lt\cxx-framework\src\traditional\proc\p18f2553.asm
                      PR2   0x000fcb       data     extern E:\3.46\pic18-lt\cxx-framework\src\traditional\proc\p18f2553.asm
                  PREINC0   0x000fec       data     extern E:\3.46\pic18-lt\cxx-framework\src\traditional\proc\p18f2553.asm
                  PREINC1   0x000fe4       data     extern E:\3.46\pic18-lt\cxx-framework\src\traditional\proc\p18f2553.asm
                  PREINC2   0x000fdc       data     extern E:\3.46\pic18-lt\cxx-framework\src\traditional\proc\p18f2553.asm
                     PROD   0x000ff3       data     extern E:\3.46\pic18-lt\cxx-framework\src\traditional\proc\p18f2553.asm
                    PRODH   0x000ff4       data     extern E:\3.46\pic18-lt\cxx-framework\src\traditional\proc\p18f2553.asm
                    PRODL   0x000ff3       data     extern E:\3.46\pic18-lt\cxx-framework\src\traditional\proc\p18f2553.asm
                     RCON   0x000fd0       data     extern E:\3.46\pic18-lt\cxx-framework\src\traditional\proc\p18f2553.asm
                 RCONbits   0x000fd0       data     extern E:\3.46\pic18-lt\cxx-framework\src\traditional\proc\p18f2553.asm
                    RCREG   0x000fae       data     extern E:\3.46\pic18-lt\cxx-framework\src\traditional\proc\p18f2553.asm
                    RCSTA   0x000fab       data     extern E:\3.46\pic18-lt\cxx-framework\src\traditional\proc\p18f2553.asm
                RCSTAbits   0x000fab       data     extern E:\3.46\pic18-lt\cxx-framework\src\traditional\proc\p18f2553.asm
             RemoteWakeup   0x0005b2       data     extern F:\prog\mplab_projects\i_PSD_program\Microchip\USB\usb_device.c
                     SIGN   0x00000e       data     extern E:\3.46\pic18-lt\cxx-framework\src\traditional\math\cmath18.asm
                    SPBRG   0x000faf       data     extern E:\3.46\pic18-lt\cxx-framework\src\traditional\proc\p18f2553.asm
                   SPBRGH   0x000fb0       data     extern E:\3.46\pic18-lt\cxx-framework\src\traditional\proc\p18f2553.asm
                   SSPADD   0x000fc8       data     extern E:\3.46\pic18-lt\cxx-framework\src\traditional\proc\p18f2553.asm
                   SSPBUF   0x000fc9       data     extern E:\3.46\pic18-lt\cxx-framework\src\traditional\proc\p18f2553.asm
                  SSPCON1   0x000fc6       data     extern E:\3.46\pic18-lt\cxx-framework\src\traditional\proc\p18f2553.asm
              SSPCON1bits   0x000fc6       data     extern E:\3.46\pic18-lt\cxx-framework\src\traditional\proc\p18f2553.asm
                  SSPCON2   0x000fc5       data     extern E:\3.46\pic18-lt\cxx-framework\src\traditional\proc\p18f2553.asm
              SSPCON2bits   0x000fc5       data     extern E:\3.46\pic18-lt\cxx-framework\src\traditional\proc\p18f2553.asm
                  SSPSTAT   0x000fc7       data     extern E:\3.46\pic18-lt\cxx-framework\src\traditional\proc\p18f2553.asm
              SSPSTATbits   0x000fc7       data     extern E:\3.46\pic18-lt\cxx-framework\src\traditional\proc\p18f2553.asm
                   STATUS   0x000fd8       data     extern E:\3.46\pic18-lt\cxx-framework\src\traditional\proc\p18f2553.asm
               STATUSbits   0x000fd8       data     extern E:\3.46\pic18-lt\cxx-framework\src\traditional\proc\p18f2553.asm
                   STKPTR   0x000ffc       data     extern E:\3.46\pic18-lt\cxx-framework\src\traditional\proc\p18f2553.asm
               STKPTRbits   0x000ffc       data     extern E:\3.46\pic18-lt\cxx-framework\src\traditional\proc\p18f2553.asm
                 SetupPkt   0x000430       data     extern F:\prog\mplab_projects\i_PSD_program\Microchip\USB\usb_device.c
                    T0CON   0x000fd5       data     extern E:\3.46\pic18-lt\cxx-framework\src\traditional\proc\p18f2553.asm
                T0CONbits   0x000fd5       data     extern E:\3.46\pic18-lt\cxx-framework\src\traditional\proc\p18f2553.asm
                    T1CON   0x000fcd       data     extern E:\3.46\pic18-lt\cxx-framework\src\traditional\proc\p18f2553.asm
                T1CONbits   0x000fcd       data     extern E:\3.46\pic18-lt\cxx-framework\src\traditional\proc\p18f2553.asm
                    T2CON   0x000fca       data     extern E:\3.46\pic18-lt\cxx-framework\src\traditional\proc\p18f2553.asm
                T2CONbits   0x000fca       data     extern E:\3.46\pic18-lt\cxx-framework\src\traditional\proc\p18f2553.asm
                    T3CON   0x000fb1       data     extern E:\3.46\pic18-lt\cxx-framework\src\traditional\proc\p18f2553.asm
                T3CONbits   0x000fb1       data     extern E:\3.46\pic18-lt\cxx-framework\src\traditional\proc\p18f2553.asm
                   TABLAT   0x000ff5       data     extern E:\3.46\pic18-lt\cxx-framework\src\traditional\proc\p18f2553.asm
                   TBLPTR   0x000ff6       data     extern E:\3.46\pic18-lt\cxx-framework\src\traditional\proc\p18f2553.asm
                  TBLPTRH   0x000ff7       data     extern E:\3.46\pic18-lt\cxx-framework\src\traditional\proc\p18f2553.asm
                  TBLPTRL   0x000ff6       data     extern E:\3.46\pic18-lt\cxx-framework\src\traditional\proc\p18f2553.asm
                  TBLPTRU   0x000ff8       data     extern E:\3.46\pic18-lt\cxx-framework\src\traditional\proc\p18f2553.asm
                    TMR0H   0x000fd7       data     extern E:\3.46\pic18-lt\cxx-framework\src\traditional\proc\p18f2553.asm
                    TMR0L   0x000fd6       data     extern E:\3.46\pic18-lt\cxx-framework\src\traditional\proc\p18f2553.asm
                    TMR1H   0x000fcf       data     extern E:\3.46\pic18-lt\cxx-framework\src\traditional\proc\p18f2553.asm
                    TMR1L   0x000fce       data     extern E:\3.46\pic18-lt\cxx-framework\src\traditional\proc\p18f2553.asm
                     TMR2   0x000fcc       data     extern E:\3.46\pic18-lt\cxx-framework\src\traditional\proc\p18f2553.asm
                    TMR3H   0x000fb3       data     extern E:\3.46\pic18-lt\cxx-framework\src\traditional\proc\p18f2553.asm
                    TMR3L   0x000fb2       data     extern E:\3.46\pic18-lt\cxx-framework\src\traditional\proc\p18f2553.asm
                      TOS   0x000ffd       data     extern E:\3.46\pic18-lt\cxx-framework\src\traditional\proc\p18f2553.asm
                     TOSH   0x000ffe       data     extern E:\3.46\pic18-lt\cxx-framework\src\traditional\proc\p18f2553.asm
                     TOSL   0x000ffd       data     extern E:\3.46\pic18-lt\cxx-framework\src\traditional\proc\p18f2553.asm
                     TOSU   0x000fff       data     extern E:\3.46\pic18-lt\cxx-framework\src\traditional\proc\p18f2553.asm
                    TRISA   0x000f92       data     extern E:\3.46\pic18-lt\cxx-framework\src\traditional\proc\p18f2553.asm
                TRISAbits   0x000f92       data     extern E:\3.46\pic18-lt\cxx-framework\src\traditional\proc\p18f2553.asm
                    TRISB   0x000f93       data     extern E:\3.46\pic18-lt\cxx-framework\src\traditional\proc\p18f2553.asm
                TRISBbits   0x000f93       data     extern E:\3.46\pic18-lt\cxx-framework\src\traditional\proc\p18f2553.asm
                    TRISC   0x000f94       data     extern E:\3.46\pic18-lt\cxx-framework\src\traditional\proc\p18f2553.asm
                TRISCbits   0x000f94       data     extern E:\3.46\pic18-lt\cxx-framework\src\traditional\proc\p18f2553.asm
                    TXREG   0x000fad       data     extern E:\3.46\pic18-lt\cxx-framework\src\traditional\proc\p18f2553.asm
                    TXSTA   0x000fac       data     extern E:\3.46\pic18-lt\cxx-framework\src\traditional\proc\p18f2553.asm
                TXSTAbits   0x000fac       data     extern E:\3.46\pic18-lt\cxx-framework\src\traditional\proc\p18f2553.asm
                    UADDR   0x000f6e       data     extern E:\3.46\pic18-lt\cxx-framework\src\traditional\proc\p18f2553.asm
                UADDRbits   0x000f6e       data     extern E:\3.46\pic18-lt\cxx-framework\src\traditional\proc\p18f2553.asm
                     UCFG   0x000f6f       data     extern E:\3.46\pic18-lt\cxx-framework\src\traditional\proc\p18f2553.asm
                 UCFGbits   0x000f6f       data     extern E:\3.46\pic18-lt\cxx-framework\src\traditional\proc\p18f2553.asm
                     UCON   0x000f6d       data     extern E:\3.46\pic18-lt\cxx-framework\src\traditional\proc\p18f2553.asm
                 UCONbits   0x000f6d       data     extern E:\3.46\pic18-lt\cxx-framework\src\traditional\proc\p18f2553.asm
                     UEIE   0x000f6b       data     extern E:\3.46\pic18-lt\cxx-framework\src\traditional\proc\p18f2553.asm
                 UEIEbits   0x000f6b       data     extern E:\3.46\pic18-lt\cxx-framework\src\traditional\proc\p18f2553.asm
                     UEIR   0x000f6a       data     extern E:\3.46\pic18-lt\cxx-framework\src\traditional\proc\p18f2553.asm
                 UEIRbits   0x000f6a       data     extern E:\3.46\pic18-lt\cxx-framework\src\traditional\proc\p18f2553.asm
                     UEP0   0x000f70       data     extern E:\3.46\pic18-lt\cxx-framework\src\traditional\proc\p18f2553.asm
                 UEP0bits   0x000f70       data     extern E:\3.46\pic18-lt\cxx-framework\src\traditional\proc\p18f2553.asm
                     UEP1   0x000f71       data     extern E:\3.46\pic18-lt\cxx-framework\src\traditional\proc\p18f2553.asm
                    UEP10   0x000f7a       data     extern E:\3.46\pic18-lt\cxx-framework\src\traditional\proc\p18f2553.asm
                UEP10bits   0x000f7a       data     extern E:\3.46\pic18-lt\cxx-framework\src\traditional\proc\p18f2553.asm
                    UEP11   0x000f7b       data     extern E:\3.46\pic18-lt\cxx-framework\src\traditional\proc\p18f2553.asm
                UEP11bits   0x000f7b       data     extern E:\3.46\pic18-lt\cxx-framework\src\traditional\proc\p18f2553.asm
                    UEP12   0x000f7c       data     extern E:\3.46\pic18-lt\cxx-framework\src\traditional\proc\p18f2553.asm
                UEP12bits   0x000f7c       data     extern E:\3.46\pic18-lt\cxx-framework\src\traditional\proc\p18f2553.asm
                    UEP13   0x000f7d       data     extern E:\3.46\pic18-lt\cxx-framework\src\traditional\proc\p18f2553.asm
                UEP13bits   0x000f7d       data     extern E:\3.46\pic18-lt\cxx-framework\src\traditional\proc\p18f2553.asm
                    UEP14   0x000f7e       data     extern E:\3.46\pic18-lt\cxx-framework\src\traditional\proc\p18f2553.asm
                UEP14bits   0x000f7e       data     extern E:\3.46\pic18-lt\cxx-framework\src\traditional\proc\p18f2553.asm
                    UEP15   0x000f7f       data     extern E:\3.46\pic18-lt\cxx-framework\src\traditional\proc\p18f2553.asm
                UEP15bits   0x000f7f       data     extern E:\3.46\pic18-lt\cxx-framework\src\traditional\proc\p18f2553.asm
                 UEP1bits   0x000f71       data     extern E:\3.46\pic18-lt\cxx-framework\src\traditional\proc\p18f2553.asm
                     UEP2   0x000f72       data     extern E:\3.46\pic18-lt\cxx-framework\src\traditional\proc\p18f2553.asm
                 UEP2bits   0x000f72       data     extern E:\3.46\pic18-lt\cxx-framework\src\traditional\proc\p18f2553.asm
                     UEP3   0x000f73       data     extern E:\3.46\pic18-lt\cxx-framework\src\traditional\proc\p18f2553.asm
                 UEP3bits   0x000f73       data     extern E:\3.46\pic18-lt\cxx-framework\src\traditional\proc\p18f2553.asm
                     UEP4   0x000f74       data     extern E:\3.46\pic18-lt\cxx-framework\src\traditional\proc\p18f2553.asm
                 UEP4bits   0x000f74       data     extern E:\3.46\pic18-lt\cxx-framework\src\traditional\proc\p18f2553.asm
                     UEP5   0x000f75       data     extern E:\3.46\pic18-lt\cxx-framework\src\traditional\proc\p18f2553.asm
                 UEP5bits   0x000f75       data     extern E:\3.46\pic18-lt\cxx-framework\src\traditional\proc\p18f2553.asm
                     UEP6   0x000f76       data     extern E:\3.46\pic18-lt\cxx-framework\src\traditional\proc\p18f2553.asm
                 UEP6bits   0x000f76       data     extern E:\3.46\pic18-lt\cxx-framework\src\traditional\proc\p18f2553.asm
                     UEP7   0x000f77       data     extern E:\3.46\pic18-lt\cxx-framework\src\traditional\proc\p18f2553.asm
                 UEP7bits   0x000f77       data     extern E:\3.46\pic18-lt\cxx-framework\src\traditional\proc\p18f2553.asm
                     UEP8   0x000f78       data     extern E:\3.46\pic18-lt\cxx-framework\src\traditional\proc\p18f2553.asm
                 UEP8bits   0x000f78       data     extern E:\3.46\pic18-lt\cxx-framework\src\traditional\proc\p18f2553.asm
                     UEP9   0x000f79       data     extern E:\3.46\pic18-lt\cxx-framework\src\traditional\proc\p18f2553.asm
                 UEP9bits   0x000f79       data     extern E:\3.46\pic18-lt\cxx-framework\src\traditional\proc\p18f2553.asm
                     UFRM   0x000f66       data     extern E:\3.46\pic18-lt\cxx-framework\src\traditional\proc\p18f2553.asm
                    UFRMH   0x000f67       data     extern E:\3.46\pic18-lt\cxx-framework\src\traditional\proc\p18f2553.asm
                UFRMHbits   0x000f67       data     extern E:\3.46\pic18-lt\cxx-framework\src\traditional\proc\p18f2553.asm
                    UFRML   0x000f66       data     extern E:\3.46\pic18-lt\cxx-framework\src\traditional\proc\p18f2553.asm
                UFRMLbits   0x000f66       data     extern E:\3.46\pic18-lt\cxx-framework\src\traditional\proc\p18f2553.asm
                      UIE   0x000f69       data     extern E:\3.46\pic18-lt\cxx-framework\src\traditional\proc\p18f2553.asm
                  UIEbits   0x000f69       data     extern E:\3.46\pic18-lt\cxx-framework\src\traditional\proc\p18f2553.asm
                      UIR   0x000f68       data     extern E:\3.46\pic18-lt\cxx-framework\src\traditional\proc\p18f2553.asm
                  UIRbits   0x000f68       data     extern E:\3.46\pic18-lt\cxx-framework\src\traditional\proc\p18f2553.asm
   USBActiveConfiguration   0x000590       data     extern F:\prog\mplab_projects\i_PSD_program\Microchip\USB\usb_device.c
    USBAlternateInterface   0x000591       data     extern F:\prog\mplab_projects\i_PSD_program\Microchip\USB\usb_device.c
        USBBusIsSuspended   0x0005b3       data     extern F:\prog\mplab_projects\i_PSD_program\Microchip\USB\usb_device.c
USBDeferINDataStagePackets   0x0005c1       data     extern F:\prog\mplab_projects\i_PSD_program\Microchip\USB\usb_device.c
USBDeferOUTDataStagePackets   0x0005c2       data     extern F:\prog\mplab_projects\i_PSD_program\Microchip\USB\usb_device.c
USBDeferStatusStagePacket   0x0005be       data     extern F:\prog\mplab_projects\i_PSD_program\Microchip\USB\usb_device.c
           USBDeviceState   0x00058f       data     extern F:\prog\mplab_projects\i_PSD_program\Microchip\USB\usb_device.c
                 USBRxNum   0x0004c6       data     extern F:\prog\mplab_projects\PulseForNeuronCircuit\main_CDC_I2C.c
USBStatusStageEnabledFlag1   0x0005bf       data     extern F:\prog\mplab_projects\i_PSD_program\Microchip\USB\usb_device.c
USBStatusStageEnabledFlag2   0x0005c0       data     extern F:\prog\mplab_projects\i_PSD_program\Microchip\USB\usb_device.c
USBStatusStageTimeoutCounter   0x0005bd       data     extern F:\prog\mplab_projects\i_PSD_program\Microchip\USB\usb_device.c
               USB_In_Buf   0x000480       data     extern F:\prog\mplab_projects\PulseForNeuronCircuit\main_CDC_I2C.c
              USB_Out_Buf   0x000440       data     extern F:\prog\mplab_projects\PulseForNeuronCircuit\main_CDC_I2C.c
                    USTAT   0x000f6c       data     extern E:\3.46\pic18-lt\cxx-framework\src\traditional\proc\p18f2553.asm
                USTATbits   0x000f6c       data     extern E:\3.46\pic18-lt\cxx-framework\src\traditional\proc\p18f2553.asm
                USTATcopy   0x0005b4       data     extern F:\prog\mplab_projects\i_PSD_program\Microchip\USB\usb_device.c
                   WDTCON   0x000fd1       data     extern E:\3.46\pic18-lt\cxx-framework\src\traditional\proc\p18f2553.asm
               WDTCONbits   0x000fd1       data     extern E:\3.46\pic18-lt\cxx-framework\src\traditional\proc\p18f2553.asm
                     WREG   0x000fe8       data     extern E:\3.46\pic18-lt\cxx-framework\src\traditional\proc\p18f2553.asm
                 __AARGB0   0x000007       data     extern E:\3.46\pic18-lt\cxx-framework\src\traditional\math\aarg.asm
                 __AARGB1   0x000006       data     extern E:\3.46\pic18-lt\cxx-framework\src\traditional\math\aarg.asm
                 __AARGB2   0x000005       data     extern E:\3.46\pic18-lt\cxx-framework\src\traditional\math\aarg.asm
                 __AARGB3   0x000004       data     extern E:\3.46\pic18-lt\cxx-framework\src\traditional\math\aarg.asm
                 __AARGB4   0x000003       data     extern E:\3.46\pic18-lt\cxx-framework\src\traditional\math\aarg.asm
                 __AARGB5   0x000002       data     extern E:\3.46\pic18-lt\cxx-framework\src\traditional\math\aarg.asm
                 __AARGB6   0x000001       data     extern E:\3.46\pic18-lt\cxx-framework\src\traditional\math\aarg.asm
                 __AARGB7   0x000000       data     extern E:\3.46\pic18-lt\cxx-framework\src\traditional\math\aarg.asm
                   __AEXP   0x000008       data     extern E:\3.46\pic18-lt\cxx-framework\src\traditional\math\aarg.asm
                 __BARGB0   0x00000c       data     extern E:\3.46\pic18-lt\cxx-framework\src\traditional\math\barg.asm
                 __BARGB1   0x00000b       data     extern E:\3.46\pic18-lt\cxx-framework\src\traditional\math\barg.asm
                 __BARGB2   0x00000a       data     extern E:\3.46\pic18-lt\cxx-framework\src\traditional\math\barg.asm
                 __BARGB3   0x000009       data     extern E:\3.46\pic18-lt\cxx-framework\src\traditional\math\barg.asm
                   __BEXP   0x00000d       data     extern E:\3.46\pic18-lt\cxx-framework\src\traditional\math\barg.asm
                __FPFLAGS   0x00000f       data     extern E:\3.46\pic18-lt\cxx-framework\src\traditional\math\cmath18.asm
            __FPFLAGSbits   0x00000f       data     extern E:\3.46\pic18-lt\cxx-framework\src\traditional\math\cmath18.asm
                  __REMB0   0x000003       data     extern E:\3.46\pic18-lt\cxx-framework\src\traditional\math\aarg.asm
                  __REMB1   0x000002       data     extern E:\3.46\pic18-lt\cxx-framework\src\traditional\math\aarg.asm
                  __REMB2   0x000001       data     extern E:\3.46\pic18-lt\cxx-framework\src\traditional\math\aarg.asm
                  __REMB3   0x000000       data     extern E:\3.46\pic18-lt\cxx-framework\src\traditional\math\aarg.asm
                   __TEMP   0x000013       data     extern E:\3.46\pic18-lt\cxx-framework\src\traditional\math\temparg.asm
                 __TEMPB0   0x000013       data     extern E:\3.46\pic18-lt\cxx-framework\src\traditional\math\temparg.asm
                 __TEMPB1   0x000012       data     extern E:\3.46\pic18-lt\cxx-framework\src\traditional\math\temparg.asm
                 __TEMPB2   0x000011       data     extern E:\3.46\pic18-lt\cxx-framework\src\traditional\math\temparg.asm
                 __TEMPB3   0x000010       data     extern E:\3.46\pic18-lt\cxx-framework\src\traditional\math\temparg.asm
                  __tmp_0   0x000014       data     static F:\prog\mplab_projects\i_PSD_program\Microchip\USB\CDC Device Driver\usb_function_cdc.c
                  __tmp_0   0x000014       data     static F:\prog\mplab_projects\i_PSD_program\Microchip\USB\usb_device.c
                  __tmp_0   0x000014       data     static F:\prog\mplab_projects\PulseForNeuronCircuit\main_CDC_I2C.c
                        b   0x0004c3       data     extern F:\prog\mplab_projects\PulseForNeuronCircuit\main_CDC_I2C.c
              cdc_data_rx   0x000508       data     extern F:\prog\mplab_projects\i_PSD_program\Microchip\USB\CDC Device Driver\usb_function_cdc.c
              cdc_data_tx   0x000548       data     extern F:\prog\mplab_projects\i_PSD_program\Microchip\USB\CDC Device Driver\usb_function_cdc.c
             cdc_mem_type   0x0004e8       data     extern F:\prog\mplab_projects\i_PSD_program\Microchip\USB\CDC Device Driver\usb_function_cdc.c
               cdc_notice   0x000500       data     extern F:\prog\mplab_projects\i_PSD_program\Microchip\USB\CDC Device Driver\usb_function_cdc.c
               cdc_rx_len   0x0004e1       data     extern F:\prog\mplab_projects\i_PSD_program\Microchip\USB\CDC Device Driver\usb_function_cdc.c
            cdc_trf_state   0x0004e2       data     extern F:\prog\mplab_projects\i_PSD_program\Microchip\USB\CDC Device Driver\usb_function_cdc.c
               cdc_tx_len   0x0004e7       data     extern F:\prog\mplab_projects\i_PSD_program\Microchip\USB\CDC Device Driver\usb_function_cdc.c
     controlTransferState   0x0005a3       data     extern F:\prog\mplab_projects\i_PSD_program\Microchip\USB\usb_device.c
    control_signal_bitmap   0x0004ed       data     extern F:\prog\mplab_projects\i_PSD_program\Microchip\USB\CDC Device Driver\usb_function_cdc.c
                 counter2   0x0004c7       data     extern F:\prog\mplab_projects\PulseForNeuronCircuit\main_CDC_I2C.c
                 counter3   0x0004d7       data     extern F:\prog\mplab_projects\PulseForNeuronCircuit\main_CDC_I2C.c
                curr_byte   0x0005de       data     static E:\3.46\pic18-lt\cxx-framework\src\traditional\startup\c018i.c
               curr_entry   0x0005e0       data     static E:\3.46\pic18-lt\cxx-framework\src\traditional\startup\c018i.c
                   cycleh   0x0004d3       data     extern F:\prog\mplab_projects\PulseForNeuronCircuit\main_CDC_I2C.c
                   cyclel   0x0004d5       data     extern F:\prog\mplab_projects\PulseForNeuronCircuit\main_CDC_I2C.c
                 data_ptr   0x0005e2       data     static E:\3.46\pic18-lt\cxx-framework\src\traditional\startup\c018i.c
              delay_count   0x0004df       data     static F:\prog\mplab_projects\PulseForNeuronCircuit\main_CDC_I2C.c
dummy_encapsulated_cmd_response   0x0004f2       data     extern F:\prog\mplab_projects\i_PSD_program\Microchip\USB\CDC Device Driver\usb_function_cdc.c
          endpoint_number   0x0005b5       data     extern F:\prog\mplab_projects\i_PSD_program\Microchip\USB\usb_device.c
               ep_data_in   0x0005b7       data     extern F:\prog\mplab_projects\i_PSD_program\Microchip\USB\usb_device.c
              ep_data_out   0x0005ba       data     extern F:\prog\mplab_projects\i_PSD_program\Microchip\USB\usb_device.c
                     flag   0x0005d7       data     extern F:\prog\mplab_projects\PulseForNeuronCircuit\main_CDC_I2C.c
                    hflag   0x0004dd       data     extern F:\prog\mplab_projects\PulseForNeuronCircuit\main_CDC_I2C.c
             high_counter   0x0004cf       data     extern F:\prog\mplab_projects\PulseForNeuronCircuit\main_CDC_I2C.c
                high_flag   0x0004cd       data     extern F:\prog\mplab_projects\PulseForNeuronCircuit\main_CDC_I2C.c
                        i   0x0004c2       data     extern F:\prog\mplab_projects\PulseForNeuronCircuit\main_CDC_I2C.c
                  inPipes   0x0005a4       data     extern F:\prog\mplab_projects\i_PSD_program\Microchip\USB\usb_device.c
                     info   0x0005c3       data     extern F:\prog\mplab_projects\PulseForNeuronCircuit\main_CDC_I2C.c
         lastTransmission   0x0004c0       data     extern F:\prog\mplab_projects\PulseForNeuronCircuit\main_CDC_I2C.c
              line_coding   0x000588       data     extern F:\prog\mplab_projects\i_PSD_program\Microchip\USB\CDC Device Driver\usb_function_cdc.c
              low_counter   0x0004d1       data     extern F:\prog\mplab_projects\PulseForNeuronCircuit\main_CDC_I2C.c
                 outPipes   0x0005a9       data     extern F:\prog\mplab_projects\i_PSD_program\Microchip\USB\usb_device.c
   pBDTEntryEP0OutCurrent   0x000592       data     extern F:\prog\mplab_projects\i_PSD_program\Microchip\USB\usb_device.c
      pBDTEntryEP0OutNext   0x000594       data     extern F:\prog\mplab_projects\i_PSD_program\Microchip\USB\usb_device.c
              pBDTEntryIn   0x00059c       data     extern F:\prog\mplab_projects\i_PSD_program\Microchip\USB\usb_device.c
             pBDTEntryOut   0x000596       data     extern F:\prog\mplab_projects\i_PSD_program\Microchip\USB\usb_device.c
                  pCDCDst   0x0004e5       data     extern F:\prog\mplab_projects\i_PSD_program\Microchip\USB\CDC Device Driver\usb_function_cdc.c
                  pCDCSrc   0x0004e3       data     extern F:\prog\mplab_projects\i_PSD_program\Microchip\USB\CDC Device Driver\usb_function_cdc.c
                     pDst   0x0005b0       data     extern F:\prog\mplab_projects\i_PSD_program\Microchip\USB\usb_device.c
                   period   0x0004d9       data     extern F:\prog\mplab_projects\PulseForNeuronCircuit\main_CDC_I2C.c
                     prom   0x0005db       data     static E:\3.46\pic18-lt\cxx-framework\src\traditional\startup\c018i.c
        shortPacketStatus   0x0005a2       data     extern F:\prog\mplab_projects\i_PSD_program\Microchip\USB\usb_device.c
                    start   0x0005d9       data     extern F:\prog\mplab_projects\PulseForNeuronCircuit\main_CDC_I2C.c
                   tcount   0x0004db       data     extern F:\prog\mplab_projects\PulseForNeuronCircuit\main_CDC_I2C.c
                     temp   0x0004c5       data     extern F:\prog\mplab_projects\PulseForNeuronCircuit\main_CDC_I2C.c
                    thigh   0x0004c9       data     extern F:\prog\mplab_projects\PulseForNeuronCircuit\main_CDC_I2C.c
                     tlow   0x0004cb       data     extern F:\prog\mplab_projects\PulseForNeuronCircuit\main_CDC_I2C.c



                              Symbols - Sorted by Address
                     Name    Address   Location    Storage File                     
                ---------  ---------  ---------  --------- ---------                
                   _entry   0x000000    program     extern E:\3.46\pic18-lt\cxx-framework\src\traditional\startup\c018i.c
       ___return_lbl00000   0x000004    program     static                          
                   __init   0x000006    program     extern E:\3.46\pic18-lt\cxx-framework\src\traditional\stdclib\__init.c
        Remapped_High_ISR   0x000008    program     extern F:\prog\mplab_projects\PulseForNeuronCircuit\main_CDC_I2C.c
       ___return_lbl00000   0x00000c    program     static                          
         Remapped_Low_ISR   0x000018    program     extern F:\prog\mplab_projects\PulseForNeuronCircuit\main_CDC_I2C.c
       ___return_lbl00001   0x00001c    program     static                          
            USBDeviceInit   0x00002c    program     extern F:\prog\mplab_projects\i_PSD_program\Microchip\USB\usb_device.c
           USBDeviceTasks   0x000144    program     extern F:\prog\mplab_projects\i_PSD_program\Microchip\USB\usb_device.c
          USBStallHandler   0x0002a2    program     static F:\prog\mplab_projects\i_PSD_program\Microchip\USB\usb_device.c
               USBSuspend   0x0002d4    program     static F:\prog\mplab_projects\i_PSD_program\Microchip\USB\usb_device.c
       USBWakeFromSuspend   0x0002fe    program     static F:\prog\mplab_projects\i_PSD_program\Microchip\USB\usb_device.c
         USBCtrlEPService   0x00032c    program     static F:\prog\mplab_projects\i_PSD_program\Microchip\USB\usb_device.c
   USBCtrlTrfSetupHandler   0x0003fc    program     static F:\prog\mplab_projects\i_PSD_program\Microchip\USB\usb_device.c
     USBCtrlTrfOutHandler   0x00045a    program     static F:\prog\mplab_projects\i_PSD_program\Microchip\USB\usb_device.c
      USBCtrlTrfInHandler   0x0004a4    program     static F:\prog\mplab_projects\i_PSD_program\Microchip\USB\usb_device.c
       USBCheckStdRequest   0x000552    program     static F:\prog\mplab_projects\i_PSD_program\Microchip\USB\usb_device.c
  USBStdFeatureReqHandler   0x000610    program     static F:\prog\mplab_projects\i_PSD_program\Microchip\USB\usb_device.c
USBCtrlEPAllowStatusStage   0x000880    program     extern F:\prog\mplab_projects\i_PSD_program\Microchip\USB\usb_device.c
  USBCtrlEPAllowDataStage   0x000922    program     extern F:\prog\mplab_projects\i_PSD_program\Microchip\USB\usb_device.c
      USBStdGetDscHandler   0x00099e    program     static F:\prog\mplab_projects\i_PSD_program\Microchip\USB\usb_device.c
   USBStdGetStatusHandler   0x000a58    program     static F:\prog\mplab_projects\i_PSD_program\Microchip\USB\usb_device.c
 USBCtrlEPServiceComplete   0x000b1a    program     static F:\prog\mplab_projects\i_PSD_program\Microchip\USB\usb_device.c
      USBCtrlTrfTxService   0x000bdc    program     static F:\prog\mplab_projects\i_PSD_program\Microchip\USB\usb_device.c
      USBCtrlTrfRxService   0x000c9a    program     static F:\prog\mplab_projects\i_PSD_program\Microchip\USB\usb_device.c
      USBStdSetCfgHandler   0x000dd8    program     static F:\prog\mplab_projects\i_PSD_program\Microchip\USB\usb_device.c
     USBConfigureEndpoint   0x000ed0    program     static F:\prog\mplab_projects\i_PSD_program\Microchip\USB\usb_device.c
        USBEnableEndpoint   0x000f7c    program     extern F:\prog\mplab_projects\i_PSD_program\Microchip\USB\usb_device.c
         USBStallEndpoint   0x000fea    program     extern F:\prog\mplab_projects\i_PSD_program\Microchip\USB\usb_device.c
     USBTransferOnePacket   0x0010c6    program     extern F:\prog\mplab_projects\i_PSD_program\Microchip\USB\usb_device.c
              USBCancelIO   0x0011b8    program     extern F:\prog\mplab_projects\i_PSD_program\Microchip\USB\usb_device.c
          USBDeviceDetach   0x001268    program     extern F:\prog\mplab_projects\i_PSD_program\Microchip\USB\usb_device.c
          USBDeviceAttach   0x001272    program     extern F:\prog\mplab_projects\i_PSD_program\Microchip\USB\usb_device.c
  YourHighPriorityISRCode   0x0012a0    program     extern F:\prog\mplab_projects\PulseForNeuronCircuit\main_CDC_I2C.c
   YourLowPriorityISRCode   0x001360    program     extern F:\prog\mplab_projects\PulseForNeuronCircuit\main_CDC_I2C.c
                     main   0x001382    program     extern F:\prog\mplab_projects\PulseForNeuronCircuit\main_CDC_I2C.c
                delay_xus   0x00164a    program     extern F:\prog\mplab_projects\PulseForNeuronCircuit\main_CDC_I2C.c
          ___for_lbl00022   0x001658    program     static                          
              __tmplbl_24   0x001672    program     static                          
          ___for_lbl00020   0x00167e    program     static                          
       ___return_lbl00019   0x001688    program     static                          
          ___for_lbl00021   0x001688    program     static                          
   mySetLineCodingHandler   0x001690    program     extern F:\prog\mplab_projects\PulseForNeuronCircuit\main_CDC_I2C.c
             USBCBSuspend   0x00173e    program     extern F:\prog\mplab_projects\PulseForNeuronCircuit\main_CDC_I2C.c
     USBCBWakeFromSuspend   0x001740    program     extern F:\prog\mplab_projects\PulseForNeuronCircuit\main_CDC_I2C.c
        USBCB_SOF_Handler   0x001742    program     extern F:\prog\mplab_projects\PulseForNeuronCircuit\main_CDC_I2C.c
        USBCBErrorHandler   0x001744    program     extern F:\prog\mplab_projects\PulseForNeuronCircuit\main_CDC_I2C.c
       USBCBCheckOtherReq   0x001746    program     extern F:\prog\mplab_projects\PulseForNeuronCircuit\main_CDC_I2C.c
    USBCBStdSetDscHandler   0x00174a    program     extern F:\prog\mplab_projects\PulseForNeuronCircuit\main_CDC_I2C.c
              USBCBInitEP   0x00174c    program     extern F:\prog\mplab_projects\PulseForNeuronCircuit\main_CDC_I2C.c
          USBCBSendResume   0x001750    program     extern F:\prog\mplab_projects\PulseForNeuronCircuit\main_CDC_I2C.c
USER_USB_CALLBACK_EVENT_HANDLER   0x001798    program     extern F:\prog\mplab_projects\PulseForNeuronCircuit\main_CDC_I2C.c
       USBCheckCDCRequest   0x00182c    program     extern F:\prog\mplab_projects\i_PSD_program\Microchip\USB\CDC Device Driver\usb_function_cdc.c
                CDCInitEP   0x0018cc    program     extern F:\prog\mplab_projects\i_PSD_program\Microchip\USB\CDC Device Driver\usb_function_cdc.c
       USBCDCEventHandler   0x001934    program     extern F:\prog\mplab_projects\i_PSD_program\Microchip\USB\CDC Device Driver\usb_function_cdc.c
             getsUSBUSART   0x0019be    program     extern F:\prog\mplab_projects\i_PSD_program\Microchip\USB\CDC Device Driver\usb_function_cdc.c
              putUSBUSART   0x001a7e    program     extern F:\prog\mplab_projects\i_PSD_program\Microchip\USB\CDC Device Driver\usb_function_cdc.c
             putsUSBUSART   0x001ab0    program     extern F:\prog\mplab_projects\i_PSD_program\Microchip\USB\CDC Device Driver\usb_function_cdc.c
            putrsUSBUSART   0x001b34    program     extern F:\prog\mplab_projects\i_PSD_program\Microchip\USB\CDC Device Driver\usb_function_cdc.c
             CDCTxService   0x001bba    program     extern F:\prog\mplab_projects\i_PSD_program\Microchip\USB\CDC Device Driver\usb_function_cdc.c
                 FLO1632U   0x001d08    program     extern E:\3.46\pic18-lt\cxx-framework\src\traditional\math\cast16FP.asm
                 FLO1632S   0x001d0c    program     extern E:\3.46\pic18-lt\cxx-framework\src\traditional\math\cast16FP.asm
                jI2F16Beg   0x001d1c    program     static E:\3.46\pic18-lt\cxx-framework\src\traditional\math\cast16FP.asm
                    FPD32   0x001d32    program     extern E:\3.46\pic18-lt\cxx-framework\src\traditional\math\divFP.asm
                 jANotInf   0x001d50    program     static E:\3.46\pic18-lt\cxx-framework\src\traditional\math\divFP.asm
              jSignedZero   0x001d5a    program     static E:\3.46\pic18-lt\cxx-framework\src\traditional\math\divFP.asm
                jANotZero   0x001d64    program     static E:\3.46\pic18-lt\cxx-framework\src\traditional\math\divFP.asm
                    jLoop   0x001d8c    program     static E:\3.46\pic18-lt\cxx-framework\src\traditional\math\divFP.asm
                jNoAdjust   0x001db0    program     static E:\3.46\pic18-lt\cxx-framework\src\traditional\math\divFP.asm
                    jNext   0x001db2    program     static E:\3.46\pic18-lt\cxx-framework\src\traditional\math\divFP.asm
                  INT3216   0x001dd8    program     extern E:\3.46\pic18-lt\cxx-framework\src\traditional\math\castFP16.asm
                     jMax   0x001de8    program     static E:\3.46\pic18-lt\cxx-framework\src\traditional\math\castFP16.asm
                  jMaxPos   0x001dec    program     static E:\3.46\pic18-lt\cxx-framework\src\traditional\math\castFP16.asm
                  jMaxNeg   0x001df6    program     static E:\3.46\pic18-lt\cxx-framework\src\traditional\math\castFP16.asm
                    jZero   0x001dfe    program     static E:\3.46\pic18-lt\cxx-framework\src\traditional\math\castFP16.asm
                  jNotInf   0x001e04    program     static E:\3.46\pic18-lt\cxx-framework\src\traditional\math\castFP16.asm
                    jLoop   0x001e14    program     static E:\3.46\pic18-lt\cxx-framework\src\traditional\math\castFP16.asm
                jLoopExit   0x001e24    program     static E:\3.46\pic18-lt\cxx-framework\src\traditional\math\castFP16.asm
                    jExit   0x001e34    program     static E:\3.46\pic18-lt\cxx-framework\src\traditional\math\castFP16.asm
            __FpReturnNaN   0x001e36    program     extern E:\3.46\pic18-lt\cxx-framework\src\traditional\math\packFP.asm
                 __FpExit   0x001e42    program     extern E:\3.46\pic18-lt\cxx-framework\src\traditional\math\packFP.asm
        __FpReturnSignInf   0x001e44    program     extern E:\3.46\pic18-lt\cxx-framework\src\traditional\math\packFP.asm
         __FpReturnNegInf   0x001e48    program     extern E:\3.46\pic18-lt\cxx-framework\src\traditional\math\packFP.asm
         __FpReturnPosInf   0x001e4e    program     extern E:\3.46\pic18-lt\cxx-framework\src\traditional\math\packFP.asm
           jReturnPosInf0   0x001e52    program     static E:\3.46\pic18-lt\cxx-framework\src\traditional\math\packFP.asm
               jZero1and2   0x001e56    program     static E:\3.46\pic18-lt\cxx-framework\src\traditional\math\packFP.asm
       __FpReturnSignZero   0x001e5c    program     extern E:\3.46\pic18-lt\cxx-framework\src\traditional\math\packFP.asm
        __FpReturnNegZero   0x001e60    program     extern E:\3.46\pic18-lt\cxx-framework\src\traditional\math\packFP.asm
        __FpReturnPosZero   0x001e68    program     extern E:\3.46\pic18-lt\cxx-framework\src\traditional\math\packFP.asm
                 __FpPack   0x001e6e    program     extern E:\3.46\pic18-lt\cxx-framework\src\traditional\math\packFP.asm
                  jPkLoop   0x001e7c    program     static E:\3.46\pic18-lt\cxx-framework\src\traditional\math\packFP.asm
             jPkShiftDone   0x001e98    program     static E:\3.46\pic18-lt\cxx-framework\src\traditional\math\packFP.asm
               jPkRoundIt   0x001eae    program     static E:\3.46\pic18-lt\cxx-framework\src\traditional\math\packFP.asm
             jPkRoundDone   0x001ec6    program     static E:\3.46\pic18-lt\cxx-framework\src\traditional\math\packFP.asm
              __FpReturnW   0x001ec6    program     extern E:\3.46\pic18-lt\cxx-framework\src\traditional\math\packFP.asm
              __FpUnPackA   0x001ee6    program     extern E:\3.46\pic18-lt\cxx-framework\src\traditional\math\UnpackFP.asm
                  jUnpkA1   0x001ef0    program     static E:\3.46\pic18-lt\cxx-framework\src\traditional\math\UnpackFP.asm
                 jUnpkANZ   0x001efe    program     static E:\3.46\pic18-lt\cxx-framework\src\traditional\math\UnpackFP.asm
                  jUnpkA2   0x001f08    program     static E:\3.46\pic18-lt\cxx-framework\src\traditional\math\UnpackFP.asm
                 jUnpkNaN   0x001f12    program     static E:\3.46\pic18-lt\cxx-framework\src\traditional\math\UnpackFP.asm
              __FpUnPackB   0x001f16    program     extern E:\3.46\pic18-lt\cxx-framework\src\traditional\math\UnpackFP.asm
                  jUnpkB1   0x001f20    program     static E:\3.46\pic18-lt\cxx-framework\src\traditional\math\UnpackFP.asm
                 jUnpkBNZ   0x001f2e    program     static E:\3.46\pic18-lt\cxx-framework\src\traditional\math\UnpackFP.asm
                  jUnpkB2   0x001f38    program     static E:\3.46\pic18-lt\cxx-framework\src\traditional\math\UnpackFP.asm
               device_dsc   0x001f42    program     extern F:\prog\mplab_projects\PulseForNeuronCircuit\usb_descriptors.c
        configDescriptor1   0x001f54    program     extern F:\prog\mplab_projects\PulseForNeuronCircuit\usb_descriptors.c
                    sd000   0x001f97    program     extern F:\prog\mplab_projects\PulseForNeuronCircuit\usb_descriptors.c
                    sd001   0x001f9b    program     extern F:\prog\mplab_projects\PulseForNeuronCircuit\usb_descriptors.c
                    sd002   0x001fcf    program     extern F:\prog\mplab_projects\PulseForNeuronCircuit\usb_descriptors.c
               USB_CD_Ptr   0x001fe3    program     extern F:\prog\mplab_projects\PulseForNeuronCircuit\usb_descriptors.c
               USB_SD_Ptr   0x001fe5    program     extern F:\prog\mplab_projects\PulseForNeuronCircuit\usb_descriptors.c
                _do_cinit   0x001fec    program     extern E:\3.46\pic18-lt\cxx-framework\src\traditional\startup\c018i.c
                     test   0x002006    program     static                          
                copy_loop   0x00205e    program     static                          
            copy_one_byte   0x002064    program     static                          
             done_copying   0x002072    program     static                          
                     done   0x002088    program     static                          
       ___return_lbl00002   0x002088    program     static                          
                 FXD3232U   0x00208a    program     extern E:\3.46\pic18-lt\cxx-framework\src\traditional\math\fxd3232u.c
                     loop   0x002098    program     static                          
                   _false   0x0020cc    program     static                          
       ___return_lbl00000   0x0020d0    program     static                          
                   memset   0x0020d2    program     extern E:\3.46\pic18-lt\cxx-framework\src\traditional\stdclib\memset.asm
                    jLoop   0x0020e6    program     static E:\3.46\pic18-lt\cxx-framework\src\traditional\stdclib\memset.asm
              _2jContinue   0x0020f2    program     static E:\3.46\pic18-lt\cxx-framework\src\traditional\stdclib\memset.asm
                   _3jEnd   0x0020fc    program     static E:\3.46\pic18-lt\cxx-framework\src\traditional\stdclib\memset.asm
                     jEnd   0x002104    program     static E:\3.46\pic18-lt\cxx-framework\src\traditional\stdclib\memset.asm
            __zero_memory   0x002106    program     extern E:\3.46\pic18-lt\cxx-framework\src\traditional\proc\p18f2553.asm
               zero_block   0x002114    program     static E:\3.46\pic18-lt\cxx-framework\src\traditional\proc\p18f2553.asm
                   loop_h   0x002114    program     static E:\3.46\pic18-lt\cxx-framework\src\traditional\proc\p18f2553.asm
                compare_l   0x00211c    program     static E:\3.46\pic18-lt\cxx-framework\src\traditional\proc\p18f2553.asm
                   loop_l   0x00211e    program     static E:\3.46\pic18-lt\cxx-framework\src\traditional\proc\p18f2553.asm
                 _startup   0x002126    program     extern E:\3.46\pic18-lt\cxx-framework\src\traditional\startup\c018i.c
                     loop   0x002136    program     static                          
       ___return_lbl00001   0x002140    program     static                          
               __config_0   0x300000    program     static F:\prog\mplab_projects\PulseForNeuronCircuit\main_CDC_I2C.c
               __config_1   0x300001    program     static F:\prog\mplab_projects\PulseForNeuronCircuit\main_CDC_I2C.c
               __config_2   0x300002    program     static F:\prog\mplab_projects\PulseForNeuronCircuit\main_CDC_I2C.c
               __config_3   0x300003    program     static F:\prog\mplab_projects\PulseForNeuronCircuit\main_CDC_I2C.c
               __config_4   0x300005    program     static F:\prog\mplab_projects\PulseForNeuronCircuit\main_CDC_I2C.c
               __config_5   0x300006    program     static F:\prog\mplab_projects\PulseForNeuronCircuit\main_CDC_I2C.c
                  __REMB3   0x000000       data     extern E:\3.46\pic18-lt\cxx-framework\src\traditional\math\aarg.asm
                 __AARGB7   0x000000       data     extern E:\3.46\pic18-lt\cxx-framework\src\traditional\math\aarg.asm
                  __REMB2   0x000001       data     extern E:\3.46\pic18-lt\cxx-framework\src\traditional\math\aarg.asm
                 __AARGB6   0x000001       data     extern E:\3.46\pic18-lt\cxx-framework\src\traditional\math\aarg.asm
                  __REMB1   0x000002       data     extern E:\3.46\pic18-lt\cxx-framework\src\traditional\math\aarg.asm
                 __AARGB5   0x000002       data     extern E:\3.46\pic18-lt\cxx-framework\src\traditional\math\aarg.asm
[...]
                     LATC   0x000f8b       data     extern E:\3.46\pic18-lt\cxx-framework\src\traditional\proc\p18f2553.asm
                    TRISA   0x000f92       data     extern E:\3.46\pic18-lt\cxx-framework\src\traditional\proc\p18f2553.asm
                 DDRAbits   0x000f92       data     extern E:\3.46\pic18-lt\cxx-framework\src\traditional\proc\p18f2553.asm
                TRISAbits   0x000f92       data     extern E:\3.46\pic18-lt\cxx-framework\src\traditional\proc\p18f2553.asm
                     DDRA   0x000f92       data     extern E:\3.46\pic18-lt\cxx-framework\src\traditional\proc\p18f2553.asm
                    TRISB   0x000f93       data     extern E:\3.46\pic18-lt\cxx-framework\src\traditional\proc\p18f2553.asm
                TRISBbits   0x000f93       data     extern E:\3.46\pic18-lt\cxx-framework\src\traditional\proc\p18f2553.asm
                 DDRBbits   0x000f93       data     extern E:\3.46\pic18-lt\cxx-framework\src\traditional\proc\p18f2553.asm
                     DDRB   0x000f93       data     extern E:\3.46\pic18-lt\cxx-framework\src\traditional\proc\p18f2553.asm
                     DDRC   0x000f94       data     extern E:\3.46\pic18-lt\cxx-framework\src\traditional\proc\p18f2553.asm
                 DDRCbits   0x000f94       data     extern E:\3.46\pic18-lt\cxx-framework\src\traditional\proc\p18f2553.asm
                    TRISC   0x000f94       data     extern E:\3.46\pic18-lt\cxx-framework\src\traditional\proc\p18f2553.asm
                TRISCbits   0x000f94       data     extern E:\3.46\pic18-lt\cxx-framework\src\traditional\proc\p18f2553.asm
              OSCTUNEbits   0x000f9b       data     extern E:\3.46\pic18-lt\cxx-framework\src\traditional\proc\p18f2553.asm
                  OSCTUNE   0x000f9b       data     extern E:\3.46\pic18-lt\cxx-framework\src\traditional\proc\p18f2553.asm
                     PIE1   0x000f9d       data     extern E:\3.46\pic18-lt\cxx-framework\src\traditional\proc\p18f2553.asm
                 PIE1bits   0x000f9d       data     extern E:\3.46\pic18-lt\cxx-framework\src\traditional\proc\p18f2553.asm
                     PIR1   0x000f9e       data     extern E:\3.46\pic18-lt\cxx-framework\src\traditional\proc\p18f2553.asm
                 PIR1bits   0x000f9e       data     extern E:\3.46\pic18-lt\cxx-framework\src\traditional\proc\p18f2553.asm
                     IPR1   0x000f9f       data     extern E:\3.46\pic18-lt\cxx-framework\src\traditional\proc\p18f2553.asm
                 IPR1bits   0x000f9f       data     extern E:\3.46\pic18-lt\cxx-framework\src\traditional\proc\p18f2553.asm
                 PIE2bits   0x000fa0       data     extern E:\3.46\pic18-lt\cxx-framework\src\traditional\proc\p18f2553.asm
                     PIE2   0x000fa0       data     extern E:\3.46\pic18-lt\cxx-framework\src\traditional\proc\p18f2553.asm
                     PIR2   0x000fa1       data     extern E:\3.46\pic18-lt\cxx-framework\src\traditional\proc\p18f2553.asm
                 PIR2bits   0x000fa1       data     extern E:\3.46\pic18-lt\cxx-framework\src\traditional\proc\p18f2553.asm
                 IPR2bits   0x000fa2       data     extern E:\3.46\pic18-lt\cxx-framework\src\traditional\proc\p18f2553.asm
                     IPR2   0x000fa2       data     extern E:\3.46\pic18-lt\cxx-framework\src\traditional\proc\p18f2553.asm
               EECON1bits   0x000fa6       data     extern E:\3.46\pic18-lt\cxx-framework\src\traditional\proc\p18f2553.asm
                   EECON1   0x000fa6       data     extern E:\3.46\pic18-lt\cxx-framework\src\traditional\proc\p18f2553.asm
                   EECON2   0x000fa7       data     extern E:\3.46\pic18-lt\cxx-framework\src\traditional\proc\p18f2553.asm
                   EEDATA   0x000fa8       data     extern E:\3.46\pic18-lt\cxx-framework\src\traditional\proc\p18f2553.asm
                    EEADR   0x000fa9       data     extern E:\3.46\pic18-lt\cxx-framework\src\traditional\proc\p18f2553.asm
                    RCSTA   0x000fab       data     extern E:\3.46\pic18-lt\cxx-framework\src\traditional\proc\p18f2553.asm
                RCSTAbits   0x000fab       data     extern E:\3.46\pic18-lt\cxx-framework\src\traditional\proc\p18f2553.asm
                    TXSTA   0x000fac       data     extern E:\3.46\pic18-lt\cxx-framework\src\traditional\proc\p18f2553.asm
                TXSTAbits   0x000fac       data     extern E:\3.46\pic18-lt\cxx-framework\src\traditional\proc\p18f2553.asm
                    TXREG   0x000fad       data     extern E:\3.46\pic18-lt\cxx-framework\src\traditional\proc\p18f2553.asm
                    RCREG   0x000fae       data     extern E:\3.46\pic18-lt\cxx-framework\src\traditional\proc\p18f2553.asm
                    SPBRG   0x000faf       data     extern E:\3.46\pic18-lt\cxx-framework\src\traditional\proc\p18f2553.asm
                   SPBRGH   0x000fb0       data     extern E:\3.46\pic18-lt\cxx-framework\src\traditional\proc\p18f2553.asm
                T3CONbits   0x000fb1       data     extern E:\3.46\pic18-lt\cxx-framework\src\traditional\proc\p18f2553.asm
                    T3CON   0x000fb1       data     extern E:\3.46\pic18-lt\cxx-framework\src\traditional\proc\p18f2553.asm
                    TMR3L   0x000fb2       data     extern E:\3.46\pic18-lt\cxx-framework\src\traditional\proc\p18f2553.asm
                    TMR3H   0x000fb3       data     extern E:\3.46\pic18-lt\cxx-framework\src\traditional\proc\p18f2553.asm
                    CMCON   0x000fb4       data     extern E:\3.46\pic18-lt\cxx-framework\src\traditional\proc\p18f2553.asm
                CMCONbits   0x000fb4       data     extern E:\3.46\pic18-lt\cxx-framework\src\traditional\proc\p18f2553.asm
                   CVRCON   0x000fb5       data     extern E:\3.46\pic18-lt\cxx-framework\src\traditional\proc\p18f2553.asm
               CVRCONbits   0x000fb5       data     extern E:\3.46\pic18-lt\cxx-framework\src\traditional\proc\p18f2553.asm
              ECCP1ASbits   0x000fb6       data     extern E:\3.46\pic18-lt\cxx-framework\src\traditional\proc\p18f2553.asm
                   CCP1AS   0x000fb6       data     extern E:\3.46\pic18-lt\cxx-framework\src\traditional\proc\p18f2553.asm
               CCP1ASbits   0x000fb6       data     extern E:\3.46\pic18-lt\cxx-framework\src\traditional\proc\p18f2553.asm
                  ECCP1AS   0x000fb6       data     extern E:\3.46\pic18-lt\cxx-framework\src\traditional\proc\p18f2553.asm
                  CCP1DEL   0x000fb7       data     extern E:\3.46\pic18-lt\cxx-framework\src\traditional\proc\p18f2553.asm
              CCP1DELbits   0x000fb7       data     extern E:\3.46\pic18-lt\cxx-framework\src\traditional\proc\p18f2553.asm
                 ECCP1DEL   0x000fb7       data     extern E:\3.46\pic18-lt\cxx-framework\src\traditional\proc\p18f2553.asm
             ECCP1DELbits   0x000fb7       data     extern E:\3.46\pic18-lt\cxx-framework\src\traditional\proc\p18f2553.asm
              BAUDCTLbits   0x000fb8       data     extern E:\3.46\pic18-lt\cxx-framework\src\traditional\proc\p18f2553.asm
                  BAUDCTL   0x000fb8       data     extern E:\3.46\pic18-lt\cxx-framework\src\traditional\proc\p18f2553.asm
              BAUDCONbits   0x000fb8       data     extern E:\3.46\pic18-lt\cxx-framework\src\traditional\proc\p18f2553.asm
                  BAUDCON   0x000fb8       data     extern E:\3.46\pic18-lt\cxx-framework\src\traditional\proc\p18f2553.asm
                  CCP2CON   0x000fba       data     extern E:\3.46\pic18-lt\cxx-framework\src\traditional\proc\p18f2553.asm
              CCP2CONbits   0x000fba       data     extern E:\3.46\pic18-lt\cxx-framework\src\traditional\proc\p18f2553.asm
                   CCPR2L   0x000fbb       data     extern E:\3.46\pic18-lt\cxx-framework\src\traditional\proc\p18f2553.asm
                    CCPR2   0x000fbb       data     extern E:\3.46\pic18-lt\cxx-framework\src\traditional\proc\p18f2553.asm
                   CCPR2H   0x000fbc       data     extern E:\3.46\pic18-lt\cxx-framework\src\traditional\proc\p18f2553.asm
              CCP1CONbits   0x000fbd       data     extern E:\3.46\pic18-lt\cxx-framework\src\traditional\proc\p18f2553.asm
                  CCP1CON   0x000fbd       data     extern E:\3.46\pic18-lt\cxx-framework\src\traditional\proc\p18f2553.asm
                    CCPR1   0x000fbe       data     extern E:\3.46\pic18-lt\cxx-framework\src\traditional\proc\p18f2553.asm
                   CCPR1L   0x000fbe       data     extern E:\3.46\pic18-lt\cxx-framework\src\traditional\proc\p18f2553.asm
                   CCPR1H   0x000fbf       data     extern E:\3.46\pic18-lt\cxx-framework\src\traditional\proc\p18f2553.asm
                   ADCON2   0x000fc0       data     extern E:\3.46\pic18-lt\cxx-framework\src\traditional\proc\p18f2553.asm
               ADCON2bits   0x000fc0       data     extern E:\3.46\pic18-lt\cxx-framework\src\traditional\proc\p18f2553.asm
               ADCON1bits   0x000fc1       data     extern E:\3.46\pic18-lt\cxx-framework\src\traditional\proc\p18f2553.asm
                   ADCON1   0x000fc1       data     extern E:\3.46\pic18-lt\cxx-framework\src\traditional\proc\p18f2553.asm
                   ADCON0   0x000fc2       data     extern E:\3.46\pic18-lt\cxx-framework\src\traditional\proc\p18f2553.asm
               ADCON0bits   0x000fc2       data     extern E:\3.46\pic18-lt\cxx-framework\src\traditional\proc\p18f2553.asm
                    ADRES   0x000fc3       data     extern E:\3.46\pic18-lt\cxx-framework\src\traditional\proc\p18f2553.asm
                   ADRESL   0x000fc3       data     extern E:\3.46\pic18-lt\cxx-framework\src\traditional\proc\p18f2553.asm
                   ADRESH   0x000fc4       data     extern E:\3.46\pic18-lt\cxx-framework\src\traditional\proc\p18f2553.asm
                  SSPCON2   0x000fc5       data     extern E:\3.46\pic18-lt\cxx-framework\src\traditional\proc\p18f2553.asm
              SSPCON2bits   0x000fc5       data     extern E:\3.46\pic18-lt\cxx-framework\src\traditional\proc\p18f2553.asm
                  SSPCON1   0x000fc6       data     extern E:\3.46\pic18-lt\cxx-framework\src\traditional\proc\p18f2553.asm
              SSPCON1bits   0x000fc6       data     extern E:\3.46\pic18-lt\cxx-framework\src\traditional\proc\p18f2553.asm
                  SSPSTAT   0x000fc7       data     extern E:\3.46\pic18-lt\cxx-framework\src\traditional\proc\p18f2553.asm
              SSPSTATbits   0x000fc7       data     extern E:\3.46\pic18-lt\cxx-framework\src\traditional\proc\p18f2553.asm
                   SSPADD   0x000fc8       data     extern E:\3.46\pic18-lt\cxx-framework\src\traditional\proc\p18f2553.asm
                   SSPBUF   0x000fc9       data     extern E:\3.46\pic18-lt\cxx-framework\src\traditional\proc\p18f2553.asm
                    T2CON   0x000fca       data     extern E:\3.46\pic18-lt\cxx-framework\src\traditional\proc\p18f2553.asm
                T2CONbits   0x000fca       data     extern E:\3.46\pic18-lt\cxx-framework\src\traditional\proc\p18f2553.asm
                      PR2   0x000fcb       data     extern E:\3.46\pic18-lt\cxx-framework\src\traditional\proc\p18f2553.asm
                     TMR2   0x000fcc       data     extern E:\3.46\pic18-lt\cxx-framework\src\traditional\proc\p18f2553.asm
                T1CONbits   0x000fcd       data     extern E:\3.46\pic18-lt\cxx-framework\src\traditional\proc\p18f2553.asm
                    T1CON   0x000fcd       data     extern E:\3.46\pic18-lt\cxx-framework\src\traditional\proc\p18f2553.asm
                    TMR1L   0x000fce       data     extern E:\3.46\pic18-lt\cxx-framework\src\traditional\proc\p18f2553.asm
                    TMR1H   0x000fcf       data     extern E:\3.46\pic18-lt\cxx-framework\src\traditional\proc\p18f2553.asm
                     RCON   0x000fd0       data     extern E:\3.46\pic18-lt\cxx-framework\src\traditional\proc\p18f2553.asm
                 RCONbits   0x000fd0       data     extern E:\3.46\pic18-lt\cxx-framework\src\traditional\proc\p18f2553.asm
                   WDTCON   0x000fd1       data     extern E:\3.46\pic18-lt\cxx-framework\src\traditional\proc\p18f2553.asm
               WDTCONbits   0x000fd1       data     extern E:\3.46\pic18-lt\cxx-framework\src\traditional\proc\p18f2553.asm
                  HLVDCON   0x000fd2       data     extern E:\3.46\pic18-lt\cxx-framework\src\traditional\proc\p18f2553.asm
              HLVDCONbits   0x000fd2       data     extern E:\3.46\pic18-lt\cxx-framework\src\traditional\proc\p18f2553.asm
                   LVDCON   0x000fd2       data     extern E:\3.46\pic18-lt\cxx-framework\src\traditional\proc\p18f2553.asm
               LVDCONbits   0x000fd2       data     extern E:\3.46\pic18-lt\cxx-framework\src\traditional\proc\p18f2553.asm
                   OSCCON   0x000fd3       data     extern E:\3.46\pic18-lt\cxx-framework\src\traditional\proc\p18f2553.asm
               OSCCONbits   0x000fd3       data     extern E:\3.46\pic18-lt\cxx-framework\src\traditional\proc\p18f2553.asm
                T0CONbits   0x000fd5       data     extern E:\3.46\pic18-lt\cxx-framework\src\traditional\proc\p18f2553.asm
                    T0CON   0x000fd5       data     extern E:\3.46\pic18-lt\cxx-framework\src\traditional\proc\p18f2553.asm
                    TMR0L   0x000fd6       data     extern E:\3.46\pic18-lt\cxx-framework\src\traditional\proc\p18f2553.asm
                    TMR0H   0x000fd7       data     extern E:\3.46\pic18-lt\cxx-framework\src\traditional\proc\p18f2553.asm
                   STATUS   0x000fd8       data     extern E:\3.46\pic18-lt\cxx-framework\src\traditional\proc\p18f2553.asm
               STATUSbits   0x000fd8       data     extern E:\3.46\pic18-lt\cxx-framework\src\traditional\proc\p18f2553.asm
                    FSR2L   0x000fd9       data     extern E:\3.46\pic18-lt\cxx-framework\src\traditional\proc\p18f2553.asm
                     FSR2   0x000fd9       data     extern E:\3.46\pic18-lt\cxx-framework\src\traditional\proc\p18f2553.asm
                    FSR2H   0x000fda       data     extern E:\3.46\pic18-lt\cxx-framework\src\traditional\proc\p18f2553.asm
                   PLUSW2   0x000fdb       data     extern E:\3.46\pic18-lt\cxx-framework\src\traditional\proc\p18f2553.asm
                  PREINC2   0x000fdc       data     extern E:\3.46\pic18-lt\cxx-framework\src\traditional\proc\p18f2553.asm
                 POSTDEC2   0x000fdd       data     extern E:\3.46\pic18-lt\cxx-framework\src\traditional\proc\p18f2553.asm
                 POSTINC2   0x000fde       data     extern E:\3.46\pic18-lt\cxx-framework\src\traditional\proc\p18f2553.asm
                    INDF2   0x000fdf       data     extern E:\3.46\pic18-lt\cxx-framework\src\traditional\proc\p18f2553.asm
                      BSR   0x000fe0       data     extern E:\3.46\pic18-lt\cxx-framework\src\traditional\proc\p18f2553.asm
                     FSR1   0x000fe1       data     extern E:\3.46\pic18-lt\cxx-framework\src\traditional\proc\p18f2553.asm
                    FSR1L   0x000fe1       data     extern E:\3.46\pic18-lt\cxx-framework\src\traditional\proc\p18f2553.asm
                    FSR1H   0x000fe2       data     extern E:\3.46\pic18-lt\cxx-framework\src\traditional\proc\p18f2553.asm
                   PLUSW1   0x000fe3       data     extern E:\3.46\pic18-lt\cxx-framework\src\traditional\proc\p18f2553.asm
                  PREINC1   0x000fe4       data     extern E:\3.46\pic18-lt\cxx-framework\src\traditional\proc\p18f2553.asm
                 POSTDEC1   0x000fe5       data     extern E:\3.46\pic18-lt\cxx-framework\src\traditional\proc\p18f2553.asm
                 POSTINC1   0x000fe6       data     extern E:\3.46\pic18-lt\cxx-framework\src\traditional\proc\p18f2553.asm
                    INDF1   0x000fe7       data     extern E:\3.46\pic18-lt\cxx-framework\src\traditional\proc\p18f2553.asm
                     WREG   0x000fe8       data     extern E:\3.46\pic18-lt\cxx-framework\src\traditional\proc\p18f2553.asm
                     FSR0   0x000fe9       data     extern E:\3.46\pic18-lt\cxx-framework\src\traditional\proc\p18f2553.asm
                    FSR0L   0x000fe9       data     extern E:\3.46\pic18-lt\cxx-framework\src\traditional\proc\p18f2553.asm
                    FSR0H   0x000fea       data     extern E:\3.46\pic18-lt\cxx-framework\src\traditional\proc\p18f2553.asm
                   PLUSW0   0x000feb       data     extern E:\3.46\pic18-lt\cxx-framework\src\traditional\proc\p18f2553.asm
                  PREINC0   0x000fec       data     extern E:\3.46\pic18-lt\cxx-framework\src\traditional\proc\p18f2553.asm
                 POSTDEC0   0x000fed       data     extern E:\3.46\pic18-lt\cxx-framework\src\traditional\proc\p18f2553.asm
                 POSTINC0   0x000fee       data     extern E:\3.46\pic18-lt\cxx-framework\src\traditional\proc\p18f2553.asm
                    INDF0   0x000fef       data     extern E:\3.46\pic18-lt\cxx-framework\src\traditional\proc\p18f2553.asm
              INTCON3bits   0x000ff0       data     extern E:\3.46\pic18-lt\cxx-framework\src\traditional\proc\p18f2553.asm
                  INTCON3   0x000ff0       data     extern E:\3.46\pic18-lt\cxx-framework\src\traditional\proc\p18f2553.asm
              INTCON2bits   0x000ff1       data     extern E:\3.46\pic18-lt\cxx-framework\src\traditional\proc\p18f2553.asm
                  INTCON2   0x000ff1       data     extern E:\3.46\pic18-lt\cxx-framework\src\traditional\proc\p18f2553.asm
               INTCONbits   0x000ff2       data     extern E:\3.46\pic18-lt\cxx-framework\src\traditional\proc\p18f2553.asm
                   INTCON   0x000ff2       data     extern E:\3.46\pic18-lt\cxx-framework\src\traditional\proc\p18f2553.asm
                    PRODL   0x000ff3       data     extern E:\3.46\pic18-lt\cxx-framework\src\traditional\proc\p18f2553.asm
                     PROD   0x000ff3       data     extern E:\3.46\pic18-lt\cxx-framework\src\traditional\proc\p18f2553.asm
                    PRODH   0x000ff4       data     extern E:\3.46\pic18-lt\cxx-framework\src\traditional\proc\p18f2553.asm
                   TABLAT   0x000ff5       data     extern E:\3.46\pic18-lt\cxx-framework\src\traditional\proc\p18f2553.asm
                  TBLPTRL   0x000ff6       data     extern E:\3.46\pic18-lt\cxx-framework\src\traditional\proc\p18f2553.asm
                   TBLPTR   0x000ff6       data     extern E:\3.46\pic18-lt\cxx-framework\src\traditional\proc\p18f2553.asm
                  TBLPTRH   0x000ff7       data     extern E:\3.46\pic18-lt\cxx-framework\src\traditional\proc\p18f2553.asm
                  TBLPTRU   0x000ff8       data     extern E:\3.46\pic18-lt\cxx-framework\src\traditional\proc\p18f2553.asm
                       PC   0x000ff9       data     extern E:\3.46\pic18-lt\cxx-framework\src\traditional\proc\p18f2553.asm
                      PCL   0x000ff9       data     extern E:\3.46\pic18-lt\cxx-framework\src\traditional\proc\p18f2553.asm
                   PCLATH   0x000ffa       data     extern E:\3.46\pic18-lt\cxx-framework\src\traditional\proc\p18f2553.asm
                   PCLATU   0x000ffb       data     extern E:\3.46\pic18-lt\cxx-framework\src\traditional\proc\p18f2553.asm
                   STKPTR   0x000ffc       data     extern E:\3.46\pic18-lt\cxx-framework\src\traditional\proc\p18f2553.asm
               STKPTRbits   0x000ffc       data     extern E:\3.46\pic18-lt\cxx-framework\src\traditional\proc\p18f2553.asm
                      TOS   0x000ffd       data     extern E:\3.46\pic18-lt\cxx-framework\src\traditional\proc\p18f2553.asm
                     TOSL   0x000ffd       data     extern E:\3.46\pic18-lt\cxx-framework\src\traditional\proc\p18f2553.asm
                     TOSH   0x000ffe       data     extern E:\3.46\pic18-lt\cxx-framework\src\traditional\proc\p18f2553.asm
                     TOSU   0x000fff       data     extern E:\3.46\pic18-lt\cxx-framework\src\traditional\proc\p18f2553.asm


